Component: ARM Compiler 5.06 update 7 (build 960) Tool: armlink [4d3601]

==============================================================================

Section Cross References

    startup_stm32f40xx.o(RESET) refers to startup_stm32f40xx.o(STACK) for __initial_sp
    startup_stm32f40xx.o(RESET) refers to startup_stm32f40xx.o(.text) for Reset_Handler
    startup_stm32f40xx.o(RESET) refers to stm32f4xx_it.o(i.NMI_Handler) for NMI_Handler
    startup_stm32f40xx.o(RESET) refers to stm32f4xx_it.o(i.HardFault_Handler) for HardFault_Handler
    startup_stm32f40xx.o(RESET) refers to stm32f4xx_it.o(i.MemManage_Handler) for MemManage_Handler
    startup_stm32f40xx.o(RESET) refers to stm32f4xx_it.o(i.BusFault_Handler) for BusFault_Handler
    startup_stm32f40xx.o(RESET) refers to stm32f4xx_it.o(i.UsageFault_Handler) for UsageFault_Handler
    startup_stm32f40xx.o(RESET) refers to stm32f4xx_it.o(i.SVC_Handler) for SVC_Handler
    startup_stm32f40xx.o(RESET) refers to stm32f4xx_it.o(i.DebugMon_Handler) for DebugMon_Handler
    startup_stm32f40xx.o(RESET) refers to stm32f4xx_it.o(i.PendSV_Handler) for PendSV_Handler
    startup_stm32f40xx.o(RESET) refers to stm32f4xx_it.o(i.SysTick_Handler) for SysTick_Handler
    startup_stm32f40xx.o(RESET) refers to bsp_wm8978.o(i.DMA1_Stream3_IRQHandler) for DMA1_Stream3_IRQHandler
    startup_stm32f40xx.o(RESET) refers to bsp_wm8978.o(i.DMA1_Stream4_IRQHandler) for DMA1_Stream4_IRQHandler
    startup_stm32f40xx.o(RESET) refers to bsp_sdio_sd.o(i.SDIO_IRQHandler) for SDIO_IRQHandler
    startup_stm32f40xx.o(RESET) refers to bsp_sdio_sd.o(i.DMA2_Stream3_IRQHandler) for DMA2_Stream3_IRQHandler
    startup_stm32f40xx.o(.text) refers to system_stm32f4xx.o(i.SystemInit) for SystemInit
    startup_stm32f40xx.o(.text) refers to entry.o(.ARM.Collect$$$$00000000) for __main
    system_stm32f4xx.o(i.SystemCoreClockUpdate) refers to system_stm32f4xx.o(.data) for SystemCoreClock
    system_stm32f4xx.o(i.SystemInit) refers to system_stm32f4xx.o(i.SetSysClock) for SetSysClock
    stm32f4xx_adc.o(i.ADC_DeInit) refers to stm32f4xx_rcc.o(i.RCC_APB2PeriphResetCmd) for RCC_APB2PeriphResetCmd
    stm32f4xx_can.o(i.CAN_DeInit) refers to stm32f4xx_rcc.o(i.RCC_APB1PeriphResetCmd) for RCC_APB1PeriphResetCmd
    stm32f4xx_can.o(i.CAN_GetITStatus) refers to stm32f4xx_can.o(i.CheckITStatus) for CheckITStatus
    stm32f4xx_cryp.o(i.CRYP_DeInit) refers to stm32f4xx_rcc.o(i.RCC_AHB2PeriphResetCmd) for RCC_AHB2PeriphResetCmd
    stm32f4xx_cryp_aes.o(i.CRYP_AES_CBC) refers to stm32f4xx_cryp.o(i.CRYP_KeyStructInit) for CRYP_KeyStructInit
    stm32f4xx_cryp_aes.o(i.CRYP_AES_CBC) refers to stm32f4xx_cryp.o(i.CRYP_FIFOFlush) for CRYP_FIFOFlush
    stm32f4xx_cryp_aes.o(i.CRYP_AES_CBC) refers to stm32f4xx_cryp.o(i.CRYP_Init) for CRYP_Init
    stm32f4xx_cryp_aes.o(i.CRYP_AES_CBC) refers to stm32f4xx_cryp.o(i.CRYP_KeyInit) for CRYP_KeyInit
    stm32f4xx_cryp_aes.o(i.CRYP_AES_CBC) refers to stm32f4xx_cryp.o(i.CRYP_Cmd) for CRYP_Cmd
    stm32f4xx_cryp_aes.o(i.CRYP_AES_CBC) refers to stm32f4xx_cryp.o(i.CRYP_GetFlagStatus) for CRYP_GetFlagStatus
    stm32f4xx_cryp_aes.o(i.CRYP_AES_CBC) refers to stm32f4xx_cryp.o(i.CRYP_IVInit) for CRYP_IVInit
    stm32f4xx_cryp_aes.o(i.CRYP_AES_CBC) refers to stm32f4xx_cryp.o(i.CRYP_GetCmdStatus) for CRYP_GetCmdStatus
    stm32f4xx_cryp_aes.o(i.CRYP_AES_CBC) refers to stm32f4xx_cryp.o(i.CRYP_DataIn) for CRYP_DataIn
    stm32f4xx_cryp_aes.o(i.CRYP_AES_CBC) refers to stm32f4xx_cryp.o(i.CRYP_DataOut) for CRYP_DataOut
    stm32f4xx_cryp_aes.o(i.CRYP_AES_CCM) refers to stm32f4xx_cryp.o(i.CRYP_KeyStructInit) for CRYP_KeyStructInit
    stm32f4xx_cryp_aes.o(i.CRYP_AES_CCM) refers to stm32f4xx_cryp.o(i.CRYP_FIFOFlush) for CRYP_FIFOFlush
    stm32f4xx_cryp_aes.o(i.CRYP_AES_CCM) refers to stm32f4xx_cryp.o(i.CRYP_KeyInit) for CRYP_KeyInit
    stm32f4xx_cryp_aes.o(i.CRYP_AES_CCM) refers to stm32f4xx_cryp.o(i.CRYP_IVInit) for CRYP_IVInit
    stm32f4xx_cryp_aes.o(i.CRYP_AES_CCM) refers to stm32f4xx_cryp.o(i.CRYP_Init) for CRYP_Init
    stm32f4xx_cryp_aes.o(i.CRYP_AES_CCM) refers to stm32f4xx_cryp.o(i.CRYP_PhaseConfig) for CRYP_PhaseConfig
    stm32f4xx_cryp_aes.o(i.CRYP_AES_CCM) refers to stm32f4xx_cryp.o(i.CRYP_DataIn) for CRYP_DataIn
    stm32f4xx_cryp_aes.o(i.CRYP_AES_CCM) refers to stm32f4xx_cryp.o(i.CRYP_Cmd) for CRYP_Cmd
    stm32f4xx_cryp_aes.o(i.CRYP_AES_CCM) refers to stm32f4xx_cryp.o(i.CRYP_GetCmdStatus) for CRYP_GetCmdStatus
    stm32f4xx_cryp_aes.o(i.CRYP_AES_CCM) refers to stm32f4xx_cryp.o(i.CRYP_GetFlagStatus) for CRYP_GetFlagStatus
    stm32f4xx_cryp_aes.o(i.CRYP_AES_CCM) refers to stm32f4xx_cryp.o(i.CRYP_DataOut) for CRYP_DataOut
    stm32f4xx_cryp_aes.o(i.CRYP_AES_CTR) refers to stm32f4xx_cryp.o(i.CRYP_KeyStructInit) for CRYP_KeyStructInit
    stm32f4xx_cryp_aes.o(i.CRYP_AES_CTR) refers to stm32f4xx_cryp.o(i.CRYP_KeyInit) for CRYP_KeyInit
    stm32f4xx_cryp_aes.o(i.CRYP_AES_CTR) refers to stm32f4xx_cryp.o(i.CRYP_Init) for CRYP_Init
[...]
    i.SDIO_GetPowerState                     0x08003560   Section        0  stm32f4xx_sdio.o(i.SDIO_GetPowerState)
    i.SDIO_GetResponse                       0x08003570   Section        0  stm32f4xx_sdio.o(i.SDIO_GetResponse)
    i.SDIO_IRQHandler                        0x08003588   Section        0  bsp_sdio_sd.o(i.SDIO_IRQHandler)
    i.SDIO_ITConfig                          0x08003590   Section        0  stm32f4xx_sdio.o(i.SDIO_ITConfig)
    i.SDIO_Init                              0x080035b0   Section        0  stm32f4xx_sdio.o(i.SDIO_Init)
    i.SDIO_ReadData                          0x080035e0   Section        0  stm32f4xx_sdio.o(i.SDIO_ReadData)
    i.SDIO_SendCommand                       0x080035ec   Section        0  stm32f4xx_sdio.o(i.SDIO_SendCommand)
    i.SDIO_SetPowerState                     0x08003618   Section        0  stm32f4xx_sdio.o(i.SDIO_SetPowerState)
    i.SD_Detect                              0x08003624   Section        0  bsp_sdio_sd.o(i.SD_Detect)
    i.SD_EnableWideBusOperation              0x08003630   Section        0  bsp_sdio_sd.o(i.SD_EnableWideBusOperation)
    i.SD_GetCardInfo                         0x080036c0   Section        0  bsp_sdio_sd.o(i.SD_GetCardInfo)
    i.SD_GetState                            0x080039dc   Section        0  bsp_sdio_sd.o(i.SD_GetState)
    i.SD_GetStatus                           0x08003a02   Section        0  bsp_sdio_sd.o(i.SD_GetStatus)
    i.SD_Init                                0x08003a20   Section        0  bsp_sdio_sd.o(i.SD_Init)
    i.SD_InitializeCards                     0x08003ae0   Section        0  bsp_sdio_sd.o(i.SD_InitializeCards)
    i.SD_LowLevel_DMA_RxConfig               0x08003c1c   Section        0  bsp_sdio_sd.o(i.SD_LowLevel_DMA_RxConfig)
    i.SD_LowLevel_DMA_TxConfig               0x08003cac   Section        0  bsp_sdio_sd.o(i.SD_LowLevel_DMA_TxConfig)
    i.SD_LowLevel_Init                       0x08003d3c   Section        0  bsp_sdio_sd.o(i.SD_LowLevel_Init)
    i.SD_PowerON                             0x08003de0   Section        0  bsp_sdio_sd.o(i.SD_PowerON)
    i.SD_ProcessDMAIRQ                       0x08003f80   Section        0  bsp_sdio_sd.o(i.SD_ProcessDMAIRQ)
    i.SD_ProcessIRQSrc                       0x08003fa8   Section        0  bsp_sdio_sd.o(i.SD_ProcessIRQSrc)
    i.SD_ReadMultiBlocks                     0x08004054   Section        0  bsp_sdio_sd.o(i.SD_ReadMultiBlocks)
    i.SD_SelectDeselect                      0x0800414c   Section        0  bsp_sdio_sd.o(i.SD_SelectDeselect)
    i.SD_SendStatus                          0x08004184   Section        0  bsp_sdio_sd.o(i.SD_SendStatus)
    i.SD_StopTransfer                        0x080041d8   Section        0  bsp_sdio_sd.o(i.SD_StopTransfer)
    i.SD_WaitReadOperation                   0x0800420c   Section        0  bsp_sdio_sd.o(i.SD_WaitReadOperation)
    i.SD_WaitWriteOperation                  0x0800428c   Section        0  bsp_sdio_sd.o(i.SD_WaitWriteOperation)
    i.SD_WriteMultiBlocks                    0x0800430c   Section        0  bsp_sdio_sd.o(i.SD_WriteMultiBlocks)
    i.SPI_I2S_DMACmd                         0x08004464   Section        0  stm32f4xx_spi.o(i.SPI_I2S_DMACmd)
    i.SPI_I2S_DeInit                         0x08004478   Section        0  stm32f4xx_spi.o(i.SPI_I2S_DeInit)
    i.SVC_Handler                            0x08004528   Section        0  stm32f4xx_it.o(i.SVC_Handler)
    i.SetSysClock                            0x0800452c   Section        0  system_stm32f4xx.o(i.SetSysClock)
    SetSysClock                              0x0800452d   Thumb Code   220  system_stm32f4xx.o(i.SetSysClock)
    i.SysTick_Handler                        0x08004618   Section        0  stm32f4xx_it.o(i.SysTick_Handler)
    i.SysTick_Init                           0x08004620   Section        0  bsp_systick.o(i.SysTick_Init)
    i.SystemInit                             0x08004688   Section        0  system_stm32f4xx.o(i.SystemInit)
    i.TimingDelay_Decrement                  0x080046f0   Section        0  bsp_systick.o(i.TimingDelay_Decrement)
    i.USART_Cmd                              0x08004708   Section        0  stm32f4xx_usart.o(i.USART_Cmd)
    i.USART_GetFlagStatus                    0x08004720   Section        0  stm32f4xx_usart.o(i.USART_GetFlagStatus)
    i.USART_Init                             0x0800473c   Section        0  stm32f4xx_usart.o(i.USART_Init)
    i.USART_SendData                         0x08004810   Section        0  stm32f4xx_usart.o(i.USART_SendData)
    i.UnpackSFMPEG1                          0x08004818   Section        0  scalfact.o(i.UnpackSFMPEG1)
    UnpackSFMPEG1                            0x08004819   Thumb Code   444  scalfact.o(i.UnpackSFMPEG1)
    i.UnpackSFMPEG2                          0x080049d8   Section        0  scalfact.o(i.UnpackSFMPEG2)
    UnpackSFMPEG2                            0x080049d9   Thumb Code   710  scalfact.o(i.UnpackSFMPEG2)
    i.UsageFault_Handler                     0x08004ca4   Section        0  stm32f4xx_it.o(i.UsageFault_Handler)
    i.WM8978_I2C_TIMEOUT_UserCallback        0x08004ca8   Section        0  bsp_wm8978.o(i.WM8978_I2C_TIMEOUT_UserCallback)
    WM8978_I2C_TIMEOUT_UserCallback          0x08004ca9   Thumb Code    12  bsp_wm8978.o(i.WM8978_I2C_TIMEOUT_UserCallback)
    i.WM8978_I2C_WriteRegister               0x08004cc8   Section        0  bsp_wm8978.o(i.WM8978_I2C_WriteRegister)
    WM8978_I2C_WriteRegister                 0x08004cc9   Thumb Code   224  bsp_wm8978.o(i.WM8978_I2C_WriteRegister)
    i.WinPrevious                            0x08004dbc   Section        0  imdct.o(i.WinPrevious)
    WinPrevious                              0x08004dbd   Thumb Code   336  imdct.o(i.WinPrevious)
    i.__0printf$3                            0x08004f10   Section        0  printf3.o(i.__0printf$3)
    i.__scatterload_copy                     0x08004f30   Section       14  handlers.o(i.__scatterload_copy)
    i.__scatterload_null                     0x08004f3e   Section        2  handlers.o(i.__scatterload_null)
    i.__scatterload_zeroinit                 0x08004f40   Section       14  handlers.o(i.__scatterload_zeroinit)
    i._printf_core                           0x08004f50   Section        0  printf3.o(i._printf_core)
    _printf_core                             0x08004f51   Thumb Code   436  printf3.o(i._printf_core)
    i.check_fs                               0x08005108   Section        0  ff.o(i.check_fs)
    check_fs                                 0x08005109   Thumb Code   140  ff.o(i.check_fs)
    i.chk_chr                                0x08005198   Section        0  ff.o(i.chk_chr)
    chk_chr                                  0x08005199   Thumb Code    20  ff.o(i.chk_chr)
    i.clust2sect                             0x080051ac   Section        0  ff.o(i.clust2sect)
    i.cmp_lfn                                0x080051c8   Section        0  ff.o(i.cmp_lfn)
    cmp_lfn                                  0x080051c9   Thumb Code   154  ff.o(i.cmp_lfn)
    i.create_chain                           0x08005268   Section        0  ff.o(i.create_chain)
    create_chain                             0x08005269   Thumb Code   214  ff.o(i.create_chain)
    i.create_name                            0x08005340   Section        0  ff.o(i.create_name)
    create_name                              0x08005341   Thumb Code   604  ff.o(i.create_name)
    i.dir_alloc                              0x080055b0   Section        0  ff.o(i.dir_alloc)
    dir_alloc                                0x080055b1   Thumb Code    92  ff.o(i.dir_alloc)
    i.dir_find                               0x0800560c   Section        0  ff.o(i.dir_find)
    dir_find                                 0x0800560d   Thumb Code   234  ff.o(i.dir_find)
    i.dir_next                               0x080056f6   Section        0  ff.o(i.dir_next)
    dir_next                                 0x080056f7   Thumb Code   314  ff.o(i.dir_next)
    i.dir_register                           0x08005830   Section        0  ff.o(i.dir_register)
    dir_register                             0x08005831   Thumb Code   298  ff.o(i.dir_register)
    i.dir_sdi                                0x0800595a   Section        0  ff.o(i.dir_sdi)
    dir_sdi                                  0x0800595b   Thumb Code   200  ff.o(i.dir_sdi)
    i.disk_initialize                        0x08005a22   Section        0  diskio.o(i.disk_initialize)
    i.disk_ioctl                             0x08005a4c   Section        0  diskio.o(i.disk_ioctl)
    i.disk_read                              0x08005ab8   Section        0  diskio.o(i.disk_read)
    i.disk_status                            0x08005b6c   Section        0  diskio.o(i.disk_status)
    i.disk_write                             0x08005b88   Section        0  diskio.o(i.disk_write)
    i.f_close                                0x08005c42   Section        0  ff.o(i.f_close)
    i.f_mount                                0x08005c64   Section        0  ff.o(i.f_mount)
    i.f_open                                 0x08005cc0   Section        0  ff.o(i.f_open)
    i.f_read                                 0x08005e3e   Section        0  ff.o(i.f_read)
    i.f_sync                                 0x0800600e   Section        0  ff.o(i.f_sync)
    i.ff_convert                             0x080060c0   Section        0  cc936.o(i.ff_convert)
    i.ff_wtoupper                            0x0800613c   Section        0  cc936.o(i.ff_wtoupper)
    i.find_volume                            0x08006198   Section        0  ff.o(i.find_volume)
    find_volume                              0x08006199   Thumb Code   966  ff.o(i.find_volume)
    i.fit_lfn                                0x08006570   Section        0  ff.o(i.fit_lfn)
    fit_lfn                                  0x08006571   Thumb Code   122  ff.o(i.fit_lfn)
    i.follow_path                            0x080065f0   Section        0  ff.o(i.follow_path)
    follow_path                              0x080065f1   Thumb Code   144  ff.o(i.follow_path)
    i.fputc                                  0x08006680   Section        0  bsp_debug_usart.o(i.fputc)
    i.gen_numname                            0x080066a4   Section        0  ff.o(i.gen_numname)
    gen_numname                              0x080066a5   Thumb Code   198  ff.o(i.gen_numname)
    i.get_fat                                0x08006770   Section        0  ff.o(i.get_fat)
    i.get_fattime                            0x080068b0   Section        0  diskio.o(i.get_fattime)
    i.get_ldnumber                           0x080068b8   Section        0  ff.o(i.get_ldnumber)
    get_ldnumber                             0x080068b9   Thumb Code    74  ff.o(i.get_ldnumber)
    i.idct9                                  0x08006904   Section        0  imdct.o(i.idct9)
    idct9                                    0x08006905   Thumb Code   454  imdct.o(i.idct9)
    i.imdct12                                0x08006ae0   Section        0  imdct.o(i.imdct12)
    imdct12                                  0x08006ae1   Thumb Code   236  imdct.o(i.imdct12)
    i.ld_clust                               0x08006bd4   Section        0  ff.o(i.ld_clust)
    ld_clust                                 0x08006bd5   Thumb Code    32  ff.o(i.ld_clust)
    i.main                                   0x08006bf4   Section        0  main.o(i.main)
    i.mem_cmp                                0x08006cd8   Section        0  ff.o(i.mem_cmp)
    mem_cmp                                  0x08006cd9   Thumb Code    38  ff.o(i.mem_cmp)
    i.mem_cpy                                0x08006cfe   Section        0  ff.o(i.mem_cpy)
    mem_cpy                                  0x08006cff   Thumb Code    26  ff.o(i.mem_cpy)
    i.mem_set                                0x08006d18   Section        0  ff.o(i.mem_set)
    mem_set                                  0x08006d19   Thumb Code    20  ff.o(i.mem_set)
    i.move_window                            0x08006d2c   Section        0  ff.o(i.move_window)
    move_window                              0x08006d2d   Thumb Code    52  ff.o(i.move_window)
    i.mp3PlayerDemo                          0x08006d60   Section        0  mp3player.o(i.mp3PlayerDemo)
    i.put_fat                                0x08007288   Section        0  ff.o(i.put_fat)
    i.remove_chain                           0x08007410   Section        0  ff.o(i.remove_chain)
    remove_chain                             0x08007411   Thumb Code   108  ff.o(i.remove_chain)
    i.st_clust                               0x0800747c   Section        0  ff.o(i.st_clust)
    st_clust                                 0x0800747d   Thumb Code    16  ff.o(i.st_clust)
    i.sum_sfn                                0x0800748c   Section        0  ff.o(i.sum_sfn)
    sum_sfn                                  0x0800748d   Thumb Code    32  ff.o(i.sum_sfn)
    i.sync_fs                                0x080074ac   Section        0  ff.o(i.sync_fs)
    sync_fs                                  0x080074ad   Thumb Code   200  ff.o(i.sync_fs)
    i.sync_window                            0x08007574   Section        0  ff.o(i.sync_window)
    sync_window                              0x08007575   Thumb Code    82  ff.o(i.sync_window)
    i.validate                               0x080075c6   Section        0  ff.o(i.validate)
    validate                                 0x080075c7   Thumb Code    50  ff.o(i.validate)
    i.wm8978_CfgAudioIF                      0x080075f8   Section        0  bsp_wm8978.o(i.wm8978_CfgAudioIF)
    i.wm8978_CfgAudioPath                    0x08007644   Section        0  bsp_wm8978.o(i.wm8978_CfgAudioPath)
    i.wm8978_Init                            0x080078b4   Section        0  bsp_wm8978.o(i.wm8978_Init)
    i.wm8978_PowerDown                       0x080078c8   Section        0  bsp_wm8978.o(i.wm8978_PowerDown)
    i.wm8978_Reset                           0x080078d0   Section        0  bsp_wm8978.o(i.wm8978_Reset)
    i.wm8978_SetOUT1Volume                   0x0800790c   Section        0  bsp_wm8978.o(i.wm8978_SetOUT1Volume)
    i.wm8978_WriteReg                        0x08007930   Section        0  bsp_wm8978.o(i.wm8978_WriteReg)
    wm8978_WriteReg                          0x08007931   Thumb Code    26  bsp_wm8978.o(i.wm8978_WriteReg)
    i.xmp3_AllocateBuffers                   0x08007950   Section        0  buffers.o(i.xmp3_AllocateBuffers)
    i.xmp3_CalcBitsUsed                      0x080079e4   Section        0  bitstream.o(i.xmp3_CalcBitsUsed)
    i.xmp3_CheckPadBit                       0x080079f6   Section        0  bitstream.o(i.xmp3_CheckPadBit)
    i.xmp3_DecodeHuffman                     0x08007a12   Section        0  huffman.o(i.xmp3_DecodeHuffman)
    i.xmp3_DequantChannel                    0x08007c30   Section        0  dqchan.o(i.xmp3_DequantChannel)
    i.xmp3_Dequantize                        0x08007eb0   Section        0  dequant.o(i.xmp3_Dequantize)
    i.xmp3_FDCT32                            0x08008134   Section        0  dct32.o(i.xmp3_FDCT32)
    i.xmp3_FreeBuffers                       0x08008e60   Section        0  buffers.o(i.xmp3_FreeBuffers)
    i.xmp3_GetBits                           0x08008e62   Section        0  bitstream.o(i.xmp3_GetBits)
    i.xmp3_IMDCT                             0x08008eb2   Section        0  imdct.o(i.xmp3_IMDCT)
    i.xmp3_IntensityProcMPEG1                0x080090ac   Section        0  stproc.o(i.xmp3_IntensityProcMPEG1)
    i.xmp3_IntensityProcMPEG2                0x0800939c   Section        0  stproc.o(i.xmp3_IntensityProcMPEG2)
    i.xmp3_MidSideProc                       0x08009668   Section        0  stproc.o(i.xmp3_MidSideProc)
    i.xmp3_SetBitstreamPointer               0x080096d2   Section        0  bitstream.o(i.xmp3_SetBitstreamPointer)
    i.xmp3_Subband                           0x080096e0   Section        0  subband.o(i.xmp3_Subband)
    i.xmp3_UnpackFrameHeader                 0x080097f8   Section        0  bitstream.o(i.xmp3_UnpackFrameHeader)
    i.xmp3_UnpackScaleFactors                0x080099ec   Section        0  scalfact.o(i.xmp3_UnpackScaleFactors)
    i.xmp3_UnpackSideInfo                    0x08009b14   Section        0  bitstream.o(i.xmp3_UnpackSideInfo)
    .constdata                               0x08009d40   Section      116  bsp_wm8978.o(.constdata)
    .constdata                               0x08009db4   Section       58  ff.o(.constdata)
    LfnOfs                                   0x08009db4   Data          13  ff.o(.constdata)
    vst                                      0x08009dc2   Data          22  ff.o(.constdata)
    cst                                      0x08009dd8   Data          22  ff.o(.constdata)
    .constdata                               0x08009dee   Section    176320  cc936.o(.constdata)
    uni2oem                                  0x08009dee   Data       87172  cc936.o(.constdata)
    oem2uni                                  0x0801f272   Data       87172  cc936.o(.constdata)
    lower                                    0x080346f6   Data         988  cc936.o(.constdata)
    upper                                    0x08034ad2   Data         988  cc936.o(.constdata)
    .constdata                               0x08034eb0   Section     1278  mp3tabs.o(.constdata)
    .constdata                               0x080353b0   Section      192  dct32.o(.constdata)
    dcttab                                   0x080353b0   Data         192  dct32.o(.constdata)
    .constdata                               0x08035470   Section      592  dqchan.o(.constdata)
    preTab                                   0x08035470   Data          22  dqchan.o(.constdata)
    pow14                                    0x08035488   Data          16  dqchan.o(.constdata)
    pow43_14                                 0x08035498   Data         256  dqchan.o(.constdata)
    pow43                                    0x08035598   Data         192  dqchan.o(.constdata)
    poly43lo                                 0x08035658   Data          20  dqchan.o(.constdata)
    poly43hi                                 0x0803566c   Data          20  dqchan.o(.constdata)
    pow2exp                                  0x08035680   Data          32  dqchan.o(.constdata)
    pow2frac                                 0x080356a0   Data          32  dqchan.o(.constdata)
    .constdata                               0x080356c0   Section     8964  hufftabs.o(.constdata)
    .constdata                               0x080379c4   Section      120  imdct.o(.constdata)
    c18                                      0x080379c4   Data          36  imdct.o(.constdata)
    fastWin36                                0x080379e8   Data          72  imdct.o(.constdata)
    c6                                       0x08037a30   Data          12  imdct.o(.constdata)
    .constdata                               0x08037a3c   Section      104  scalfact.o(.constdata)
    SFLenTab                                 0x08037a3c   Data          32  scalfact.o(.constdata)
    NRTab                                    0x08037a5c   Data          72  scalfact.o(.constdata)
    .constdata                               0x08037aa4   Section     2156  trigtabs.o(.constdata)
    .data                                    0x20000000   Section       20  system_stm32f4xx.o(.data)
    .data                                    0x20000014   Section       16  stm32f4xx_rcc.o(.data)
    APBAHBPrescTable                         0x20000014   Data          16  stm32f4xx_rcc.o(.data)
    .data                                    0x20000024   Section       20  mp3player.o(.data)
    Mp3Decoder                               0x20000024   Data           4  mp3player.o(.data)
    mp3player                                0x20000028   Data           8  mp3player.o(.data)
    Isread                                   0x20000030   Data           1  mp3player.o(.data)
    bufflag                                  0x20000031   Data           1  mp3player.o(.data)
    .data                                    0x20000038   Section       24  bsp_sdio_sd.o(.data)
    CardType                                 0x20000038   Data           4  bsp_sdio_sd.o(.data)
    RCA                                      0x2000003c   Data           4  bsp_sdio_sd.o(.data)
    .data                                    0x20000050   Section        4  bsp_systick.o(.data)
    TimingDelay                              0x20000050   Data           4  bsp_systick.o(.data)
    .data                                    0x20000054   Section      128  bsp_wm8978.o(.data)
    WM8978_I2CTimeout                        0x20000054   Data           4  bsp_wm8978.o(.data)
    wm8978_RegCash                           0x20000058   Data         116  bsp_wm8978.o(.data)
    .data                                    0x200000d4   Section       10  ff.o(.data)
    FatFs                                    0x200000d4   Data           8  ff.o(.data)
    Fsid                                     0x200000dc   Data           2  ff.o(.data)
    .data                                    0x200000e0   Section        4  stdout.o(.data)
    .bss                                     0x200000e4   Section     4144  main.o(.bss)
    .bss                                     0x20001114   Section    16376  mp3player.o(.bss)
    Mp3FrameInfo                             0x20001114   Data          28  mp3player.o(.bss)
    outbuffer                                0x20001ce8   Data        9216  mp3player.o(.bss)
    .bss                                     0x20005110   Section      204  bsp_sdio_sd.o(.bss)
    CSD_Tab                                  0x20005110   Data          16  bsp_sdio_sd.o(.bss)
    CID_Tab                                  0x20005120   Data          16  bsp_sdio_sd.o(.bss)
    SDSTATUS_Tab                             0x20005130   Data          16  bsp_sdio_sd.o(.bss)
    .bss                                     0x200051dc   Section    23816  buffers.o(.bss)
    STACK                                    0x2000aee8   Section     1024  startup_stm32f40xx.o(STACK)

    Global Symbols

    Symbol Name                              Value     Ov Type        Size  Object(Section)

    BuildAttributes$$THM_ISAv4$E$P$D$K$B$S$7EM$VFPi3$EXTD16$VFPS$VFMA$PE$A:L22UL41UL21$X:L11$S22US41US21$IEEE1$IW$USESV6$~STKCKD$USESV7$~SHL$OSPACE$ROPI$EBA8$MICROLIB$REQ8$PRES8$EABIv2 0x00000000   Number         0  anon$$obj.o ABSOLUTE
    __ARM_use_no_argv                        0x00000000   Number         0  main.o ABSOLUTE
    _printf_a                                0x00000000   Number         0  stubs.o ABSOLUTE
    _printf_c                                0x00000000   Number         0  stubs.o ABSOLUTE
    _printf_charcount                        0x00000000   Number         0  stubs.o ABSOLUTE
    _printf_d                                0x00000000   Number         0  stubs.o ABSOLUTE
    _printf_e                                0x00000000   Number         0  stubs.o ABSOLUTE
    _printf_f                                0x00000000   Number         0  stubs.o ABSOLUTE
    _printf_flags                            0x00000000   Number         0  stubs.o ABSOLUTE
    _printf_fp_dec                           0x00000000   Number         0  stubs.o ABSOLUTE
    _printf_fp_hex                           0x00000000   Number         0  stubs.o ABSOLUTE
    _printf_g                                0x00000000   Number         0  stubs.o ABSOLUTE
    _printf_i                                0x00000000   Number         0  stubs.o ABSOLUTE
    _printf_int_dec                          0x00000000   Number         0  stubs.o ABSOLUTE
    _printf_l                                0x00000000   Number         0  stubs.o ABSOLUTE
    _printf_lc                               0x00000000   Number         0  stubs.o ABSOLUTE
    _printf_ll                               0x00000000   Number         0  stubs.o ABSOLUTE
    _printf_lld                              0x00000000   Number         0  stubs.o ABSOLUTE
    _printf_lli                              0x00000000   Number         0  stubs.o ABSOLUTE
    _printf_llo                              0x00000000   Number         0  stubs.o ABSOLUTE
    _printf_llu                              0x00000000   Number         0  stubs.o ABSOLUTE
    _printf_llx                              0x00000000   Number         0  stubs.o ABSOLUTE
    _printf_longlong_dec                     0x00000000   Number         0  stubs.o ABSOLUTE
    _printf_longlong_hex                     0x00000000   Number         0  stubs.o ABSOLUTE
    _printf_longlong_oct                     0x00000000   Number         0  stubs.o ABSOLUTE
    _printf_ls                               0x00000000   Number         0  stubs.o ABSOLUTE
    _printf_mbtowc                           0x00000000   Number         0  stubs.o ABSOLUTE
    _printf_n                                0x00000000   Number         0  stubs.o ABSOLUTE
    _printf_o                                0x00000000   Number         0  stubs.o ABSOLUTE
    _printf_p                                0x00000000   Number         0  stubs.o ABSOLUTE
    _printf_percent                          0x00000000   Number         0  stubs.o ABSOLUTE
    _printf_pre_padding                      0x00000000   Number         0  stubs.o ABSOLUTE
    _printf_return_value                     0x00000000   Number         0  stubs.o ABSOLUTE
    _printf_s                                0x00000000   Number         0  stubs.o ABSOLUTE
    _printf_sizespec                         0x00000000   Number         0  stubs.o ABSOLUTE
    _printf_str                              0x00000000   Number         0  stubs.o ABSOLUTE
    _printf_truncate_signed                  0x00000000   Number         0  stubs.o ABSOLUTE
    _printf_truncate_unsigned                0x00000000   Number         0  stubs.o ABSOLUTE
    _printf_u                                0x00000000   Number         0  stubs.o ABSOLUTE
    _printf_wc                               0x00000000   Number         0  stubs.o ABSOLUTE
    _printf_wctomb                           0x00000000   Number         0  stubs.o ABSOLUTE
    _printf_widthprec                        0x00000000   Number         0  stubs.o ABSOLUTE
    _printf_x                                0x00000000   Number         0  stubs.o ABSOLUTE
    __arm_fini_                               - Undefined Weak Reference
    __cpp_initialize__aeabi_                  - Undefined Weak Reference
    __cxa_finalize                            - Undefined Weak Reference
    __decompress                              - Undefined Weak Reference
    _clock_init                               - Undefined Weak Reference
    _microlib_exit                            - Undefined Weak Reference
    __Vectors_Size                           0x00000188   Number         0  startup_stm32f40xx.o ABSOLUTE
    __Vectors                                0x08000000   Data           4  startup_stm32f40xx.o(RESET)
    __Vectors_End                            0x08000188   Data           0  startup_stm32f40xx.o(RESET)
    __main                                   0x08000189   Thumb Code     0  entry.o(.ARM.Collect$$$$00000000)
    _main_stk                                0x08000189   Thumb Code     0  entry2.o(.ARM.Collect$$$$00000001)
    _main_scatterload                        0x0800018d   Thumb Code     0  entry5.o(.ARM.Collect$$$$00000004)
    __main_after_scatterload                 0x08000191   Thumb Code     0  entry5.o(.ARM.Collect$$$$00000004)
    _main_clock                              0x08000191   Thumb Code     0  entry7b.o(.ARM.Collect$$$$00000008)
    _main_cpp_init                           0x08000191   Thumb Code     0  entry8b.o(.ARM.Collect$$$$0000000A)
    _main_init                               0x08000191   Thumb Code     0  entry9a.o(.ARM.Collect$$$$0000000B)
    __rt_lib_shutdown_fini                   0x08000199   Thumb Code     0  entry12b.o(.ARM.Collect$$$$0000000E)
    __rt_final_cpp                           0x0800019d   Thumb Code     0  entry10a.o(.ARM.Collect$$$$0000000F)
    __rt_final_exit                          0x0800019d   Thumb Code     0  entry11a.o(.ARM.Collect$$$$00000011)
    Reset_Handler                            0x080001a1   Thumb Code     8  startup_stm32f40xx.o(.text)
    ADC_IRQHandler                           0x080001bb   Thumb Code     0  startup_stm32f40xx.o(.text)
    CAN1_RX0_IRQHandler                      0x080001bb   Thumb Code     0  startup_stm32f40xx.o(.text)
    CAN1_RX1_IRQHandler                      0x080001bb   Thumb Code     0  startup_stm32f40xx.o(.text)
    CAN1_SCE_IRQHandler                      0x080001bb   Thumb Code     0  startup_stm32f40xx.o(.text)
    CAN1_TX_IRQHandler                       0x080001bb   Thumb Code     0  startup_stm32f40xx.o(.text)
    CAN2_RX0_IRQHandler                      0x080001bb   Thumb Code     0  startup_stm32f40xx.o(.text)
    CAN2_RX1_IRQHandler                      0x080001bb   Thumb Code     0  startup_stm32f40xx.o(.text)
    CAN2_SCE_IRQHandler                      0x080001bb   Thumb Code     0  startup_stm32f40xx.o(.text)
    CAN2_TX_IRQHandler                       0x080001bb   Thumb Code     0  startup_stm32f40xx.o(.text)
    CRYP_IRQHandler                          0x080001bb   Thumb Code     0  startup_stm32f40xx.o(.text)
    DCMI_IRQHandler                          0x080001bb   Thumb Code     0  startup_stm32f40xx.o(.text)
    DMA1_Stream0_IRQHandler                  0x080001bb   Thumb Code     0  startup_stm32f40xx.o(.text)
    DMA1_Stream1_IRQHandler                  0x080001bb   Thumb Code     0  startup_stm32f40xx.o(.text)
    DMA1_Stream2_IRQHandler                  0x080001bb   Thumb Code     0  startup_stm32f40xx.o(.text)
    DMA1_Stream5_IRQHandler                  0x080001bb   Thumb Code     0  startup_stm32f40xx.o(.text)
    DMA1_Stream6_IRQHandler                  0x080001bb   Thumb Code     0  startup_stm32f40xx.o(.text)
    DMA1_Stream7_IRQHandler                  0x080001bb   Thumb Code     0  startup_stm32f40xx.o(.text)
    DMA2_Stream0_IRQHandler                  0x080001bb   Thumb Code     0  startup_stm32f40xx.o(.text)
    DMA2_Stream1_IRQHandler                  0x080001bb   Thumb Code     0  startup_stm32f40xx.o(.text)
    DMA2_Stream2_IRQHandler                  0x080001bb   Thumb Code     0  startup_stm32f40xx.o(.text)
    DMA2_Stream4_IRQHandler                  0x080001bb   Thumb Code     0  startup_stm32f40xx.o(.text)
    DMA2_Stream5_IRQHandler                  0x080001bb   Thumb Code     0  startup_stm32f40xx.o(.text)
    DMA2_Stream6_IRQHandler                  0x080001bb   Thumb Code     0  startup_stm32f40xx.o(.text)
    DMA2_Stream7_IRQHandler                  0x080001bb   Thumb Code     0  startup_stm32f40xx.o(.text)
    ETH_IRQHandler                           0x080001bb   Thumb Code     0  startup_stm32f40xx.o(.text)
    ETH_WKUP_IRQHandler                      0x080001bb   Thumb Code     0  startup_stm32f40xx.o(.text)
    EXTI0_IRQHandler                         0x080001bb   Thumb Code     0  startup_stm32f40xx.o(.text)
    EXTI15_10_IRQHandler                     0x080001bb   Thumb Code     0  startup_stm32f40xx.o(.text)
    EXTI1_IRQHandler                         0x080001bb   Thumb Code     0  startup_stm32f40xx.o(.text)
    EXTI2_IRQHandler                         0x080001bb   Thumb Code     0  startup_stm32f40xx.o(.text)
    EXTI3_IRQHandler                         0x080001bb   Thumb Code     0  startup_stm32f40xx.o(.text)
    EXTI4_IRQHandler                         0x080001bb   Thumb Code     0  startup_stm32f40xx.o(.text)
    EXTI9_5_IRQHandler                       0x080001bb   Thumb Code     0  startup_stm32f40xx.o(.text)
    FLASH_IRQHandler                         0x080001bb   Thumb Code     0  startup_stm32f40xx.o(.text)
    FPU_IRQHandler                           0x080001bb   Thumb Code     0  startup_stm32f40xx.o(.text)
    FSMC_IRQHandler                          0x080001bb   Thumb Code     0  startup_stm32f40xx.o(.text)
    HASH_RNG_IRQHandler                      0x080001bb   Thumb Code     0  startup_stm32f40xx.o(.text)
    I2C1_ER_IRQHandler                       0x080001bb   Thumb Code     0  startup_stm32f40xx.o(.text)
    I2C1_EV_IRQHandler                       0x080001bb   Thumb Code     0  startup_stm32f40xx.o(.text)
    I2C2_ER_IRQHandler                       0x080001bb   Thumb Code     0  startup_stm32f40xx.o(.text)
    I2C2_EV_IRQHandler                       0x080001bb   Thumb Code     0  startup_stm32f40xx.o(.text)
    I2C3_ER_IRQHandler                       0x080001bb   Thumb Code     0  startup_stm32f40xx.o(.text)
    I2C3_EV_IRQHandler                       0x080001bb   Thumb Code     0  startup_stm32f40xx.o(.text)
    OTG_FS_IRQHandler                        0x080001bb   Thumb Code     0  startup_stm32f40xx.o(.text)
    OTG_FS_WKUP_IRQHandler                   0x080001bb   Thumb Code     0  startup_stm32f40xx.o(.text)
    OTG_HS_EP1_IN_IRQHandler                 0x080001bb   Thumb Code     0  startup_stm32f40xx.o(.text)
    OTG_HS_EP1_OUT_IRQHandler                0x080001bb   Thumb Code     0  startup_stm32f40xx.o(.text)
    OTG_HS_IRQHandler                        0x080001bb   Thumb Code     0  startup_stm32f40xx.o(.text)
    OTG_HS_WKUP_IRQHandler                   0x080001bb   Thumb Code     0  startup_stm32f40xx.o(.text)
    PVD_IRQHandler                           0x080001bb   Thumb Code     0  startup_stm32f40xx.o(.text)
    RCC_IRQHandler                           0x080001bb   Thumb Code     0  startup_stm32f40xx.o(.text)
    RTC_Alarm_IRQHandler                     0x080001bb   Thumb Code     0  startup_stm32f40xx.o(.text)
    RTC_WKUP_IRQHandler                      0x080001bb   Thumb Code     0  startup_stm32f40xx.o(.text)
    SPI1_IRQHandler                          0x080001bb   Thumb Code     0  startup_stm32f40xx.o(.text)
    SPI2_IRQHandler                          0x080001bb   Thumb Code     0  startup_stm32f40xx.o(.text)
    SPI3_IRQHandler                          0x080001bb   Thumb Code     0  startup_stm32f40xx.o(.text)
    TAMP_STAMP_IRQHandler                    0x080001bb   Thumb Code     0  startup_stm32f40xx.o(.text)
    TIM1_BRK_TIM9_IRQHandler                 0x080001bb   Thumb Code     0  startup_stm32f40xx.o(.text)
    TIM1_CC_IRQHandler                       0x080001bb   Thumb Code     0  startup_stm32f40xx.o(.text)
    TIM1_TRG_COM_TIM11_IRQHandler            0x080001bb   Thumb Code     0  startup_stm32f40xx.o(.text)
    TIM1_UP_TIM10_IRQHandler                 0x080001bb   Thumb Code     0  startup_stm32f40xx.o(.text)
    TIM2_IRQHandler                          0x080001bb   Thumb Code     0  startup_stm32f40xx.o(.text)
    TIM3_IRQHandler                          0x080001bb   Thumb Code     0  startup_stm32f40xx.o(.text)
    TIM4_IRQHandler                          0x080001bb   Thumb Code     0  startup_stm32f40xx.o(.text)
    TIM5_IRQHandler                          0x080001bb   Thumb Code     0  startup_stm32f40xx.o(.text)
    TIM6_DAC_IRQHandler                      0x080001bb   Thumb Code     0  startup_stm32f40xx.o(.text)
    TIM7_IRQHandler                          0x080001bb   Thumb Code     0  startup_stm32f40xx.o(.text)
    TIM8_BRK_TIM12_IRQHandler                0x080001bb   Thumb Code     0  startup_stm32f40xx.o(.text)
    TIM8_CC_IRQHandler                       0x080001bb   Thumb Code     0  startup_stm32f40xx.o(.text)
    TIM8_TRG_COM_TIM14_IRQHandler            0x080001bb   Thumb Code     0  startup_stm32f40xx.o(.text)
    TIM8_UP_TIM13_IRQHandler                 0x080001bb   Thumb Code     0  startup_stm32f40xx.o(.text)
    UART4_IRQHandler                         0x080001bb   Thumb Code     0  startup_stm32f40xx.o(.text)
    UART5_IRQHandler                         0x080001bb   Thumb Code     0  startup_stm32f40xx.o(.text)
    USART1_IRQHandler                        0x080001bb   Thumb Code     0  startup_stm32f40xx.o(.text)
    USART2_IRQHandler                        0x080001bb   Thumb Code     0  startup_stm32f40xx.o(.text)
    USART3_IRQHandler                        0x080001bb   Thumb Code     0  startup_stm32f40xx.o(.text)
    USART6_IRQHandler                        0x080001bb   Thumb Code     0  startup_stm32f40xx.o(.text)
    WWDG_IRQHandler                          0x080001bb   Thumb Code     0  startup_stm32f40xx.o(.text)
    xmp3_MULSHIFT32                          0x080001c5   Thumb Code     6  asmmisc.o(.text)
    xmp3_FASTABS                             0x080001cb   Thumb Code    16  asmmisc.o(.text)
    xmp3_PolyphaseStereo                     0x080001dd   Thumb Code  1308  asmpoly_thumb2.o(.text)
    xmp3_PolyphaseMono                       0x080006f9   Thumb Code   754  asmpoly_thumb2.o(.text)
    __aeabi_uldivmod                         0x080009eb   Thumb Code    98  uldiv.o(.text)
    ___aeabi_memcpy8$move                    0x08000a4d   Thumb Code     0  memmovea.o(.text)
    __aeabi_memcpy                           0x08000a4d   Thumb Code    64  memmovea.o(.text)
    __aeabi_memcpy4                          0x08000a4d   Thumb Code     0  memmovea.o(.text)
    __aeabi_memmove                          0x08000a4d   Thumb Code     0  memmovea.o(.text)
    __aeabi_memmove4                         0x08000a4d   Thumb Code     0  memmovea.o(.text)
    __aeabi_memmove8                         0x08000a4d   Thumb Code     0  memmovea.o(.text)
    __aeabi_uidiv                            0x08000a8d   Thumb Code     0  uidiv.o(.text)
    __aeabi_uidivmod                         0x08000a8d   Thumb Code    44  uidiv.o(.text)
    __aeabi_llsl                             0x08000ab9   Thumb Code    30  llshl.o(.text)
    _ll_shift_l                              0x08000ab9   Thumb Code     0  llshl.o(.text)
    __aeabi_llsr                             0x08000ad7   Thumb Code    32  llushr.o(.text)
    _ll_ushift_r                             0x08000ad7   Thumb Code     0  llushr.o(.text)
    __scatterload                            0x08000af9   Thumb Code    28  init.o(.text)
    __scatterload_rt2                        0x08000af9   Thumb Code     0  init.o(.text)
    BusFault_Handler                         0x08000d71   Thumb Code     4  stm32f4xx_it.o(i.BusFault_Handler)
    ClearBuffer                              0x08000dad   Thumb Code    22  buffers.o(i.ClearBuffer)
    DMA1_Stream3_IRQHandler                  0x08001091   Thumb Code    30  bsp_wm8978.o(i.DMA1_Stream3_IRQHandler)
    DMA1_Stream4_IRQHandler                  0x080010bd   Thumb Code    30  bsp_wm8978.o(i.DMA1_Stream4_IRQHandler)
    DMA2_Stream3_IRQHandler                  0x080010e9   Thumb Code     8  bsp_sdio_sd.o(i.DMA2_Stream3_IRQHandler)
    DMA_ClearFlag                            0x080010f1   Thumb Code    38  stm32f4xx_dma.o(i.DMA_ClearFlag)
    DMA_ClearITPendingBit                    0x08001125   Thumb Code    38  stm32f4xx_dma.o(i.DMA_ClearITPendingBit)
    DMA_Cmd                                  0x08001159   Thumb Code    22  stm32f4xx_dma.o(i.DMA_Cmd)
    DMA_DeInit                               0x08001171   Thumb Code   324  stm32f4xx_dma.o(i.DMA_DeInit)
    DMA_DoubleBufferModeCmd                  0x080012c9   Thumb Code    22  stm32f4xx_dma.o(i.DMA_DoubleBufferModeCmd)
    DMA_DoubleBufferModeConfig               0x080012df   Thumb Code    24  stm32f4xx_dma.o(i.DMA_DoubleBufferModeConfig)
    DMA_FlowControllerConfig                 0x080012f7   Thumb Code    22  stm32f4xx_dma.o(i.DMA_FlowControllerConfig)
    DMA_GetCmdStatus                         0x0800130d   Thumb Code    20  stm32f4xx_dma.o(i.DMA_GetCmdStatus)
    DMA_GetITStatus                          0x08001321   Thumb Code    82  stm32f4xx_dma.o(i.DMA_GetITStatus)
    DMA_ITConfig                             0x08001385   Thumb Code    58  stm32f4xx_dma.o(i.DMA_ITConfig)
    DMA_Init                                 0x080013c1   Thumb Code    82  stm32f4xx_dma.o(i.DMA_Init)
    DebugMon_Handler                         0x08001419   Thumb Code     2  stm32f4xx_it.o(i.DebugMon_Handler)
    Debug_USART_Config                       0x0800141d   Thumb Code   144  bsp_debug_usart.o(i.Debug_USART_Config)
    Delay_10us                               0x080019bd   Thumb Code    20  bsp_systick.o(i.Delay_10us)
    GPIO_Init                                0x08001f21   Thumb Code   144  stm32f4xx_gpio.o(i.GPIO_Init)
    GPIO_PinAFConfig                         0x08001fb1   Thumb Code    70  stm32f4xx_gpio.o(i.GPIO_PinAFConfig)
    HardFault_Handler                        0x08001ff9   Thumb Code    10  stm32f4xx_it.o(i.HardFault_Handler)
    I2C_AcknowledgeConfig                    0x08002191   Thumb Code    24  stm32f4xx_i2c.o(i.I2C_AcknowledgeConfig)
    I2C_CheckEvent                           0x080021a9   Thumb Code    42  stm32f4xx_i2c.o(i.I2C_CheckEvent)
    I2C_Cmd                                  0x080021d3   Thumb Code    24  stm32f4xx_i2c.o(i.I2C_Cmd)
    I2C_GenerateSTART                        0x08002255   Thumb Code    24  stm32f4xx_i2c.o(i.I2C_GenerateSTART)
    I2C_GenerateSTOP                         0x0800226d   Thumb Code    24  stm32f4xx_i2c.o(i.I2C_GenerateSTOP)
    I2C_GetFlagStatus                        0x08002285   Thumb Code    58  stm32f4xx_i2c.o(i.I2C_GetFlagStatus)
    I2C_Init                                 0x080022c1   Thumb Code   218  stm32f4xx_i2c.o(i.I2C_Init)
    I2C_Send7bitAddress                      0x080023f5   Thumb Code    16  stm32f4xx_i2c.o(i.I2C_Send7bitAddress)
    I2C_SendData                             0x08002405   Thumb Code     4  stm32f4xx_i2c.o(i.I2C_SendData)
    I2S_Cmd                                  0x08002409   Thumb Code    24  stm32f4xx_spi.o(i.I2S_Cmd)
    I2S_GPIO_Config                          0x08002421   Thumb Code   150  bsp_wm8978.o(i.I2S_GPIO_Config)
    I2S_Init                                 0x080024c1   Thumb Code   396  stm32f4xx_spi.o(i.I2S_Init)
    I2S_Play_Start                           0x08002659   Thumb Code    12  bsp_wm8978.o(i.I2S_Play_Start)
    I2S_Stop                                 0x08002669   Thumb Code    22  bsp_wm8978.o(i.I2S_Stop)
    I2Sx_Mode_Config                         0x08002685   Thumb Code   118  bsp_wm8978.o(i.I2Sx_Mode_Config)
    I2Sx_TX_DMA_Init                         0x08002701   Thumb Code   188  bsp_wm8978.o(i.I2Sx_TX_DMA_Init)
    MP3Decode                                0x08002c27   Thumb Code   804  mp3dec.o(i.MP3Decode)
    MP3FindSyncWord                          0x08002faf   Thumb Code    44  mp3dec.o(i.MP3FindSyncWord)
    MP3FreeDecoder                           0x08002fdb   Thumb Code    20  mp3dec.o(i.MP3FreeDecoder)
    MP3GetLastFrameInfo                      0x08002ff1   Thumb Code    94  mp3dec.o(i.MP3GetLastFrameInfo)
    MP3InitDecoder                           0x08003055   Thumb Code    12  mp3dec.o(i.MP3InitDecoder)
    MP3Player_I2S_DMA_TX_Callback            0x08003061   Thumb Code    32  mp3player.o(i.MP3Player_I2S_DMA_TX_Callback)
    MemManage_Handler                        0x0800308d   Thumb Code     4  stm32f4xx_it.o(i.MemManage_Handler)
    NMI_Handler                              0x08003091   Thumb Code     2  stm32f4xx_it.o(i.NMI_Handler)
    NVIC_Init                                0x08003095   Thumb Code   106  misc.o(i.NVIC_Init)
    NVIC_PriorityGroupConfig                 0x0800310d   Thumb Code    10  misc.o(i.NVIC_PriorityGroupConfig)
    PendSV_Handler                           0x08003121   Thumb Code     2  stm32f4xx_it.o(i.PendSV_Handler)
    RCC_AHB1PeriphClockCmd                   0x08003125   Thumb Code    26  stm32f4xx_rcc.o(i.RCC_AHB1PeriphClockCmd)
    RCC_APB1PeriphClockCmd                   0x08003145   Thumb Code    26  stm32f4xx_rcc.o(i.RCC_APB1PeriphClockCmd)
    RCC_APB1PeriphResetCmd                   0x08003165   Thumb Code    26  stm32f4xx_rcc.o(i.RCC_APB1PeriphResetCmd)
    RCC_APB2PeriphClockCmd                   0x08003185   Thumb Code    26  stm32f4xx_rcc.o(i.RCC_APB2PeriphClockCmd)
    RCC_APB2PeriphResetCmd                   0x080031a5   Thumb Code    26  stm32f4xx_rcc.o(i.RCC_APB2PeriphResetCmd)
    RCC_GetClocksFreq                        0x080031c5   Thumb Code   214  stm32f4xx_rcc.o(i.RCC_GetClocksFreq)
    RCC_GetFlagStatus                        0x080032ad   Thumb Code    60  stm32f4xx_rcc.o(i.RCC_GetFlagStatus)
    RCC_I2SCLKConfig                         0x080032ed   Thumb Code     6  stm32f4xx_rcc.o(i.RCC_I2SCLKConfig)
    RCC_PLLI2SCmd                            0x080032f9   Thumb Code     6  stm32f4xx_rcc.o(i.RCC_PLLI2SCmd)
    SDIO_ClearFlag                           0x080034a9   Thumb Code     6  stm32f4xx_sdio.o(i.SDIO_ClearFlag)
    SDIO_ClearITPendingBit                   0x080034b5   Thumb Code     6  stm32f4xx_sdio.o(i.SDIO_ClearITPendingBit)
    SDIO_ClockCmd                            0x080034c1   Thumb Code     6  stm32f4xx_sdio.o(i.SDIO_ClockCmd)
    SDIO_DMACmd                              0x080034cd   Thumb Code     6  stm32f4xx_sdio.o(i.SDIO_DMACmd)
    SDIO_DataConfig                          0x080034d9   Thumb Code    46  stm32f4xx_sdio.o(i.SDIO_DataConfig)
    SDIO_DeInit                              0x0800350d   Thumb Code    22  stm32f4xx_sdio.o(i.SDIO_DeInit)
    SDIO_GetCommandResponse                  0x08003525   Thumb Code     8  stm32f4xx_sdio.o(i.SDIO_GetCommandResponse)
    SDIO_GetFlagStatus                       0x08003531   Thumb Code    20  stm32f4xx_sdio.o(i.SDIO_GetFlagStatus)
    SDIO_GetITStatus                         0x08003549   Thumb Code    20  stm32f4xx_sdio.o(i.SDIO_GetITStatus)
    SDIO_GetPowerState                       0x08003561   Thumb Code    10  stm32f4xx_sdio.o(i.SDIO_GetPowerState)
    SDIO_GetResponse                         0x08003571   Thumb Code    20  stm32f4xx_sdio.o(i.SDIO_GetResponse)
    SDIO_IRQHandler                          0x08003589   Thumb Code     8  bsp_sdio_sd.o(i.SDIO_IRQHandler)
    SDIO_ITConfig                            0x08003591   Thumb Code    26  stm32f4xx_sdio.o(i.SDIO_ITConfig)
    SDIO_Init                                0x080035b1   Thumb Code    42  stm32f4xx_sdio.o(i.SDIO_Init)
    SDIO_ReadData                            0x080035e1   Thumb Code     6  stm32f4xx_sdio.o(i.SDIO_ReadData)
    SDIO_SendCommand                         0x080035ed   Thumb Code    40  stm32f4xx_sdio.o(i.SDIO_SendCommand)
    SDIO_SetPowerState                       0x08003619   Thumb Code     6  stm32f4xx_sdio.o(i.SDIO_SetPowerState)
    SD_Detect                                0x08003625   Thumb Code    12  bsp_sdio_sd.o(i.SD_Detect)
    SD_EnableWideBusOperation                0x08003631   Thumb Code   136  bsp_sdio_sd.o(i.SD_EnableWideBusOperation)
    SD_GetCardInfo                           0x080036c1   Thumb Code   780  bsp_sdio_sd.o(i.SD_GetCardInfo)
    SD_GetState                              0x080039dd   Thumb Code    38  bsp_sdio_sd.o(i.SD_GetState)
    SD_GetStatus                             0x08003a03   Thumb Code    30  bsp_sdio_sd.o(i.SD_GetStatus)
    SD_Init                                  0x08003a21   Thumb Code   182  bsp_sdio_sd.o(i.SD_Init)
    SD_InitializeCards                       0x08003ae1   Thumb Code   294  bsp_sdio_sd.o(i.SD_InitializeCards)
    SD_LowLevel_DMA_RxConfig                 0x08003c1d   Thumb Code   136  bsp_sdio_sd.o(i.SD_LowLevel_DMA_RxConfig)
    SD_LowLevel_DMA_TxConfig                 0x08003cad   Thumb Code   136  bsp_sdio_sd.o(i.SD_LowLevel_DMA_TxConfig)
    SD_LowLevel_Init                         0x08003d3d   Thumb Code   156  bsp_sdio_sd.o(i.SD_LowLevel_Init)
    SD_PowerON                               0x08003de1   Thumb Code   400  bsp_sdio_sd.o(i.SD_PowerON)
    SD_ProcessDMAIRQ                         0x08003f81   Thumb Code    32  bsp_sdio_sd.o(i.SD_ProcessDMAIRQ)
    SD_ProcessIRQSrc                         0x08003fa9   Thumb Code   162  bsp_sdio_sd.o(i.SD_ProcessIRQSrc)
    SD_ReadMultiBlocks                       0x08004055   Thumb Code   220  bsp_sdio_sd.o(i.SD_ReadMultiBlocks)
    SD_SelectDeselect                        0x0800414d   Thumb Code    50  bsp_sdio_sd.o(i.SD_SelectDeselect)
    SD_SendStatus                            0x08004185   Thumb Code    74  bsp_sdio_sd.o(i.SD_SendStatus)
    SD_StopTransfer                          0x080041d9   Thumb Code    46  bsp_sdio_sd.o(i.SD_StopTransfer)
    SD_WaitReadOperation                     0x0800420d   Thumb Code   108  bsp_sdio_sd.o(i.SD_WaitReadOperation)
    SD_WaitWriteOperation                    0x0800428d   Thumb Code   108  bsp_sdio_sd.o(i.SD_WaitWriteOperation)
    SD_WriteMultiBlocks                      0x0800430d   Thumb Code   312  bsp_sdio_sd.o(i.SD_WriteMultiBlocks)
    SPI_I2S_DMACmd                           0x08004465   Thumb Code    18  stm32f4xx_spi.o(i.SPI_I2S_DMACmd)
    SPI_I2S_DeInit                           0x08004479   Thumb Code   152  stm32f4xx_spi.o(i.SPI_I2S_DeInit)
    SVC_Handler                              0x08004529   Thumb Code     2  stm32f4xx_it.o(i.SVC_Handler)
    SysTick_Handler                          0x08004619   Thumb Code     8  stm32f4xx_it.o(i.SysTick_Handler)
    SysTick_Init                             0x08004621   Thumb Code    88  bsp_systick.o(i.SysTick_Init)
    SystemInit                               0x08004689   Thumb Code    88  system_stm32f4xx.o(i.SystemInit)
    TimingDelay_Decrement                    0x080046f1   Thumb Code    18  bsp_systick.o(i.TimingDelay_Decrement)
    USART_Cmd                                0x08004709   Thumb Code    24  stm32f4xx_usart.o(i.USART_Cmd)
    USART_GetFlagStatus                      0x08004721   Thumb Code    26  stm32f4xx_usart.o(i.USART_GetFlagStatus)
    USART_Init                               0x0800473d   Thumb Code   204  stm32f4xx_usart.o(i.USART_Init)
    USART_SendData                           0x08004811   Thumb Code     8  stm32f4xx_usart.o(i.USART_SendData)
    UsageFault_Handler                       0x08004ca5   Thumb Code     4  stm32f4xx_it.o(i.UsageFault_Handler)
    __0printf$3                              0x08004f11   Thumb Code    22  printf3.o(i.__0printf$3)
    __1printf$3                              0x08004f11   Thumb Code     0  printf3.o(i.__0printf$3)
    __2printf                                0x08004f11   Thumb Code     0  printf3.o(i.__0printf$3)
    __scatterload_copy                       0x08004f31   Thumb Code    14  handlers.o(i.__scatterload_copy)
    __scatterload_null                       0x08004f3f   Thumb Code     2  handlers.o(i.__scatterload_null)
    __scatterload_zeroinit                   0x08004f41   Thumb Code    14  handlers.o(i.__scatterload_zeroinit)
    clust2sect                               0x080051ad   Thumb Code    26  ff.o(i.clust2sect)
    disk_initialize                          0x08005a23   Thumb Code    42  diskio.o(i.disk_initialize)
    disk_ioctl                               0x08005a4d   Thumb Code   102  diskio.o(i.disk_ioctl)
    disk_read                                0x08005ab9   Thumb Code   180  diskio.o(i.disk_read)
    disk_status                              0x08005b6d   Thumb Code    28  diskio.o(i.disk_status)
    disk_write                               0x08005b89   Thumb Code   186  diskio.o(i.disk_write)
    f_close                                  0x08005c43   Thumb Code    32  ff.o(i.f_close)
    f_mount                                  0x08005c65   Thumb Code    86  ff.o(i.f_mount)
    f_open                                   0x08005cc1   Thumb Code   382  ff.o(i.f_open)
    f_read                                   0x08005e3f   Thumb Code   464  ff.o(i.f_read)
    f_sync                                   0x0800600f   Thumb Code   176  ff.o(i.f_sync)
    ff_convert                               0x080060c1   Thumb Code   116  cc936.o(i.ff_convert)
    ff_wtoupper                              0x0800613d   Thumb Code    84  cc936.o(i.ff_wtoupper)
    fputc                                    0x08006681   Thumb Code    32  bsp_debug_usart.o(i.fputc)
    get_fat                                  0x08006771   Thumb Code   318  ff.o(i.get_fat)
    get_fattime                              0x080068b1   Thumb Code     4  diskio.o(i.get_fattime)
    main                                     0x08006bf5   Thumb Code    84  main.o(i.main)
    mp3PlayerDemo                            0x08006d61   Thumb Code   894  mp3player.o(i.mp3PlayerDemo)
    put_fat                                  0x08007289   Thumb Code   392  ff.o(i.put_fat)
    wm8978_CfgAudioIF                        0x080075f9   Thumb Code    76  bsp_wm8978.o(i.wm8978_CfgAudioIF)
    wm8978_CfgAudioPath                      0x08007645   Thumb Code   624  bsp_wm8978.o(i.wm8978_CfgAudioPath)
    wm8978_Init                              0x080078b5   Thumb Code    20  bsp_wm8978.o(i.wm8978_Init)
    wm8978_PowerDown                         0x080078c9   Thumb Code     8  bsp_wm8978.o(i.wm8978_PowerDown)
    wm8978_Reset                             0x080078d1   Thumb Code    52  bsp_wm8978.o(i.wm8978_Reset)
    wm8978_SetOUT1Volume                     0x0800790d   Thumb Code    34  bsp_wm8978.o(i.wm8978_SetOUT1Volume)
    xmp3_AllocateBuffers                     0x08007951   Thumb Code   116  buffers.o(i.xmp3_AllocateBuffers)
    xmp3_CalcBitsUsed                        0x080079e5   Thumb Code    18  bitstream.o(i.xmp3_CalcBitsUsed)
    xmp3_CheckPadBit                         0x080079f7   Thumb Code    28  bitstream.o(i.xmp3_CheckPadBit)
    xmp3_DecodeHuffman                       0x08007a13   Thumb Code   542  huffman.o(i.xmp3_DecodeHuffman)
    xmp3_DequantChannel                      0x08007c31   Thumb Code   634  dqchan.o(i.xmp3_DequantChannel)
    xmp3_Dequantize                          0x08007eb1   Thumb Code   640  dequant.o(i.xmp3_Dequantize)
    xmp3_FDCT32                              0x08008135   Thumb Code  3372  dct32.o(i.xmp3_FDCT32)
    xmp3_FreeBuffers                         0x08008e61   Thumb Code     2  buffers.o(i.xmp3_FreeBuffers)
    xmp3_GetBits                             0x08008e63   Thumb Code    80  bitstream.o(i.xmp3_GetBits)
    xmp3_IMDCT                               0x08008eb3   Thumb Code   506  imdct.o(i.xmp3_IMDCT)
    xmp3_IntensityProcMPEG1                  0x080090ad   Thumb Code   744  stproc.o(i.xmp3_IntensityProcMPEG1)
    xmp3_IntensityProcMPEG2                  0x0800939d   Thumb Code   706  stproc.o(i.xmp3_IntensityProcMPEG2)
    xmp3_MidSideProc                         0x08009669   Thumb Code   106  stproc.o(i.xmp3_MidSideProc)
    xmp3_SetBitstreamPointer                 0x080096d3   Thumb Code    12  bitstream.o(i.xmp3_SetBitstreamPointer)
    xmp3_Subband                             0x080096e1   Thumb Code   276  subband.o(i.xmp3_Subband)
    xmp3_UnpackFrameHeader                   0x080097f9   Thumb Code   476  bitstream.o(i.xmp3_UnpackFrameHeader)
    xmp3_UnpackScaleFactors                  0x080099ed   Thumb Code   296  scalfact.o(i.xmp3_UnpackScaleFactors)
    xmp3_UnpackSideInfo                      0x08009b15   Thumb Code   556  bitstream.o(i.xmp3_UnpackSideInfo)
    xmp3_samplerateTab                       0x08034eb0   Data          36  mp3tabs.o(.constdata)
    xmp3_bitrateTab                          0x08034ed4   Data         270  mp3tabs.o(.constdata)
    xmp3_samplesPerFrameTab                  0x08034fe2   Data          18  mp3tabs.o(.constdata)
    xmp3_bitsPerSlotTab                      0x08034ff4   Data           6  mp3tabs.o(.constdata)
    xmp3_sideBytesTab                        0x08034ffa   Data          12  mp3tabs.o(.constdata)
    xmp3_slotTab                             0x08035006   Data         270  mp3tabs.o(.constdata)
    xmp3_sfBandTable                         0x08035114   Data         666  mp3tabs.o(.constdata)
    xmp3_huffTable                           0x080356c0   Data        8484  hufftabs.o(.constdata)
    xmp3_huffTabOffset                       0x080377e4   Data         128  hufftabs.o(.constdata)
    xmp3_huffTabLookup                       0x08037864   Data         256  hufftabs.o(.constdata)
    xmp3_quadTable                           0x08037964   Data          80  hufftabs.o(.constdata)
    xmp3_quadTabOffset                       0x080379b4   Data           8  hufftabs.o(.constdata)
    xmp3_quadTabMaxBits                      0x080379bc   Data           8  hufftabs.o(.constdata)
    xmp3_imdctWin                            0x08037aa4   Data         576  trigtabs.o(.constdata)
    xmp3_ISFMpeg1                            0x08037ce4   Data          56  trigtabs.o(.constdata)
    xmp3_ISFMpeg2                            0x08037d1c   Data         256  trigtabs.o(.constdata)
    xmp3_ISFIIP                              0x08037e1c   Data          16  trigtabs.o(.constdata)
    xmp3_uniqueIDTab                         0x08037e2c   Data           8  trigtabs.o(.constdata)
    xmp3_csa                                 0x08037e34   Data          64  trigtabs.o(.constdata)
    xmp3_coef32                              0x08037e74   Data         124  trigtabs.o(.constdata)
    xmp3_polyCoef                            0x08037ef0   Data        1056  trigtabs.o(.constdata)
    Region$$Table$$Base                      0x08038310   Number         0  anon$$obj.o(Region$$Table)
    Region$$Table$$Limit                     0x08038330   Number         0  anon$$obj.o(Region$$Table)
    SystemCoreClock                          0x20000000   Data           4  system_stm32f4xx.o(.data)
    AHBPrescTable                            0x20000004   Data          16  system_stm32f4xx.o(.data)
    result                                   0x20000032   Data           1  mp3player.o(.data)
    bw                                       0x20000034   Data           4  mp3player.o(.data)
    StopCondition                            0x20000040   Data           4  bsp_sdio_sd.o(.data)
    TransferError                            0x20000044   Data           1  bsp_sdio_sd.o(.data)
    TransferEnd                              0x20000048   Data           4  bsp_sdio_sd.o(.data)
    DMAEndOfTransfer                         0x2000004c   Data           4  bsp_sdio_sd.o(.data)
    I2S_DMA_TX_Callback                      0x200000cc   Data           4  bsp_wm8978.o(.data)
    I2S_DMA_RX_Callback                      0x200000d0   Data           4  bsp_wm8978.o(.data)
    __stdout                                 0x200000e0   Data           4  stdout.o(.data)
    fs                                       0x200000e4   Data        4144  main.o(.bss)
    inputbuf                                 0x20001130   Data        3000  mp3player.o(.bss)
    file                                     0x200040e8   Data        4132  mp3player.o(.bss)
    SDCardInfo                               0x20005140   Data          88  bsp_sdio_sd.o(.bss)
    SDIO_InitStructure                       0x20005198   Data          24  bsp_sdio_sd.o(.bss)
    SDIO_CmdInitStructure                    0x200051b0   Data          20  bsp_sdio_sd.o(.bss)
    SDIO_DataInitStructure                   0x200051c4   Data          24  bsp_sdio_sd.o(.bss)
    mp3DecInfo                               0x200051dc   Data        2032  buffers.o(.bss)
    sbi                                      0x200059cc   Data        8708  buffers.o(.bss)
    mi                                       0x20007bd0   Data        6944  buffers.o(.bss)
    hi                                       0x200096f0   Data        4624  buffers.o(.bss)
    di                                       0x2000a900   Data         840  buffers.o(.bss)
    sfi                                      0x2000ac48   Data         284  buffers.o(.bss)
    si                                       0x2000ad64   Data         328  buffers.o(.bss)
    fh                                       0x2000aeac   Data          56  buffers.o(.bss)
    __initial_sp                             0x2000b2e8   Data           0  startup_stm32f40xx.o(STACK)



==============================================================================

Memory Map of the image

  Image Entry point : 0x08000189

  Load Region LR_IROM1 (Base: 0x08000000, Size: 0x00038414, Max: 0x00100000, ABSOLUTE)

    Execution Region ER_IROM1 (Exec base: 0x08000000, Load base: 0x08000000, Size: 0x00038330, Max: 0x00100000, ABSOLUTE)

    Exec Addr    Load Addr    Size         Type   Attr      Idx    E Section Name        Object

    0x08000000   0x08000000   0x00000188   Data   RO            3    RESET               startup_stm32f40xx.o
    0x08000188   0x08000188   0x00000000   Code   RO         6325  * .ARM.Collect$$$$00000000  mc_w.l(entry.o)
    0x08000188   0x08000188   0x00000004   Code   RO         6601    .ARM.Collect$$$$00000001  mc_w.l(entry2.o)
    0x0800018c   0x0800018c   0x00000004   Code   RO         6604    .ARM.Collect$$$$00000004  mc_w.l(entry5.o)
    0x08000190   0x08000190   0x00000000   Code   RO         6606    .ARM.Collect$$$$00000008  mc_w.l(entry7b.o)
    0x08000190   0x08000190   0x00000000   Code   RO         6608    .ARM.Collect$$$$0000000A  mc_w.l(entry8b.o)
    0x08000190   0x08000190   0x00000008   Code   RO         6609    .ARM.Collect$$$$0000000B  mc_w.l(entry9a.o)
    0x08000198   0x08000198   0x00000004   Code   RO         6616    .ARM.Collect$$$$0000000E  mc_w.l(entry12b.o)
    0x0800019c   0x0800019c   0x00000000   Code   RO         6611    .ARM.Collect$$$$0000000F  mc_w.l(entry10a.o)
    0x0800019c   0x0800019c   0x00000000   Code   RO         6613    .ARM.Collect$$$$00000011  mc_w.l(entry11a.o)
    0x0800019c   0x0800019c   0x00000004   Code   RO         6602    .ARM.Collect$$$$00002712  mc_w.l(entry2.o)
    0x080001a0   0x080001a0   0x00000024   Code   RO            4    .text               startup_stm32f40xx.o
    0x080001c4   0x080001c4   0x00000016   Code   RO         6317    .text               asmmisc.o
    0x080001da   0x080001da   0x00000002   PAD
    0x080001dc   0x080001dc   0x0000080e   Code   RO         6321    .text               asmpoly_thumb2.o
    0x080009ea   0x080009ea   0x00000062   Code   RO         6328    .text               mc_w.l(uldiv.o)
    0x08000a4c   0x08000a4c   0x00000040   Code   RO         6332    .text               mc_w.l(memmovea.o)
    0x08000a8c   0x08000a8c   0x0000002c   Code   RO         6618    .text               mc_w.l(uidiv.o)
    0x08000ab8   0x08000ab8   0x0000001e   Code   RO         6620    .text               mc_w.l(llshl.o)
    0x08000ad6   0x08000ad6   0x00000020   Code   RO         6622    .text               mc_w.l(llushr.o)
    0x08000af6   0x08000af6   0x00000002   PAD
    0x08000af8   0x08000af8   0x00000024   Code   RO         6635    .text               mc_w.l(init.o)
    0x08000b1c   0x08000b1c   0x00000254   Code   RO         6187    i.AntiAlias         imdct.o
    0x08000d70   0x08000d70   0x00000004   Code   RO         4821    i.BusFault_Handler  stm32f4xx_it.o
    0x08000d74   0x08000d74   0x0000001c   Code   RO         6108    i.CLZ               dequant.o
    0x08000d90   0x08000d90   0x0000001c   Code   RO         6128    i.CLZ               dqchan.o
    0x08000dac   0x08000dac   0x00000016   Code   RO         6067    i.ClearBuffer       buffers.o
    0x08000dc2   0x08000dc2   0x0000002c   Code   RO         4942    i.CmdError          bsp_sdio_sd.o
    0x08000dee   0x08000dee   0x00000002   PAD
    0x08000df0   0x08000df0   0x00000134   Code   RO         4943    i.CmdResp1Error     bsp_sdio_sd.o
    0x08000f24   0x08000f24   0x0000004c   Code   RO         4944    i.CmdResp2Error     bsp_sdio_sd.o
    0x08000f70   0x08000f70   0x00000038   Code   RO         4945    i.CmdResp3Error     bsp_sdio_sd.o
    0x08000fa8   0x08000fa8   0x0000009c   Code   RO         4946    i.CmdResp6Error     bsp_sdio_sd.o
    0x08001044   0x08001044   0x0000004c   Code   RO         4947    i.CmdResp7Error     bsp_sdio_sd.o
    0x08001090   0x08001090   0x0000002c   Code   RO         5291    i.DMA1_Stream3_IRQHandler  bsp_wm8978.o
    0x080010bc   0x080010bc   0x0000002c   Code   RO         5292    i.DMA1_Stream4_IRQHandler  bsp_wm8978.o
    0x080010e8   0x080010e8   0x00000008   Code   RO         4948    i.DMA2_Stream3_IRQHandler  bsp_sdio_sd.o
    0x080010f0   0x080010f0   0x00000034   Code   RO         1211    i.DMA_ClearFlag     stm32f4xx_dma.o
    0x08001124   0x08001124   0x00000034   Code   RO         1212    i.DMA_ClearITPendingBit  stm32f4xx_dma.o
    0x08001158   0x08001158   0x00000016   Code   RO         1213    i.DMA_Cmd           stm32f4xx_dma.o
    0x0800116e   0x0800116e   0x00000002   PAD
    0x08001170   0x08001170   0x00000158   Code   RO         1214    i.DMA_DeInit        stm32f4xx_dma.o
    0x080012c8   0x080012c8   0x00000016   Code   RO         1215    i.DMA_DoubleBufferModeCmd  stm32f4xx_dma.o
    0x080012de   0x080012de   0x00000018   Code   RO         1216    i.DMA_DoubleBufferModeConfig  stm32f4xx_dma.o
    0x080012f6   0x080012f6   0x00000016   Code   RO         1217    i.DMA_FlowControllerConfig  stm32f4xx_dma.o
    0x0800130c   0x0800130c   0x00000014   Code   RO         1218    i.DMA_GetCmdStatus  stm32f4xx_dma.o
    0x08001320   0x08001320   0x00000064   Code   RO         1223    i.DMA_GetITStatus   stm32f4xx_dma.o
    0x08001384   0x08001384   0x0000003a   Code   RO         1224    i.DMA_ITConfig      stm32f4xx_dma.o
    0x080013be   0x080013be   0x00000002   PAD
    0x080013c0   0x080013c0   0x00000058   Code   RO         1225    i.DMA_Init          stm32f4xx_dma.o
    0x08001418   0x08001418   0x00000002   Code   RO         4822    i.DebugMon_Handler  stm32f4xx_it.o
    0x0800141a   0x0800141a   0x00000002   PAD
    0x0800141c   0x0800141c   0x00000098   Code   RO         5210    i.Debug_USART_Config  bsp_debug_usart.o
    0x080014b4   0x080014b4   0x0000038c   Code   RO         6152    i.DecodeHuffmanPairs  huffman.o
    0x08001840   0x08001840   0x0000017c   Code   RO         6153    i.DecodeHuffmanQuads  huffman.o
    0x080019bc   0x080019bc   0x00000018   Code   RO         5249    i.Delay_10us        bsp_systick.o
    0x080019d4   0x080019d4   0x000001b4   Code   RO         6129    i.DequantBlock      dqchan.o
    0x08001b88   0x08001b88   0x00000194   Code   RO         4949    i.FindSCR           bsp_sdio_sd.o
    0x08001d1c   0x08001d1c   0x00000204   Code   RO         6188    i.FreqInvertRescale  imdct.o
    0x08001f20   0x08001f20   0x00000090   Code   RO         1857    i.GPIO_Init         stm32f4xx_gpio.o
    0x08001fb0   0x08001fb0   0x00000046   Code   RO         1858    i.GPIO_PinAFConfig  stm32f4xx_gpio.o
    0x08001ff6   0x08001ff6   0x00000002   PAD
    0x08001ff8   0x08001ff8   0x0000001c   Code   RO         4823    i.HardFault_Handler  stm32f4xx_it.o
    0x08002014   0x08002014   0x0000017c   Code   RO         6189    i.HybridTransform   imdct.o
    0x08002190   0x08002190   0x00000018   Code   RO         2145    i.I2C_AcknowledgeConfig  stm32f4xx_i2c.o
    0x080021a8   0x080021a8   0x0000002a   Code   RO         2148    i.I2C_CheckEvent    stm32f4xx_i2c.o
    0x080021d2   0x080021d2   0x00000018   Code   RO         2151    i.I2C_Cmd           stm32f4xx_i2c.o
    0x080021ea   0x080021ea   0x00000002   PAD
    0x080021ec   0x080021ec   0x00000068   Code   RO         5293    i.I2C_GPIO_Config   bsp_wm8978.o
    0x08002254   0x08002254   0x00000018   Code   RO         2159    i.I2C_GenerateSTART  stm32f4xx_i2c.o
    0x0800226c   0x0800226c   0x00000018   Code   RO         2160    i.I2C_GenerateSTOP  stm32f4xx_i2c.o
    0x08002284   0x08002284   0x0000003a   Code   RO         2161    i.I2C_GetFlagStatus  stm32f4xx_i2c.o
    0x080022be   0x080022be   0x00000002   PAD
    0x080022c0   0x080022c0   0x000000e8   Code   RO         2166    i.I2C_Init          stm32f4xx_i2c.o
    0x080023a8   0x080023a8   0x0000004c   Code   RO         5294    i.I2C_Mode_Configu  bsp_wm8978.o
    0x080023f4   0x080023f4   0x00000010   Code   RO         2173    i.I2C_Send7bitAddress  stm32f4xx_i2c.o
    0x08002404   0x08002404   0x00000004   Code   RO         2174    i.I2C_SendData      stm32f4xx_i2c.o
    0x08002408   0x08002408   0x00000018   Code   RO         3713    i.I2S_Cmd           stm32f4xx_spi.o
    0x08002420   0x08002420   0x000000a0   Code   RO         5295    i.I2S_GPIO_Config   bsp_wm8978.o
    0x080024c0   0x080024c0   0x00000198   Code   RO         3715    i.I2S_Init          stm32f4xx_spi.o
    0x08002658   0x08002658   0x00000010   Code   RO         5296    i.I2S_Play_Start    bsp_wm8978.o
    0x08002668   0x08002668   0x0000001c   Code   RO         5298    i.I2S_Stop          bsp_wm8978.o
    0x08002684   0x08002684   0x0000007c   Code   RO         5299    i.I2Sx_Mode_Config  bsp_wm8978.o
    0x08002700   0x08002700   0x000000c8   Code   RO         5300    i.I2Sx_TX_DMA_Init  bsp_wm8978.o
    0x080027c8   0x080027c8   0x000001ec   Code   RO         6190    i.IMDCT12x3         imdct.o
    0x080029b4   0x080029b4   0x00000248   Code   RO         6191    i.IMDCT36           imdct.o
    0x08002bfc   0x08002bfc   0x0000002a   Code   RO         5942    i.MP3ClearBadFrame  mp3dec.o
    0x08002c26   0x08002c26   0x00000324   Code   RO         5943    i.MP3Decode         mp3dec.o
    0x08002f4a   0x08002f4a   0x00000064   Code   RO         5944    i.MP3FindFreeSync   mp3dec.o
    0x08002fae   0x08002fae   0x0000002c   Code   RO         5945    i.MP3FindSyncWord   mp3dec.o
    0x08002fda   0x08002fda   0x00000014   Code   RO         5946    i.MP3FreeDecoder    mp3dec.o
    0x08002fee   0x08002fee   0x00000002   PAD
    0x08002ff0   0x08002ff0   0x00000064   Code   RO         5947    i.MP3GetLastFrameInfo  mp3dec.o
    0x08003054   0x08003054   0x0000000c   Code   RO         5949    i.MP3InitDecoder    mp3dec.o
    0x08003060   0x08003060   0x0000002c   Code   RO         4902    i.MP3Player_I2S_DMA_TX_Callback  mp3player.o
    0x0800308c   0x0800308c   0x00000004   Code   RO         4824    i.MemManage_Handler  stm32f4xx_it.o
    0x08003090   0x08003090   0x00000002   Code   RO         4825    i.NMI_Handler       stm32f4xx_it.o
    0x08003092   0x08003092   0x00000002   PAD
    0x08003094   0x08003094   0x00000078   Code   RO          155    i.NVIC_Init         misc.o
    0x0800310c   0x0800310c   0x00000014   Code   RO          156    i.NVIC_PriorityGroupConfig  misc.o
    0x08003120   0x08003120   0x00000002   Code   RO         4826    i.PendSV_Handler    stm32f4xx_it.o
    0x08003122   0x08003122   0x00000002   PAD
    0x08003124   0x08003124   0x00000020   Code   RO         2561    i.RCC_AHB1PeriphClockCmd  stm32f4xx_rcc.o
    0x08003144   0x08003144   0x00000020   Code   RO         2570    i.RCC_APB1PeriphClockCmd  stm32f4xx_rcc.o
    0x08003164   0x08003164   0x00000020   Code   RO         2572    i.RCC_APB1PeriphResetCmd  stm32f4xx_rcc.o
    0x08003184   0x08003184   0x00000020   Code   RO         2573    i.RCC_APB2PeriphClockCmd  stm32f4xx_rcc.o
    0x080031a4   0x080031a4   0x00000020   Code   RO         2575    i.RCC_APB2PeriphResetCmd  stm32f4xx_rcc.o
    0x080031c4   0x080031c4   0x000000e8   Code   RO         2582    i.RCC_GetClocksFreq  stm32f4xx_rcc.o
    0x080032ac   0x080032ac   0x00000040   Code   RO         2583    i.RCC_GetFlagStatus  stm32f4xx_rcc.o
    0x080032ec   0x080032ec   0x0000000c   Code   RO         2589    i.RCC_I2SCLKConfig  stm32f4xx_rcc.o
    0x080032f8   0x080032f8   0x0000000c   Code   RO         2601    i.RCC_PLLI2SCmd     stm32f4xx_rcc.o
    0x08003304   0x08003304   0x00000088   Code   RO         6013    i.RefillBitstreamCache  bitstream.o
    0x0800338c   0x0800338c   0x0000011c   Code   RO         4951    i.SDEnWideBus       bsp_sdio_sd.o
    0x080034a8   0x080034a8   0x0000000c   Code   RO         3495    i.SDIO_ClearFlag    stm32f4xx_sdio.o
    0x080034b4   0x080034b4   0x0000000c   Code   RO         3496    i.SDIO_ClearITPendingBit  stm32f4xx_sdio.o
    0x080034c0   0x080034c0   0x0000000c   Code   RO         3497    i.SDIO_ClockCmd     stm32f4xx_sdio.o
    0x080034cc   0x080034cc   0x0000000c   Code   RO         3500    i.SDIO_DMACmd       stm32f4xx_sdio.o
    0x080034d8   0x080034d8   0x00000034   Code   RO         3501    i.SDIO_DataConfig   stm32f4xx_sdio.o
    0x0800350c   0x0800350c   0x00000016   Code   RO         3503    i.SDIO_DeInit       stm32f4xx_sdio.o
    0x08003522   0x08003522   0x00000002   PAD
    0x08003524   0x08003524   0x0000000c   Code   RO         3504    i.SDIO_GetCommandResponse  stm32f4xx_sdio.o
    0x08003530   0x08003530   0x00000018   Code   RO         3507    i.SDIO_GetFlagStatus  stm32f4xx_sdio.o
    0x08003548   0x08003548   0x00000018   Code   RO         3508    i.SDIO_GetITStatus  stm32f4xx_sdio.o
    0x08003560   0x08003560   0x00000010   Code   RO         3509    i.SDIO_GetPowerState  stm32f4xx_sdio.o
    0x08003570   0x08003570   0x00000018   Code   RO         3510    i.SDIO_GetResponse  stm32f4xx_sdio.o
    0x08003588   0x08003588   0x00000008   Code   RO         4952    i.SDIO_IRQHandler   bsp_sdio_sd.o
    0x08003590   0x08003590   0x00000020   Code   RO         3511    i.SDIO_ITConfig     stm32f4xx_sdio.o
    0x080035b0   0x080035b0   0x00000030   Code   RO         3512    i.SDIO_Init         stm32f4xx_sdio.o
    0x080035e0   0x080035e0   0x0000000c   Code   RO         3513    i.SDIO_ReadData     stm32f4xx_sdio.o
    0x080035ec   0x080035ec   0x0000002c   Code   RO         3515    i.SDIO_SendCommand  stm32f4xx_sdio.o
    0x08003618   0x08003618   0x0000000c   Code   RO         3517    i.SDIO_SetPowerState  stm32f4xx_sdio.o
    0x08003624   0x08003624   0x0000000c   Code   RO         4954    i.SD_Detect         bsp_sdio_sd.o
    0x08003630   0x08003630   0x00000090   Code   RO         4955    i.SD_EnableWideBusOperation  bsp_sdio_sd.o
    0x080036c0   0x080036c0   0x0000031c   Code   RO         4957    i.SD_GetCardInfo    bsp_sdio_sd.o
    0x080039dc   0x080039dc   0x00000026   Code   RO         4959    i.SD_GetState       bsp_sdio_sd.o
    0x08003a02   0x08003a02   0x0000001e   Code   RO         4960    i.SD_GetStatus      bsp_sdio_sd.o
    0x08003a20   0x08003a20   0x000000c0   Code   RO         4963    i.SD_Init           bsp_sdio_sd.o
    0x08003ae0   0x08003ae0   0x0000013c   Code   RO         4964    i.SD_InitializeCards  bsp_sdio_sd.o
    0x08003c1c   0x08003c1c   0x00000090   Code   RO         4965    i.SD_LowLevel_DMA_RxConfig  bsp_sdio_sd.o
    0x08003cac   0x08003cac   0x00000090   Code   RO         4966    i.SD_LowLevel_DMA_TxConfig  bsp_sdio_sd.o
    0x08003d3c   0x08003d3c   0x000000a4   Code   RO         4968    i.SD_LowLevel_Init  bsp_sdio_sd.o
    0x08003de0   0x08003de0   0x000001a0   Code   RO         4970    i.SD_PowerON        bsp_sdio_sd.o
    0x08003f80   0x08003f80   0x00000028   Code   RO         4971    i.SD_ProcessDMAIRQ  bsp_sdio_sd.o
    0x08003fa8   0x08003fa8   0x000000ac   Code   RO         4972    i.SD_ProcessIRQSrc  bsp_sdio_sd.o
    0x08004054   0x08004054   0x000000f8   Code   RO         4974    i.SD_ReadMultiBlocks  bsp_sdio_sd.o
    0x0800414c   0x0800414c   0x00000038   Code   RO         4975    i.SD_SelectDeselect  bsp_sdio_sd.o
    0x08004184   0x08004184   0x00000054   Code   RO         4977    i.SD_SendStatus     bsp_sdio_sd.o
    0x080041d8   0x080041d8   0x00000034   Code   RO         4978    i.SD_StopTransfer   bsp_sdio_sd.o
    0x0800420c   0x0800420c   0x00000080   Code   RO         4979    i.SD_WaitReadOperation  bsp_sdio_sd.o
    0x0800428c   0x0800428c   0x00000080   Code   RO         4980    i.SD_WaitWriteOperation  bsp_sdio_sd.o
    0x0800430c   0x0800430c   0x00000158   Code   RO         4982    i.SD_WriteMultiBlocks  bsp_sdio_sd.o
    0x08004464   0x08004464   0x00000012   Code   RO         3725    i.SPI_I2S_DMACmd    stm32f4xx_spi.o
    0x08004476   0x08004476   0x00000002   PAD
    0x08004478   0x08004478   0x000000b0   Code   RO         3726    i.SPI_I2S_DeInit    stm32f4xx_spi.o
    0x08004528   0x08004528   0x00000002   Code   RO         4827    i.SVC_Handler       stm32f4xx_it.o
    0x0800452a   0x0800452a   0x00000002   PAD
    0x0800452c   0x0800452c   0x000000ec   Code   RO           13    i.SetSysClock       system_stm32f4xx.o
    0x08004618   0x08004618   0x00000008   Code   RO         4828    i.SysTick_Handler   stm32f4xx_it.o
    0x08004620   0x08004620   0x00000068   Code   RO         5250    i.SysTick_Init      bsp_systick.o
    0x08004688   0x08004688   0x00000068   Code   RO           15    i.SystemInit        system_stm32f4xx.o
    0x080046f0   0x080046f0   0x00000018   Code   RO         5251    i.TimingDelay_Decrement  bsp_systick.o
    0x08004708   0x08004708   0x00000018   Code   RO         4511    i.USART_Cmd         stm32f4xx_usart.o
    0x08004720   0x08004720   0x0000001a   Code   RO         4514    i.USART_GetFlagStatus  stm32f4xx_usart.o
    0x0800473a   0x0800473a   0x00000002   PAD
    0x0800473c   0x0800473c   0x000000d4   Code   RO         4518    i.USART_Init        stm32f4xx_usart.o
    0x08004810   0x08004810   0x00000008   Code   RO         4528    i.USART_SendData    stm32f4xx_usart.o
    0x08004818   0x08004818   0x000001c0   Code   RO         6244    i.UnpackSFMPEG1     scalfact.o
    0x080049d8   0x080049d8   0x000002cc   Code   RO         6245    i.UnpackSFMPEG2     scalfact.o
    0x08004ca4   0x08004ca4   0x00000004   Code   RO         4829    i.UsageFault_Handler  stm32f4xx_it.o
    0x08004ca8   0x08004ca8   0x00000020   Code   RO         5305    i.WM8978_I2C_TIMEOUT_UserCallback  bsp_wm8978.o
    0x08004cc8   0x08004cc8   0x000000f4   Code   RO         5306    i.WM8978_I2C_WriteRegister  bsp_wm8978.o
    0x08004dbc   0x08004dbc   0x00000154   Code   RO         6192    i.WinPrevious       imdct.o
    0x08004f10   0x08004f10   0x00000020   Code   RO         6429    i.__0printf$3       mc_w.l(printf3.o)
    0x08004f30   0x08004f30   0x0000000e   Code   RO         6643    i.__scatterload_copy  mc_w.l(handlers.o)
    0x08004f3e   0x08004f3e   0x00000002   Code   RO         6644    i.__scatterload_null  mc_w.l(handlers.o)
    0x08004f40   0x08004f40   0x0000000e   Code   RO         6645    i.__scatterload_zeroinit  mc_w.l(handlers.o)
    0x08004f4e   0x08004f4e   0x00000002   PAD
    0x08004f50   0x08004f50   0x000001b8   Code   RO         6436    i._printf_core      mc_w.l(printf3.o)
    0x08005108   0x08005108   0x00000090   Code   RO         5566    i.check_fs          ff.o
    0x08005198   0x08005198   0x00000014   Code   RO         5567    i.chk_chr           ff.o
    0x080051ac   0x080051ac   0x0000001a   Code   RO         5568    i.clust2sect        ff.o
    0x080051c6   0x080051c6   0x00000002   PAD
    0x080051c8   0x080051c8   0x000000a0   Code   RO         5569    i.cmp_lfn           ff.o
    0x08005268   0x08005268   0x000000d6   Code   RO         5570    i.create_chain      ff.o
    0x0800533e   0x0800533e   0x00000002   PAD
    0x08005340   0x08005340   0x00000270   Code   RO         5571    i.create_name       ff.o
    0x080055b0   0x080055b0   0x0000005c   Code   RO         5572    i.dir_alloc         ff.o
    0x0800560c   0x0800560c   0x000000ea   Code   RO         5573    i.dir_find          ff.o
    0x080056f6   0x080056f6   0x0000013a   Code   RO         5574    i.dir_next          ff.o
    0x08005830   0x08005830   0x0000012a   Code   RO         5576    i.dir_register      ff.o
    0x0800595a   0x0800595a   0x000000c8   Code   RO         5578    i.dir_sdi           ff.o
    0x08005a22   0x08005a22   0x0000002a   Code   RO         5502    i.disk_initialize   diskio.o
    0x08005a4c   0x08005a4c   0x0000006c   Code   RO         5503    i.disk_ioctl        diskio.o
    0x08005ab8   0x08005ab8   0x000000b4   Code   RO         5504    i.disk_read         diskio.o
    0x08005b6c   0x08005b6c   0x0000001c   Code   RO         5505    i.disk_status       diskio.o
    0x08005b88   0x08005b88   0x000000ba   Code   RO         5506    i.disk_write        diskio.o
    0x08005c42   0x08005c42   0x00000020   Code   RO         5580    i.f_close           ff.o
    0x08005c62   0x08005c62   0x00000002   PAD
    0x08005c64   0x08005c64   0x0000005c   Code   RO         5588    i.f_mount           ff.o
    0x08005cc0   0x08005cc0   0x0000017e   Code   RO         5589    i.f_open            ff.o
    0x08005e3e   0x08005e3e   0x000001d0   Code   RO         5594    i.f_read            ff.o
    0x0800600e   0x0800600e   0x000000b0   Code   RO         5599    i.f_sync            ff.o
    0x080060be   0x080060be   0x00000002   PAD
    0x080060c0   0x080060c0   0x0000007c   Code   RO         5913    i.ff_convert        cc936.o
    0x0800613c   0x0800613c   0x0000005c   Code   RO         5914    i.ff_wtoupper       cc936.o
    0x08006198   0x08006198   0x000003d8   Code   RO         5604    i.find_volume       ff.o
    0x08006570   0x08006570   0x00000080   Code   RO         5605    i.fit_lfn           ff.o
    0x080065f0   0x080065f0   0x00000090   Code   RO         5606    i.follow_path       ff.o
    0x08006680   0x08006680   0x00000024   Code   RO         5212    i.fputc             bsp_debug_usart.o
    0x080066a4   0x080066a4   0x000000cc   Code   RO         5607    i.gen_numname       ff.o
    0x08006770   0x08006770   0x0000013e   Code   RO         5608    i.get_fat           ff.o
    0x080068ae   0x080068ae   0x00000002   PAD
    0x080068b0   0x080068b0   0x00000008   Code   RO         5507    i.get_fattime       diskio.o
    0x080068b8   0x080068b8   0x0000004a   Code   RO         5610    i.get_ldnumber      ff.o
    0x08006902   0x08006902   0x00000002   PAD
    0x08006904   0x08006904   0x000001dc   Code   RO         6193    i.idct9             imdct.o
    0x08006ae0   0x08006ae0   0x000000f4   Code   RO         6194    i.imdct12           imdct.o
    0x08006bd4   0x08006bd4   0x00000020   Code   RO         5611    i.ld_clust          ff.o
    0x08006bf4   0x08006bf4   0x000000e4   Code   RO         4765    i.main              main.o
    0x08006cd8   0x08006cd8   0x00000026   Code   RO         5612    i.mem_cmp           ff.o
    0x08006cfe   0x08006cfe   0x0000001a   Code   RO         5613    i.mem_cpy           ff.o
    0x08006d18   0x08006d18   0x00000014   Code   RO         5614    i.mem_set           ff.o
    0x08006d2c   0x08006d2c   0x00000034   Code   RO         5615    i.move_window       ff.o
    0x08006d60   0x08006d60   0x00000528   Code   RO         4903    i.mp3PlayerDemo     mp3player.o
    0x08007288   0x08007288   0x00000188   Code   RO         5617    i.put_fat           ff.o
    0x08007410   0x08007410   0x0000006c   Code   RO         5619    i.remove_chain      ff.o
    0x0800747c   0x0800747c   0x00000010   Code   RO         5620    i.st_clust          ff.o
    0x0800748c   0x0800748c   0x00000020   Code   RO         5621    i.sum_sfn           ff.o
    0x080074ac   0x080074ac   0x000000c8   Code   RO         5622    i.sync_fs           ff.o
    0x08007574   0x08007574   0x00000052   Code   RO         5623    i.sync_window       ff.o
    0x080075c6   0x080075c6   0x00000032   Code   RO         5624    i.validate          ff.o
    0x080075f8   0x080075f8   0x0000004c   Code   RO         5307    i.wm8978_CfgAudioIF  bsp_wm8978.o
    0x08007644   0x08007644   0x00000270   Code   RO         5308    i.wm8978_CfgAudioPath  bsp_wm8978.o
    0x080078b4   0x080078b4   0x00000014   Code   RO         5310    i.wm8978_Init       bsp_wm8978.o
    0x080078c8   0x080078c8   0x00000008   Code   RO         5313    i.wm8978_PowerDown  bsp_wm8978.o
    0x080078d0   0x080078d0   0x0000003c   Code   RO         5317    i.wm8978_Reset      bsp_wm8978.o
    0x0800790c   0x0800790c   0x00000022   Code   RO         5320    i.wm8978_SetOUT1Volume  bsp_wm8978.o
    0x0800792e   0x0800792e   0x00000002   PAD
    0x08007930   0x08007930   0x00000020   Code   RO         5322    i.wm8978_WriteReg   bsp_wm8978.o
    0x08007950   0x08007950   0x00000094   Code   RO         6068    i.xmp3_AllocateBuffers  buffers.o
    0x080079e4   0x080079e4   0x00000012   Code   RO         6014    i.xmp3_CalcBitsUsed  bitstream.o
    0x080079f6   0x080079f6   0x0000001c   Code   RO         6015    i.xmp3_CheckPadBit  bitstream.o
    0x08007a12   0x08007a12   0x0000021e   Code   RO         6154    i.xmp3_DecodeHuffman  huffman.o
    0x08007c30   0x08007c30   0x00000280   Code   RO         6130    i.xmp3_DequantChannel  dqchan.o
    0x08007eb0   0x08007eb0   0x00000284   Code   RO         6109    i.xmp3_Dequantize   dequant.o
    0x08008134   0x08008134   0x00000d2c   Code   RO         6094    i.xmp3_FDCT32       dct32.o
    0x08008e60   0x08008e60   0x00000002   Code   RO         6069    i.xmp3_FreeBuffers  buffers.o
    0x08008e62   0x08008e62   0x00000050   Code   RO         6016    i.xmp3_GetBits      bitstream.o
    0x08008eb2   0x08008eb2   0x000001fa   Code   RO         6195    i.xmp3_IMDCT        imdct.o
    0x080090ac   0x080090ac   0x000002f0   Code   RO         6268    i.xmp3_IntensityProcMPEG1  stproc.o
    0x0800939c   0x0800939c   0x000002cc   Code   RO         6269    i.xmp3_IntensityProcMPEG2  stproc.o
    0x08009668   0x08009668   0x0000006a   Code   RO         6270    i.xmp3_MidSideProc  stproc.o
    0x080096d2   0x080096d2   0x0000000c   Code   RO         6017    i.xmp3_SetBitstreamPointer  bitstream.o
    0x080096de   0x080096de   0x00000002   PAD
    0x080096e0   0x080096e0   0x00000118   Code   RO         6292    i.xmp3_Subband      subband.o
    0x080097f8   0x080097f8   0x000001f4   Code   RO         6018    i.xmp3_UnpackFrameHeader  bitstream.o
    0x080099ec   0x080099ec   0x00000128   Code   RO         6246    i.xmp3_UnpackScaleFactors  scalfact.o
    0x08009b14   0x08009b14   0x0000022c   Code   RO         6019    i.xmp3_UnpackSideInfo  bitstream.o
    0x08009d40   0x08009d40   0x00000074   Data   RO         5323    .constdata          bsp_wm8978.o
    0x08009db4   0x08009db4   0x0000003a   Data   RO         5625    .constdata          ff.o
    0x08009dee   0x08009dee   0x0002b0c0   Data   RO         5915    .constdata          cc936.o
    0x08034eae   0x08034eae   0x00000002   PAD
    0x08034eb0   0x08034eb0   0x000004fe   Data   RO         6001    .constdata          mp3tabs.o
    0x080353ae   0x080353ae   0x00000002   PAD
    0x080353b0   0x080353b0   0x000000c0   Data   RO         6095    .constdata          dct32.o
    0x08035470   0x08035470   0x00000250   Data   RO         6131    .constdata          dqchan.o
    0x080356c0   0x080356c0   0x00002304   Data   RO         6174    .constdata          hufftabs.o
    0x080379c4   0x080379c4   0x00000078   Data   RO         6196    .constdata          imdct.o
    0x08037a3c   0x08037a3c   0x00000068   Data   RO         6247    .constdata          scalfact.o
    0x08037aa4   0x08037aa4   0x0000086c   Data   RO         6304    .constdata          trigtabs.o
    0x08038310   0x08038310   0x00000020   Data   RO         6641    Region$$Table       anon$$obj.o


    Execution Region RW_IRAM1 (Exec base: 0x20000000, Load base: 0x08038330, Size: 0x0000b2e8, Max: 0x00020000, ABSOLUTE)

    Exec Addr    Load Addr    Size         Type   Attr      Idx    E Section Name        Object

    0x20000000   0x08038330   0x00000014   Data   RW           16    .data               system_stm32f4xx.o
    0x20000014   0x08038344   0x00000010   Data   RW         2614    .data               stm32f4xx_rcc.o
    0x20000024   0x08038354   0x00000014   Data   RW         4905    .data               mp3player.o
    0x20000038   0x08038368   0x00000018   Data   RW         4985    .data               bsp_sdio_sd.o
    0x20000050   0x08038380   0x00000004   Data   RW         5252    .data               bsp_systick.o
    0x20000054   0x08038384   0x00000080   Data   RW         5324    .data               bsp_wm8978.o
    0x200000d4   0x08038404   0x0000000a   Data   RW         5626    .data               ff.o
    0x200000de   0x0803840e   0x00000002   PAD
    0x200000e0   0x08038410   0x00000004   Data   RW         6617    .data               mc_w.l(stdout.o)
    0x200000e4        -       0x00001030   Zero   RW         4766    .bss                main.o
    0x20001114        -       0x00003ff8   Zero   RW         4904    .bss                mp3player.o
    0x2000510c   0x08038414   0x00000004   PAD
    0x20005110        -       0x000000cc   Zero   RW         4984    .bss                bsp_sdio_sd.o
    0x200051dc        -       0x00005d08   Zero   RW         6070    .bss                buffers.o
    0x2000aee4   0x08038414   0x00000004   PAD
    0x2000aee8        -       0x00000400   Zero   RW            1    STACK               startup_stm32f40xx.o


==============================================================================

Image component sizes


      Code (inc. data)   RO Data    RW Data    ZI Data      Debug   Object Name

        22          0          0          0          0        548   asmmisc.o
      2062          0          0          0          0        728   asmpoly_thumb2.o
      1330         24          0          0          0      11830   bitstream.o
       188         12          0          0          0       1577   bsp_debug_usart.o
      5068        292          0         24        204      36103   bsp_sdio_sd.o
       152         26          0          4          0      29243   bsp_systick.o
      1926        136        116        128          0      14983   bsp_wm8978.o
       172         32          0          0      23816       3172   buffers.o
       216         16     176320          0          0       3291   cc936.o
      3372         10        192          0          0       4922   dct32.o
       672          4          0          0          0       2666   dequant.o
       552         10          0          0          0       7473   diskio.o
      1104         38        592          0          0       5154   dqchan.o
      6372         66         58         10          0      37873   ff.o
      1830         26          0          0          0       6973   huffman.o
         0          0       8964          0          0       6084   hufftabs.o
      4134         56        120          0          0      14057   imdct.o
       228        144          0          0       4144       6096   main.o
       140         24          0          0          0       2131   misc.o
      1122          6          0          0          0       8775   mp3dec.o
      1364        438          0         20      16376       4450   mp3player.o
         0          0       1278          0          0       2345   mp3tabs.o
      1460         10        104          0          0       5326   scalfact.o
        36          8        392          0       1024       1060   startup_stm32f40xx.o
       804         72          0          0          0      10492   stm32f4xx_dma.o
       214          0          0          0          0       2359   stm32f4xx_gpio.o
       448         14          0          0          0       8030   stm32f4xx_i2c.o
        56         18          0          0          0       5378   stm32f4xx_it.o
       480         64          0         16          0       9632   stm32f4xx_rcc.o
       370         80          0          0          0      13790   stm32f4xx_sdio.o
       626         36          0          0          0       4259   stm32f4xx_spi.o
       270          8          0          0          0       4232   stm32f4xx_usart.o
      1574         18          0          0          0       5395   stproc.o
       280          4          0          0          0       1511   subband.o
       340         32          0         20          0     314037   system_stm32f4xx.o
         0          0       2156          0          0       1232   trigtabs.o

    ----------------------------------------------------------------------
     39030       1724     190328        224      45572     597207   Object Totals
         0          0         32          0          0          0   (incl. Generated)
        46          0          4          2          8          0   (incl. Padding)

    ----------------------------------------------------------------------

      Code (inc. data)   RO Data    RW Data    ZI Data      Debug   Library Member Name

         0          0          0          0          0          0   entry.o
         0          0          0          0          0          0   entry10a.o
         0          0          0          0          0          0   entry11a.o
         4          0          0          0          0          0   entry12b.o
         8          4          0          0          0          0   entry2.o
         4          0          0          0          0          0   entry5.o
         0          0          0          0          0          0   entry7b.o
         0          0          0          0          0          0   entry8b.o
         8          4          0          0          0          0   entry9a.o
        30          0          0          0          0          0   handlers.o
        36          8          0          0          0         68   init.o
        30          0          0          0          0         68   llshl.o
        32          0          0          0          0         68   llushr.o
        64          0          0          0          0         76   memmovea.o
       472         14          0          0          0        184   printf3.o
         0          0          0          4          0          0   stdout.o
        44          0          0          0          0         80   uidiv.o
        98          0          0          0          0         92   uldiv.o

    ----------------------------------------------------------------------
       834         30          0          4          0        636   Library Totals
         4          0          0          0          0          0   (incl. Padding)

    ----------------------------------------------------------------------

      Code (inc. data)   RO Data    RW Data    ZI Data      Debug   Library Name

       830         30          0          4          0        636   mc_w.l

    ----------------------------------------------------------------------
       834         30          0          4          0        636   Library Totals

    ----------------------------------------------------------------------

==============================================================================


      Code (inc. data)   RO Data    RW Data    ZI Data      Debug   

     39864       1754     190328        228      45572     577587   Grand Totals
     39864       1754     190328        228      45572     577587   ELF Image Totals
     39864       1754     190328        228          0          0   ROM Totals

==============================================================================

    Total RO  Size (Code + RO Data)               230192 ( 224.80kB)
    Total RW  Size (RW Data + ZI Data)             45800 (  44.73kB)
    Total ROM Size (Code + RO Data + RW Data)     230420 ( 225.02kB)

==============================================================================

