Component: ARM Compiler 5.06 update 7 (build 960) Tool: armlink [4d3601]

==============================================================================

Section Cross References

    main.o(.text) refers to misc.o(.text) for NVIC_PriorityGroupConfig
    main.o(.text) refers to delay.o(.text) for delay_init
    main.o(.text) refers to usart.o(.text) for uart_init
    main.o(.text) refers to led.o(.text) for LED_Init
    main.o(.text) refers to lcd.o(.text) for LCD_Init
    main.o(.text) refers to key.o(.text) for KEY_Init
    main.o(.text) refers to w25qxx.o(.text) for W25QXX_Init
    main.o(.text) refers to wm8978.o(.text) for WM8978_Init
    main.o(.text) refers to malloc.o(.text) for my_mem_init
    main.o(.text) refers to exfuns.o(.text) for exfuns_init
    main.o(.text) refers to ff.o(.text) for f_mount
    main.o(.text) refers to audioplay.o(.text) for audio_play
    main.o(.text) refers to usmart_config.o(.data) for usmart_dev
    main.o(.text) refers to exfuns.o(.bss) for fs
    main.o(.text) refers to lcd.o(.data) for POINT_COLOR
    main.o(.text) refers to main.o(.data) for i
    main.o(.text) refers to main.o(.constdata) for gImage_image
    system_stm32f4xx.o(.text) refers to system_stm32f4xx.o(.data) for SystemCoreClock
    led.o(.text) refers to stm32f4xx_rcc.o(.text) for RCC_AHB1PeriphClockCmd
    led.o(.text) refers to stm32f4xx_gpio.o(.text) for GPIO_Init
    lcd.o(.text) refers to _printf_percent.o(.ARM.Collect$$_printf_percent$$00000000) for _printf_percent
    lcd.o(.text) refers to _printf_x.o(.ARM.Collect$$_printf_percent$$0000000C) for _printf_x
    lcd.o(.text) refers to _printf_hex_int.o(.text) for _printf_longlong_hex
    lcd.o(.text) refers to delay.o(.text) for delay_us
    lcd.o(.text) refers to lcd.o(.bss) for lcddev
    lcd.o(.text) refers to lcd.o(.constdata) for chinese
    lcd.o(.text) refers to lcd.o(.data) for POINT_COLOR
    lcd.o(.text) refers to dflt_clz.o(x$fpl$dfltu) for __aeabi_ui2d
    lcd.o(.text) refers to dmul.o(x$fpl$dmul) for __aeabi_dmul
    lcd.o(.text) refers to dfixu.o(x$fpl$dfixu) for __aeabi_d2uiz
    lcd.o(.text) refers to stm32f4xx_rcc.o(.text) for RCC_AHB1PeriphClockCmd
    lcd.o(.text) refers to stm32f4xx_gpio.o(.text) for GPIO_Init
    lcd.o(.text) refers to stm32f4xx_fsmc.o(.text) for FSMC_NORSRAMInit
    lcd.o(.text) refers to noretval__2printf.o(.text) for __2printf
    key.o(.text) refers to stm32f4xx_rcc.o(.text) for RCC_AHB1PeriphClockCmd
    key.o(.text) refers to stm32f4xx_gpio.o(.text) for GPIO_Init
    key.o(.text) refers to delay.o(.text) for delay_ms
    key.o(.text) refers to key.o(.data) for key_up
    spi.o(.text) refers to stm32f4xx_spi.o(.text) for SPI_I2S_GetFlagStatus
    spi.o(.text) refers to stm32f4xx_rcc.o(.text) for RCC_AHB1PeriphClockCmd
    spi.o(.text) refers to stm32f4xx_gpio.o(.text) for GPIO_Init
    w25qxx.o(.text) refers to _printf_percent.o(.ARM.Collect$$_printf_percent$$00000000) for _printf_percent
    w25qxx.o(.text) refers to _printf_x.o(.ARM.Collect$$_printf_percent$$0000000C) for _printf_x
    w25qxx.o(.text) refers to _printf_hex_int.o(.text) for _printf_longlong_hex
    w25qxx.o(.text) refers to spi.o(.text) for SPI1_ReadWriteByte
    w25qxx.o(.text) refers to stm32f4xx_rcc.o(.text) for RCC_AHB1PeriphClockCmd
    w25qxx.o(.text) refers to stm32f4xx_gpio.o(.text) for GPIO_Init
    w25qxx.o(.text) refers to noretval__2printf.o(.text) for __2printf
    w25qxx.o(.text) refers to delay.o(.text) for delay_us
    w25qxx.o(.text) refers to w25qxx.o(.data) for W25QXX_TYPE
    w25qxx.o(.text) refers to w25qxx.o(.bss) for W25QXX_BUFFER
    sdio_sdcard.o(.text) refers to stm32f4xx_sdio.o(.text) for SDIO_GetFlagStatus
    sdio_sdcard.o(.text) refers to sdio_sdcard.o(.data) for DeviceMode
    sdio_sdcard.o(.text) refers to sdio_sdcard.o(.bss) for SDIO_CmdInitStructure
    sdio_sdcard.o(.text) refers to stm32f4xx_rcc.o(.text) for RCC_AHB1PeriphClockCmd
    sdio_sdcard.o(.text) refers to stm32f4xx_gpio.o(.text) for GPIO_Init
    sdio_sdcard.o(.text) refers to misc.o(.text) for NVIC_Init
    sdio_sdcard.o(.text) refers to stm32f4xx_dma.o(.text) for DMA_GetCmdStatus
    sdio_sdcard.o(.text) refers to sys.o(.emb_text) for INTX_DISABLE
    sdio_sdcard.o(.text) refers to rt_memcpy_v6.o(.text) for __aeabi_memcpy
    myiic.o(.text) refers to stm32f4xx_rcc.o(.text) for RCC_AHB1PeriphClockCmd
    myiic.o(.text) refers to stm32f4xx_gpio.o(.text) for GPIO_Init
    myiic.o(.text) refers to delay.o(.text) for delay_us
    24cxx.o(.text) refers to myiic.o(.text) for IIC_Init
    24cxx.o(.text) refers to delay.o(.text) for delay_ms
    i2s.o(.text) refers to stm32f4xx_rcc.o(.text) for RCC_APB1PeriphClockCmd
    i2s.o(.text) refers to stm32f4xx_spi.o(.text) for I2S_Init
    i2s.o(.text) refers to stm32f4xx_dma.o(.text) for DMA_DeInit
    i2s.o(.text) refers to misc.o(.text) for NVIC_Init
    i2s.o(.text) refers to i2s.o(.constdata) for I2S_PSC_TBL
    i2s.o(.text) refers to i2s.o(.data) for i2s_tx_callback
[...]
    SD_GetCardInfo                           0x08005c79   Thumb Code   802  sdio_sdcard.o(.text)
    CmdResp2Error                            0x08005f9b   Thumb Code    80  sdio_sdcard.o(.text)
    CmdResp6Error                            0x08005feb   Thumb Code   144  sdio_sdcard.o(.text)
    SD_InitializeCards                       0x0800607b   Thumb Code   354  sdio_sdcard.o(.text)
    CmdResp3Error                            0x080061dd   Thumb Code    52  sdio_sdcard.o(.text)
    CmdResp7Error                            0x08006211   Thumb Code    72  sdio_sdcard.o(.text)
    CmdError                                 0x08006259   Thumb Code    48  sdio_sdcard.o(.text)
    SD_PowerON                               0x08006289   Thumb Code   460  sdio_sdcard.o(.text)
    SD_Init                                  0x08006455   Thumb Code   334  sdio_sdcard.o(.text)
    SD_PowerOFF                              0x080065a3   Thumb Code    12  sdio_sdcard.o(.text)
    SD_DMA_Config                            0x080065af   Thumb Code   118  sdio_sdcard.o(.text)
    convert_from_bytes_to_power_of_two       0x08006625   Thumb Code    18  sdio_sdcard.o(.text)
    SD_ReadBlock                             0x08006637   Thumb Code   578  sdio_sdcard.o(.text)
    SD_ReadMultiBlocks                       0x08006879   Thumb Code   762  sdio_sdcard.o(.text)
    IsCardProgramming                        0x08006b73   Thumb Code   150  sdio_sdcard.o(.text)
    SD_WriteBlock                            0x08006c09   Thumb Code   914  sdio_sdcard.o(.text)
    SD_WriteMultiBlocks                      0x08006f9b   Thumb Code   976  sdio_sdcard.o(.text)
    SD_ProcessIRQSrc                         0x0800736b   Thumb Code   322  sdio_sdcard.o(.text)
    SDIO_IRQHandler                          0x080074ad   Thumb Code     8  sdio_sdcard.o(.text)
    SD_SendStatus                            0x080074b5   Thumb Code    74  sdio_sdcard.o(.text)
    SD_GetState                              0x080074ff   Thumb Code    26  sdio_sdcard.o(.text)
    SD_ReadDisk                              0x08007519   Thumb Code   188  sdio_sdcard.o(.text)
    SD_WriteDisk                             0x080075d5   Thumb Code   148  sdio_sdcard.o(.text)
    IIC_Init                                 0x0800766d   Thumb Code    62  myiic.o(.text)
    IIC_Start                                0x080076ab   Thumb Code    68  myiic.o(.text)
    IIC_Stop                                 0x080076ef   Thumb Code    62  myiic.o(.text)
    IIC_Wait_Ack                             0x0800772d   Thumb Code    82  myiic.o(.text)
    IIC_Ack                                  0x0800777f   Thumb Code    66  myiic.o(.text)
    IIC_NAck                                 0x080077c1   Thumb Code    66  myiic.o(.text)
    IIC_Send_Byte                            0x08007803   Thumb Code    90  myiic.o(.text)
    IIC_Read_Byte                            0x0800785d   Thumb Code    94  myiic.o(.text)
    I2S2_Init                                0x080078c9   Thumb Code    94  i2s.o(.text)
    I2S2_SampleRate_Set                      0x08007927   Thumb Code   150  i2s.o(.text)
    I2S2_TX_DMA_Init                         0x080079bd   Thumb Code   156  i2s.o(.text)
    DMA1_Stream4_IRQHandler                  0x08007a59   Thumb Code    30  i2s.o(.text)
    I2S_Play_Start                           0x08007a77   Thumb Code    12  i2s.o(.text)
    I2S_Play_Stop                            0x08007a83   Thumb Code    12  i2s.o(.text)
    WM8978_Write_Reg                         0x08007aa9   Thumb Code    80  wm8978.o(.text)
    WM8978_Init                              0x08007af9   Thumb Code   244  wm8978.o(.text)
    WM8978_Read_Reg                          0x08007bed   Thumb Code    10  wm8978.o(.text)
    WM8978_ADDA_Cfg                          0x08007bf7   Thumb Code    64  wm8978.o(.text)
    WM8978_AUX_Gain                          0x08007c37   Thumb Code    54  wm8978.o(.text)
    WM8978_LINEIN_Gain                       0x08007c6d   Thumb Code    54  wm8978.o(.text)
    WM8978_Input_Cfg                         0x08007ca3   Thumb Code   102  wm8978.o(.text)
    WM8978_Output_Cfg                        0x08007d09   Thumb Code    42  wm8978.o(.text)
    WM8978_MIC_Gain                          0x08007d33   Thumb Code    28  wm8978.o(.text)
    WM8978_I2S_Cfg                           0x08007d4f   Thumb Code    28  wm8978.o(.text)
    WM8978_HPvol_Set                         0x08007d6b   Thumb Code    46  wm8978.o(.text)
    WM8978_SPKvol_Set                        0x08007d99   Thumb Code    34  wm8978.o(.text)
    WM8978_3D_Set                            0x08007dbb   Thumb Code    18  wm8978.o(.text)
    WM8978_EQ_3D_Dir                         0x08007dcd   Thumb Code    34  wm8978.o(.text)
    WM8978_EQ1_Set                           0x08007def   Thumb Code    50  wm8978.o(.text)
    WM8978_EQ2_Set                           0x08007e21   Thumb Code    40  wm8978.o(.text)
    WM8978_EQ3_Set                           0x08007e49   Thumb Code    40  wm8978.o(.text)
    WM8978_EQ4_Set                           0x08007e71   Thumb Code    40  wm8978.o(.text)
    WM8978_EQ5_Set                           0x08007e99   Thumb Code    40  wm8978.o(.text)
    delay_init                               0x08007ecd   Thumb Code    52  delay.o(.text)
    delay_us                                 0x08007f01   Thumb Code    72  delay.o(.text)
    delay_xms                                0x08007f49   Thumb Code    72  delay.o(.text)
    delay_ms                                 0x08007f91   Thumb Code    56  delay.o(.text)
    _sys_exit                                0x08007fd1   Thumb Code     4  usart.o(.text)
    fputc                                    0x08007fd5   Thumb Code    22  usart.o(.text)
    uart_init                                0x08007feb   Thumb Code   164  usart.o(.text)
    USART1_IRQHandler                        0x0800808f   Thumb Code   122  usart.o(.text)
    Reset_Handler                            0x08008119   Thumb Code     8  startup_stm32f40_41xxx.o(.text)
    ADC_IRQHandler                           0x08008133   Thumb Code     0  startup_stm32f40_41xxx.o(.text)
    CAN1_RX0_IRQHandler                      0x08008133   Thumb Code     0  startup_stm32f40_41xxx.o(.text)
    CAN1_RX1_IRQHandler                      0x08008133   Thumb Code     0  startup_stm32f40_41xxx.o(.text)
    CAN1_SCE_IRQHandler                      0x08008133   Thumb Code     0  startup_stm32f40_41xxx.o(.text)
    CAN1_TX_IRQHandler                       0x08008133   Thumb Code     0  startup_stm32f40_41xxx.o(.text)
    CAN2_RX0_IRQHandler                      0x08008133   Thumb Code     0  startup_stm32f40_41xxx.o(.text)
    CAN2_RX1_IRQHandler                      0x08008133   Thumb Code     0  startup_stm32f40_41xxx.o(.text)
    CAN2_SCE_IRQHandler                      0x08008133   Thumb Code     0  startup_stm32f40_41xxx.o(.text)
    CAN2_TX_IRQHandler                       0x08008133   Thumb Code     0  startup_stm32f40_41xxx.o(.text)
    CRYP_IRQHandler                          0x08008133   Thumb Code     0  startup_stm32f40_41xxx.o(.text)
    DCMI_IRQHandler                          0x08008133   Thumb Code     0  startup_stm32f40_41xxx.o(.text)
    DMA1_Stream0_IRQHandler                  0x08008133   Thumb Code     0  startup_stm32f40_41xxx.o(.text)
    DMA1_Stream1_IRQHandler                  0x08008133   Thumb Code     0  startup_stm32f40_41xxx.o(.text)
    DMA1_Stream2_IRQHandler                  0x08008133   Thumb Code     0  startup_stm32f40_41xxx.o(.text)
    DMA1_Stream3_IRQHandler                  0x08008133   Thumb Code     0  startup_stm32f40_41xxx.o(.text)
    DMA1_Stream5_IRQHandler                  0x08008133   Thumb Code     0  startup_stm32f40_41xxx.o(.text)
    DMA1_Stream6_IRQHandler                  0x08008133   Thumb Code     0  startup_stm32f40_41xxx.o(.text)
    DMA1_Stream7_IRQHandler                  0x08008133   Thumb Code     0  startup_stm32f40_41xxx.o(.text)
    DMA2_Stream0_IRQHandler                  0x08008133   Thumb Code     0  startup_stm32f40_41xxx.o(.text)
    DMA2_Stream1_IRQHandler                  0x08008133   Thumb Code     0  startup_stm32f40_41xxx.o(.text)
    DMA2_Stream2_IRQHandler                  0x08008133   Thumb Code     0  startup_stm32f40_41xxx.o(.text)
    DMA2_Stream3_IRQHandler                  0x08008133   Thumb Code     0  startup_stm32f40_41xxx.o(.text)
    DMA2_Stream4_IRQHandler                  0x08008133   Thumb Code     0  startup_stm32f40_41xxx.o(.text)
    DMA2_Stream5_IRQHandler                  0x08008133   Thumb Code     0  startup_stm32f40_41xxx.o(.text)
    DMA2_Stream6_IRQHandler                  0x08008133   Thumb Code     0  startup_stm32f40_41xxx.o(.text)
    DMA2_Stream7_IRQHandler                  0x08008133   Thumb Code     0  startup_stm32f40_41xxx.o(.text)
    ETH_IRQHandler                           0x08008133   Thumb Code     0  startup_stm32f40_41xxx.o(.text)
    ETH_WKUP_IRQHandler                      0x08008133   Thumb Code     0  startup_stm32f40_41xxx.o(.text)
    EXTI0_IRQHandler                         0x08008133   Thumb Code     0  startup_stm32f40_41xxx.o(.text)
    EXTI15_10_IRQHandler                     0x08008133   Thumb Code     0  startup_stm32f40_41xxx.o(.text)
    EXTI1_IRQHandler                         0x08008133   Thumb Code     0  startup_stm32f40_41xxx.o(.text)
    EXTI2_IRQHandler                         0x08008133   Thumb Code     0  startup_stm32f40_41xxx.o(.text)
    EXTI3_IRQHandler                         0x08008133   Thumb Code     0  startup_stm32f40_41xxx.o(.text)
    EXTI4_IRQHandler                         0x08008133   Thumb Code     0  startup_stm32f40_41xxx.o(.text)
    EXTI9_5_IRQHandler                       0x08008133   Thumb Code     0  startup_stm32f40_41xxx.o(.text)
    FLASH_IRQHandler                         0x08008133   Thumb Code     0  startup_stm32f40_41xxx.o(.text)
    FPU_IRQHandler                           0x08008133   Thumb Code     0  startup_stm32f40_41xxx.o(.text)
    FSMC_IRQHandler                          0x08008133   Thumb Code     0  startup_stm32f40_41xxx.o(.text)
    HASH_RNG_IRQHandler                      0x08008133   Thumb Code     0  startup_stm32f40_41xxx.o(.text)
    I2C1_ER_IRQHandler                       0x08008133   Thumb Code     0  startup_stm32f40_41xxx.o(.text)
    I2C1_EV_IRQHandler                       0x08008133   Thumb Code     0  startup_stm32f40_41xxx.o(.text)
    I2C2_ER_IRQHandler                       0x08008133   Thumb Code     0  startup_stm32f40_41xxx.o(.text)
    I2C2_EV_IRQHandler                       0x08008133   Thumb Code     0  startup_stm32f40_41xxx.o(.text)
    I2C3_ER_IRQHandler                       0x08008133   Thumb Code     0  startup_stm32f40_41xxx.o(.text)
    I2C3_EV_IRQHandler                       0x08008133   Thumb Code     0  startup_stm32f40_41xxx.o(.text)
    OTG_FS_IRQHandler                        0x08008133   Thumb Code     0  startup_stm32f40_41xxx.o(.text)
    OTG_FS_WKUP_IRQHandler                   0x08008133   Thumb Code     0  startup_stm32f40_41xxx.o(.text)
    OTG_HS_EP1_IN_IRQHandler                 0x08008133   Thumb Code     0  startup_stm32f40_41xxx.o(.text)
    OTG_HS_EP1_OUT_IRQHandler                0x08008133   Thumb Code     0  startup_stm32f40_41xxx.o(.text)
    OTG_HS_IRQHandler                        0x08008133   Thumb Code     0  startup_stm32f40_41xxx.o(.text)
    OTG_HS_WKUP_IRQHandler                   0x08008133   Thumb Code     0  startup_stm32f40_41xxx.o(.text)
    PVD_IRQHandler                           0x08008133   Thumb Code     0  startup_stm32f40_41xxx.o(.text)
    RCC_IRQHandler                           0x08008133   Thumb Code     0  startup_stm32f40_41xxx.o(.text)
    RTC_Alarm_IRQHandler                     0x08008133   Thumb Code     0  startup_stm32f40_41xxx.o(.text)
    RTC_WKUP_IRQHandler                      0x08008133   Thumb Code     0  startup_stm32f40_41xxx.o(.text)
    SPI1_IRQHandler                          0x08008133   Thumb Code     0  startup_stm32f40_41xxx.o(.text)
    SPI2_IRQHandler                          0x08008133   Thumb Code     0  startup_stm32f40_41xxx.o(.text)
    SPI3_IRQHandler                          0x08008133   Thumb Code     0  startup_stm32f40_41xxx.o(.text)
    TAMP_STAMP_IRQHandler                    0x08008133   Thumb Code     0  startup_stm32f40_41xxx.o(.text)
    TIM1_BRK_TIM9_IRQHandler                 0x08008133   Thumb Code     0  startup_stm32f40_41xxx.o(.text)
    TIM1_CC_IRQHandler                       0x08008133   Thumb Code     0  startup_stm32f40_41xxx.o(.text)
    TIM1_TRG_COM_TIM11_IRQHandler            0x08008133   Thumb Code     0  startup_stm32f40_41xxx.o(.text)
    TIM1_UP_TIM10_IRQHandler                 0x08008133   Thumb Code     0  startup_stm32f40_41xxx.o(.text)
    TIM2_IRQHandler                          0x08008133   Thumb Code     0  startup_stm32f40_41xxx.o(.text)
    TIM3_IRQHandler                          0x08008133   Thumb Code     0  startup_stm32f40_41xxx.o(.text)
    TIM5_IRQHandler                          0x08008133   Thumb Code     0  startup_stm32f40_41xxx.o(.text)
    TIM6_DAC_IRQHandler                      0x08008133   Thumb Code     0  startup_stm32f40_41xxx.o(.text)
    TIM7_IRQHandler                          0x08008133   Thumb Code     0  startup_stm32f40_41xxx.o(.text)
    TIM8_BRK_TIM12_IRQHandler                0x08008133   Thumb Code     0  startup_stm32f40_41xxx.o(.text)
    TIM8_CC_IRQHandler                       0x08008133   Thumb Code     0  startup_stm32f40_41xxx.o(.text)
    TIM8_TRG_COM_TIM14_IRQHandler            0x08008133   Thumb Code     0  startup_stm32f40_41xxx.o(.text)
    TIM8_UP_TIM13_IRQHandler                 0x08008133   Thumb Code     0  startup_stm32f40_41xxx.o(.text)
    UART4_IRQHandler                         0x08008133   Thumb Code     0  startup_stm32f40_41xxx.o(.text)
    UART5_IRQHandler                         0x08008133   Thumb Code     0  startup_stm32f40_41xxx.o(.text)
    USART2_IRQHandler                        0x08008133   Thumb Code     0  startup_stm32f40_41xxx.o(.text)
    USART3_IRQHandler                        0x08008133   Thumb Code     0  startup_stm32f40_41xxx.o(.text)
    USART6_IRQHandler                        0x08008133   Thumb Code     0  startup_stm32f40_41xxx.o(.text)
    WWDG_IRQHandler                          0x08008133   Thumb Code     0  startup_stm32f40_41xxx.o(.text)
    __user_initial_stackheap                 0x08008135   Thumb Code     0  startup_stm32f40_41xxx.o(.text)
    NVIC_PriorityGroupConfig                 0x08008159   Thumb Code    10  misc.o(.text)
    NVIC_Init                                0x08008163   Thumb Code   106  misc.o(.text)
    NVIC_SetVectorTable                      0x080081cd   Thumb Code    14  misc.o(.text)
    NVIC_SystemLPConfig                      0x080081db   Thumb Code    34  misc.o(.text)
    SysTick_CLKSourceConfig                  0x080081fd   Thumb Code    40  misc.o(.text)
    GPIO_DeInit                              0x08008239   Thumb Code   268  stm32f4xx_gpio.o(.text)
    GPIO_Init                                0x08008345   Thumb Code   144  stm32f4xx_gpio.o(.text)
    GPIO_StructInit                          0x080083d5   Thumb Code    18  stm32f4xx_gpio.o(.text)
    GPIO_PinLockConfig                       0x080083e7   Thumb Code    34  stm32f4xx_gpio.o(.text)
    GPIO_ReadInputDataBit                    0x08008409   Thumb Code    18  stm32f4xx_gpio.o(.text)
    GPIO_ReadInputData                       0x0800841b   Thumb Code     8  stm32f4xx_gpio.o(.text)
    GPIO_ReadOutputDataBit                   0x08008423   Thumb Code    18  stm32f4xx_gpio.o(.text)
    GPIO_ReadOutputData                      0x08008435   Thumb Code     8  stm32f4xx_gpio.o(.text)
    GPIO_SetBits                             0x0800843d   Thumb Code     4  stm32f4xx_gpio.o(.text)
    GPIO_ResetBits                           0x08008441   Thumb Code     4  stm32f4xx_gpio.o(.text)
    GPIO_WriteBit                            0x08008445   Thumb Code    10  stm32f4xx_gpio.o(.text)
    GPIO_Write                               0x0800844f   Thumb Code     4  stm32f4xx_gpio.o(.text)
    GPIO_ToggleBits                          0x08008453   Thumb Code     8  stm32f4xx_gpio.o(.text)
    GPIO_PinAFConfig                         0x0800845b   Thumb Code    70  stm32f4xx_gpio.o(.text)
    FSMC_NORSRAMDeInit                       0x080084cd   Thumb Code    54  stm32f4xx_fsmc.o(.text)
    FSMC_NORSRAMInit                         0x08008503   Thumb Code   230  stm32f4xx_fsmc.o(.text)
    FSMC_NORSRAMStructInit                   0x080085e9   Thumb Code    48  stm32f4xx_fsmc.o(.text)
    FSMC_NORSRAMCmd                          0x08008619   Thumb Code    46  stm32f4xx_fsmc.o(.text)
    FSMC_NANDDeInit                          0x08008647   Thumb Code    62  stm32f4xx_fsmc.o(.text)
    FSMC_NANDInit                            0x08008685   Thumb Code   132  stm32f4xx_fsmc.o(.text)
    FSMC_NANDStructInit                      0x08008709   Thumb Code    54  stm32f4xx_fsmc.o(.text)
    FSMC_NANDCmd                             0x0800873f   Thumb Code    86  stm32f4xx_fsmc.o(.text)
    FSMC_NANDECCCmd                          0x08008795   Thumb Code    86  stm32f4xx_fsmc.o(.text)
    FSMC_GetECC                              0x080087eb   Thumb Code    24  stm32f4xx_fsmc.o(.text)
    FSMC_PCCARDDeInit                        0x08008803   Thumb Code    36  stm32f4xx_fsmc.o(.text)
    FSMC_PCCARDInit                          0x08008827   Thumb Code   130  stm32f4xx_fsmc.o(.text)
    FSMC_PCCARDStructInit                    0x080088a9   Thumb Code    60  stm32f4xx_fsmc.o(.text)
    FSMC_PCCARDCmd                           0x080088e5   Thumb Code    44  stm32f4xx_fsmc.o(.text)
    FSMC_ITConfig                            0x08008911   Thumb Code   128  stm32f4xx_fsmc.o(.text)
    FSMC_GetFlagStatus                       0x08008991   Thumb Code    54  stm32f4xx_fsmc.o(.text)
    FSMC_ClearFlag                           0x080089c7   Thumb Code    74  stm32f4xx_fsmc.o(.text)
    FSMC_GetITStatus                         0x08008a11   Thumb Code    62  stm32f4xx_fsmc.o(.text)
    FSMC_ClearITPendingBit                   0x08008a4f   Thumb Code    66  stm32f4xx_fsmc.o(.text)
    RCC_DeInit                               0x08008a95   Thumb Code    82  stm32f4xx_rcc.o(.text)
    RCC_HSEConfig                            0x08008ae7   Thumb Code    14  stm32f4xx_rcc.o(.text)
    RCC_GetFlagStatus                        0x08008af5   Thumb Code    60  stm32f4xx_rcc.o(.text)
    RCC_WaitForHSEStartUp                    0x08008b31   Thumb Code    56  stm32f4xx_rcc.o(.text)
    RCC_AdjustHSICalibrationValue            0x08008b69   Thumb Code    20  stm32f4xx_rcc.o(.text)
    RCC_HSICmd                               0x08008b7d   Thumb Code     6  stm32f4xx_rcc.o(.text)
    RCC_LSEConfig                            0x08008b83   Thumb Code    46  stm32f4xx_rcc.o(.text)
    RCC_LSICmd                               0x08008bb1   Thumb Code     6  stm32f4xx_rcc.o(.text)
    RCC_PLLConfig                            0x08008bb7   Thumb Code    32  stm32f4xx_rcc.o(.text)
    RCC_PLLCmd                               0x08008bd7   Thumb Code     6  stm32f4xx_rcc.o(.text)
    RCC_PLLI2SConfig                         0x08008bdd   Thumb Code    14  stm32f4xx_rcc.o(.text)
    RCC_PLLI2SCmd                            0x08008beb   Thumb Code     6  stm32f4xx_rcc.o(.text)
    RCC_PLLSAIConfig                         0x08008bf1   Thumb Code    20  stm32f4xx_rcc.o(.text)
    RCC_PLLSAICmd                            0x08008c05   Thumb Code     6  stm32f4xx_rcc.o(.text)
    RCC_ClockSecuritySystemCmd               0x08008c0b   Thumb Code     6  stm32f4xx_rcc.o(.text)
    RCC_MCO1Config                           0x08008c11   Thumb Code    28  stm32f4xx_rcc.o(.text)
    RCC_MCO2Config                           0x08008c2d   Thumb Code    28  stm32f4xx_rcc.o(.text)
    RCC_SYSCLKConfig                         0x08008c49   Thumb Code    20  stm32f4xx_rcc.o(.text)
    RCC_GetSYSCLKSource                      0x08008c5d   Thumb Code    12  stm32f4xx_rcc.o(.text)
    RCC_HCLKConfig                           0x08008c69   Thumb Code    20  stm32f4xx_rcc.o(.text)
    RCC_PCLK1Config                          0x08008c7d   Thumb Code    20  stm32f4xx_rcc.o(.text)
    RCC_PCLK2Config                          0x08008c91   Thumb Code    22  stm32f4xx_rcc.o(.text)
    RCC_GetClocksFreq                        0x08008ca7   Thumb Code   222  stm32f4xx_rcc.o(.text)
    RCC_RTCCLKConfig                         0x08008d85   Thumb Code    54  stm32f4xx_rcc.o(.text)
    RCC_RTCCLKCmd                            0x08008dbb   Thumb Code     8  stm32f4xx_rcc.o(.text)
    RCC_BackupResetCmd                       0x08008dc3   Thumb Code     8  stm32f4xx_rcc.o(.text)
    RCC_I2SCLKConfig                         0x08008dcb   Thumb Code     6  stm32f4xx_rcc.o(.text)
    RCC_SAIPLLI2SClkDivConfig                0x08008dd1   Thumb Code    26  stm32f4xx_rcc.o(.text)
    RCC_SAIPLLSAIClkDivConfig                0x08008deb   Thumb Code    28  stm32f4xx_rcc.o(.text)
    RCC_SAIBlockACLKConfig                   0x08008e07   Thumb Code    20  stm32f4xx_rcc.o(.text)
    RCC_SAIBlockBCLKConfig                   0x08008e1b   Thumb Code    20  stm32f4xx_rcc.o(.text)
    RCC_LTDCCLKDivConfig                     0x08008e2f   Thumb Code    20  stm32f4xx_rcc.o(.text)
    RCC_TIMCLKPresConfig                     0x08008e43   Thumb Code     6  stm32f4xx_rcc.o(.text)
    RCC_AHB1PeriphClockCmd                   0x08008e49   Thumb Code    34  stm32f4xx_rcc.o(.text)
    RCC_AHB2PeriphClockCmd                   0x08008e6b   Thumb Code    78  stm32f4xx_rcc.o(.text)
    RCC_AHB3PeriphClockCmd                   0x08008eb9   Thumb Code    34  stm32f4xx_rcc.o(.text)
    RCC_APB1PeriphClockCmd                   0x08008edb   Thumb Code    34  stm32f4xx_rcc.o(.text)
    RCC_APB2PeriphClockCmd                   0x08008efd   Thumb Code    34  stm32f4xx_rcc.o(.text)
    RCC_AHB1PeriphResetCmd                   0x08008f1f   Thumb Code    34  stm32f4xx_rcc.o(.text)
    RCC_AHB2PeriphResetCmd                   0x08008f41   Thumb Code    34  stm32f4xx_rcc.o(.text)
    RCC_AHB3PeriphResetCmd                   0x08008f63   Thumb Code    34  stm32f4xx_rcc.o(.text)
    RCC_APB1PeriphResetCmd                   0x08008f85   Thumb Code    34  stm32f4xx_rcc.o(.text)
    RCC_APB2PeriphResetCmd                   0x08008fa7   Thumb Code    34  stm32f4xx_rcc.o(.text)
    RCC_AHB1PeriphClockLPModeCmd             0x08008fc9   Thumb Code    34  stm32f4xx_rcc.o(.text)
    RCC_AHB2PeriphClockLPModeCmd             0x08008feb   Thumb Code    34  stm32f4xx_rcc.o(.text)
    RCC_AHB3PeriphClockLPModeCmd             0x0800900d   Thumb Code    34  stm32f4xx_rcc.o(.text)
    RCC_APB1PeriphClockLPModeCmd             0x0800902f   Thumb Code    34  stm32f4xx_rcc.o(.text)
    RCC_APB2PeriphClockLPModeCmd             0x08009051   Thumb Code    34  stm32f4xx_rcc.o(.text)
    RCC_LSEModeConfig                        0x08009073   Thumb Code    40  stm32f4xx_rcc.o(.text)
    RCC_ITConfig                             0x0800909b   Thumb Code    34  stm32f4xx_rcc.o(.text)
    RCC_ClearFlag                            0x080090bd   Thumb Code    18  stm32f4xx_rcc.o(.text)
    RCC_GetITStatus                          0x080090cf   Thumb Code    22  stm32f4xx_rcc.o(.text)
    RCC_ClearITPendingBit                    0x080090e5   Thumb Code     8  stm32f4xx_rcc.o(.text)
    USART_DeInit                             0x080090f1   Thumb Code   206  stm32f4xx_usart.o(.text)
    USART_Init                               0x080091bf   Thumb Code   204  stm32f4xx_usart.o(.text)
    USART_StructInit                         0x0800928b   Thumb Code    24  stm32f4xx_usart.o(.text)
    USART_ClockInit                          0x080092a3   Thumb Code    32  stm32f4xx_usart.o(.text)
    USART_ClockStructInit                    0x080092c3   Thumb Code    12  stm32f4xx_usart.o(.text)
    USART_Cmd                                0x080092cf   Thumb Code    24  stm32f4xx_usart.o(.text)
    USART_SetPrescaler                       0x080092e7   Thumb Code    16  stm32f4xx_usart.o(.text)
    USART_OverSampling8Cmd                   0x080092f7   Thumb Code    22  stm32f4xx_usart.o(.text)
    USART_OneBitMethodCmd                    0x0800930d   Thumb Code    24  stm32f4xx_usart.o(.text)
    USART_SendData                           0x08009325   Thumb Code     8  stm32f4xx_usart.o(.text)
    USART_ReceiveData                        0x0800932d   Thumb Code    10  stm32f4xx_usart.o(.text)
    USART_SetAddress                         0x08009337   Thumb Code    18  stm32f4xx_usart.o(.text)
    USART_ReceiverWakeUpCmd                  0x08009349   Thumb Code    24  stm32f4xx_usart.o(.text)
    USART_WakeUpConfig                       0x08009361   Thumb Code    18  stm32f4xx_usart.o(.text)
    USART_LINBreakDetectLengthConfig         0x08009373   Thumb Code    18  stm32f4xx_usart.o(.text)
    USART_LINCmd                             0x08009385   Thumb Code    24  stm32f4xx_usart.o(.text)
    USART_SendBreak                          0x0800939d   Thumb Code    10  stm32f4xx_usart.o(.text)
    USART_HalfDuplexCmd                      0x080093a7   Thumb Code    24  stm32f4xx_usart.o(.text)
    USART_SetGuardTime                       0x080093bf   Thumb Code    16  stm32f4xx_usart.o(.text)
    USART_SmartCardCmd                       0x080093cf   Thumb Code    24  stm32f4xx_usart.o(.text)
    USART_SmartCardNACKCmd                   0x080093e7   Thumb Code    24  stm32f4xx_usart.o(.text)
    USART_IrDAConfig                         0x080093ff   Thumb Code    18  stm32f4xx_usart.o(.text)
    USART_IrDACmd                            0x08009411   Thumb Code    24  stm32f4xx_usart.o(.text)
    USART_DMACmd                             0x08009429   Thumb Code    18  stm32f4xx_usart.o(.text)
    USART_ITConfig                           0x0800943b   Thumb Code    74  stm32f4xx_usart.o(.text)
    USART_GetFlagStatus                      0x08009485   Thumb Code    26  stm32f4xx_usart.o(.text)
    USART_ClearFlag                          0x0800949f   Thumb Code    18  stm32f4xx_usart.o(.text)
    USART_GetITStatus                        0x080094b1   Thumb Code   118  stm32f4xx_usart.o(.text)
    USART_ClearITPendingBit                  0x08009527   Thumb Code    30  stm32f4xx_usart.o(.text)
    TIM_DeInit                               0x08009545   Thumb Code   346  stm32f4xx_tim.o(.text)
    TIM_TimeBaseInit                         0x0800969f   Thumb Code   104  stm32f4xx_tim.o(.text)
    TIM_TimeBaseStructInit                   0x08009707   Thumb Code    18  stm32f4xx_tim.o(.text)
    TIM_PrescalerConfig                      0x08009719   Thumb Code     6  stm32f4xx_tim.o(.text)
    TIM_CounterModeConfig                    0x0800971f   Thumb Code    18  stm32f4xx_tim.o(.text)
    TIM_SetCounter                           0x08009731   Thumb Code     4  stm32f4xx_tim.o(.text)
    TIM_SetAutoreload                        0x08009735   Thumb Code     4  stm32f4xx_tim.o(.text)
    TIM_GetCounter                           0x08009739   Thumb Code     6  stm32f4xx_tim.o(.text)
    TIM_GetPrescaler                         0x0800973f   Thumb Code     6  stm32f4xx_tim.o(.text)
    TIM_UpdateDisableConfig                  0x08009745   Thumb Code    24  stm32f4xx_tim.o(.text)
    TIM_UpdateRequestConfig                  0x0800975d   Thumb Code    24  stm32f4xx_tim.o(.text)
    TIM_ARRPreloadConfig                     0x08009775   Thumb Code    24  stm32f4xx_tim.o(.text)
    TIM_SelectOnePulseMode                   0x0800978d   Thumb Code    18  stm32f4xx_tim.o(.text)
    TIM_SetClockDivision                     0x0800979f   Thumb Code    18  stm32f4xx_tim.o(.text)
    TIM_Cmd                                  0x080097b1   Thumb Code    24  stm32f4xx_tim.o(.text)
    TIM_OC1Init                              0x080097c9   Thumb Code   114  stm32f4xx_tim.o(.text)
    TIM_OC2Init                              0x0800983b   Thumb Code   154  stm32f4xx_tim.o(.text)
    TIM_OC3Init                              0x080098d5   Thumb Code   204  stm32f4xx_tim.o(.text)
    TIM_OC4Init                              0x080099a1   Thumb Code   112  stm32f4xx_tim.o(.text)
    TIM_OCStructInit                         0x08009a11   Thumb Code    20  stm32f4xx_tim.o(.text)
    TIM_SelectOCxM                           0x08009a25   Thumb Code    86  stm32f4xx_tim.o(.text)
    TIM_SetCompare1                          0x08009a7b   Thumb Code     4  stm32f4xx_tim.o(.text)
    TIM_SetCompare2                          0x08009a7f   Thumb Code     4  stm32f4xx_tim.o(.text)
    TIM_SetCompare3                          0x08009a83   Thumb Code     4  stm32f4xx_tim.o(.text)
    TIM_SetCompare4                          0x08009a87   Thumb Code     4  stm32f4xx_tim.o(.text)
    TIM_ForcedOC1Config                      0x08009a8b   Thumb Code    18  stm32f4xx_tim.o(.text)
    TIM_ForcedOC2Config                      0x08009a9d   Thumb Code    26  stm32f4xx_tim.o(.text)
    TIM_ForcedOC3Config                      0x08009ab7   Thumb Code    18  stm32f4xx_tim.o(.text)
    TIM_ForcedOC4Config                      0x08009ac9   Thumb Code    26  stm32f4xx_tim.o(.text)
    TIM_OC1PreloadConfig                     0x08009ae3   Thumb Code    18  stm32f4xx_tim.o(.text)
    TIM_OC2PreloadConfig                     0x08009af5   Thumb Code    26  stm32f4xx_tim.o(.text)
    TIM_OC3PreloadConfig                     0x08009b0f   Thumb Code    18  stm32f4xx_tim.o(.text)
    TIM_OC4PreloadConfig                     0x08009b21   Thumb Code    26  stm32f4xx_tim.o(.text)
    TIM_OC1FastConfig                        0x08009b3b   Thumb Code    18  stm32f4xx_tim.o(.text)
    TIM_OC2FastConfig                        0x08009b4d   Thumb Code    26  stm32f4xx_tim.o(.text)
    TIM_OC3FastConfig                        0x08009b67   Thumb Code    18  stm32f4xx_tim.o(.text)
    TIM_OC4FastConfig                        0x08009b79   Thumb Code    26  stm32f4xx_tim.o(.text)
    TIM_ClearOC1Ref                          0x08009b93   Thumb Code    18  stm32f4xx_tim.o(.text)
    TIM_ClearOC2Ref                          0x08009ba5   Thumb Code    24  stm32f4xx_tim.o(.text)
    TIM_ClearOC3Ref                          0x08009bbd   Thumb Code    18  stm32f4xx_tim.o(.text)
    TIM_ClearOC4Ref                          0x08009bcf   Thumb Code    24  stm32f4xx_tim.o(.text)
    TIM_OC1PolarityConfig                    0x08009be7   Thumb Code    18  stm32f4xx_tim.o(.text)
    TIM_OC1NPolarityConfig                   0x08009bf9   Thumb Code    18  stm32f4xx_tim.o(.text)
    TIM_OC2PolarityConfig                    0x08009c0b   Thumb Code    26  stm32f4xx_tim.o(.text)
    TIM_OC2NPolarityConfig                   0x08009c25   Thumb Code    26  stm32f4xx_tim.o(.text)
    TIM_OC3PolarityConfig                    0x08009c3f   Thumb Code    26  stm32f4xx_tim.o(.text)
    TIM_OC3NPolarityConfig                   0x08009c59   Thumb Code    26  stm32f4xx_tim.o(.text)
    TIM_OC4PolarityConfig                    0x08009c73   Thumb Code    26  stm32f4xx_tim.o(.text)
    TIM_CCxCmd                               0x08009c8d   Thumb Code    30  stm32f4xx_tim.o(.text)
    TIM_CCxNCmd                              0x08009cab   Thumb Code    30  stm32f4xx_tim.o(.text)
    TIM_SetIC4Prescaler                      0x08009cc9   Thumb Code    26  stm32f4xx_tim.o(.text)
    TIM_SetIC3Prescaler                      0x08009d33   Thumb Code    18  stm32f4xx_tim.o(.text)
    TIM_SetIC2Prescaler                      0x08009d8d   Thumb Code    26  stm32f4xx_tim.o(.text)
    TIM_SetIC1Prescaler                      0x08009e01   Thumb Code    18  stm32f4xx_tim.o(.text)
    TIM_ICInit                               0x08009e4d   Thumb Code   110  stm32f4xx_tim.o(.text)
    TIM_ICStructInit                         0x08009ebb   Thumb Code    18  stm32f4xx_tim.o(.text)
    TIM_PWMIConfig                           0x08009ecd   Thumb Code   124  stm32f4xx_tim.o(.text)
    TIM_GetCapture1                          0x08009f49   Thumb Code     6  stm32f4xx_tim.o(.text)
    TIM_GetCapture2                          0x08009f4f   Thumb Code     6  stm32f4xx_tim.o(.text)
    TIM_GetCapture3                          0x08009f55   Thumb Code     6  stm32f4xx_tim.o(.text)
    TIM_GetCapture4                          0x08009f5b   Thumb Code     6  stm32f4xx_tim.o(.text)
    TIM_BDTRConfig                           0x08009f61   Thumb Code    32  stm32f4xx_tim.o(.text)
    TIM_BDTRStructInit                       0x08009f81   Thumb Code    18  stm32f4xx_tim.o(.text)
    TIM_CtrlPWMOutputs                       0x08009f93   Thumb Code    30  stm32f4xx_tim.o(.text)
    TIM_SelectCOM                            0x08009fb1   Thumb Code    24  stm32f4xx_tim.o(.text)
    TIM_CCPreloadControl                     0x08009fc9   Thumb Code    24  stm32f4xx_tim.o(.text)
    TIM_ITConfig                             0x08009fe1   Thumb Code    18  stm32f4xx_tim.o(.text)
    TIM_GenerateEvent                        0x08009ff3   Thumb Code     4  stm32f4xx_tim.o(.text)
    TIM_GetFlagStatus                        0x08009ff7   Thumb Code    18  stm32f4xx_tim.o(.text)
    TIM_ClearFlag                            0x0800a009   Thumb Code     6  stm32f4xx_tim.o(.text)
    TIM_GetITStatus                          0x0800a00f   Thumb Code    34  stm32f4xx_tim.o(.text)
    TIM_ClearITPendingBit                    0x0800a031   Thumb Code     6  stm32f4xx_tim.o(.text)
    TIM_DMAConfig                            0x0800a037   Thumb Code    10  stm32f4xx_tim.o(.text)
    TIM_DMACmd                               0x0800a041   Thumb Code    18  stm32f4xx_tim.o(.text)
    TIM_SelectCCDMA                          0x0800a053   Thumb Code    24  stm32f4xx_tim.o(.text)
    TIM_InternalClockConfig                  0x0800a06b   Thumb Code    12  stm32f4xx_tim.o(.text)
    TIM_SelectInputTrigger                   0x0800a077   Thumb Code    18  stm32f4xx_tim.o(.text)
    TIM_ITRxExternalClockConfig              0x0800a089   Thumb Code    24  stm32f4xx_tim.o(.text)
    TIM_TIxExternalClockConfig               0x0800a0a1   Thumb Code    62  stm32f4xx_tim.o(.text)
    TIM_ETRConfig                            0x0800a0df   Thumb Code    28  stm32f4xx_tim.o(.text)
    TIM_ETRClockMode1Config                  0x0800a0fb   Thumb Code    54  stm32f4xx_tim.o(.text)
    TIM_ETRClockMode2Config                  0x0800a131   Thumb Code    32  stm32f4xx_tim.o(.text)
    TIM_SelectOutputTrigger                  0x0800a151   Thumb Code    18  stm32f4xx_tim.o(.text)
    TIM_SelectSlaveMode                      0x0800a163   Thumb Code    18  stm32f4xx_tim.o(.text)
    TIM_SelectMasterSlaveMode                0x0800a175   Thumb Code    18  stm32f4xx_tim.o(.text)
    TIM_EncoderInterfaceConfig               0x0800a187   Thumb Code    66  stm32f4xx_tim.o(.text)
    TIM_SelectHallSensor                     0x0800a1c9   Thumb Code    24  stm32f4xx_tim.o(.text)
    TIM_RemapConfig                          0x0800a1e1   Thumb Code     6  stm32f4xx_tim.o(.text)
    SPI_I2S_DeInit                           0x0800a1e9   Thumb Code   152  stm32f4xx_spi.o(.text)
    SPI_Init                                 0x0800a281   Thumb Code    60  stm32f4xx_spi.o(.text)
    I2S_Init                                 0x0800a2bd   Thumb Code   396  stm32f4xx_spi.o(.text)
    SPI_StructInit                           0x0800a449   Thumb Code    24  stm32f4xx_spi.o(.text)
    I2S_StructInit                           0x0800a461   Thumb Code    20  stm32f4xx_spi.o(.text)
    SPI_Cmd                                  0x0800a475   Thumb Code    24  stm32f4xx_spi.o(.text)
    I2S_Cmd                                  0x0800a48d   Thumb Code    24  stm32f4xx_spi.o(.text)
    SPI_DataSizeConfig                       0x0800a4a5   Thumb Code    18  stm32f4xx_spi.o(.text)
    SPI_BiDirectionalLineConfig              0x0800a4b7   Thumb Code    28  stm32f4xx_spi.o(.text)
    SPI_NSSInternalSoftwareConfig            0x0800a4d3   Thumb Code    30  stm32f4xx_spi.o(.text)
    SPI_SSOutputCmd                          0x0800a4f1   Thumb Code    24  stm32f4xx_spi.o(.text)
    SPI_TIModeCmd                            0x0800a509   Thumb Code    24  stm32f4xx_spi.o(.text)
    I2S_FullDuplexConfig                     0x0800a521   Thumb Code    80  stm32f4xx_spi.o(.text)
    SPI_I2S_ReceiveData                      0x0800a571   Thumb Code     6  stm32f4xx_spi.o(.text)
    SPI_I2S_SendData                         0x0800a577   Thumb Code     4  stm32f4xx_spi.o(.text)
    SPI_CalculateCRC                         0x0800a57b   Thumb Code    24  stm32f4xx_spi.o(.text)
    SPI_TransmitCRC                          0x0800a593   Thumb Code    10  stm32f4xx_spi.o(.text)
    SPI_GetCRC                               0x0800a59d   Thumb Code    16  stm32f4xx_spi.o(.text)
    SPI_GetCRCPolynomial                     0x0800a5ad   Thumb Code     6  stm32f4xx_spi.o(.text)
    SPI_I2S_DMACmd                           0x0800a5b3   Thumb Code    18  stm32f4xx_spi.o(.text)
    SPI_I2S_ITConfig                         0x0800a5c5   Thumb Code    68  stm32f4xx_spi.o(.text)
    SPI_I2S_GetFlagStatus                    0x0800a609   Thumb Code    18  stm32f4xx_spi.o(.text)
    SPI_I2S_ClearFlag                        0x0800a61b   Thumb Code     6  stm32f4xx_spi.o(.text)
    SPI_I2S_GetITStatus                      0x0800a621   Thumb Code    52  stm32f4xx_spi.o(.text)
    SPI_I2S_ClearITPendingBit                0x0800a655   Thumb Code    20  stm32f4xx_spi.o(.text)
    SDIO_DeInit                              0x0800a669   Thumb Code    22  stm32f4xx_sdio.o(.text)
    SDIO_Init                                0x0800a67f   Thumb Code    42  stm32f4xx_sdio.o(.text)
    SDIO_StructInit                          0x0800a6a9   Thumb Code    16  stm32f4xx_sdio.o(.text)
    SDIO_ClockCmd                            0x0800a6b9   Thumb Code     6  stm32f4xx_sdio.o(.text)
    SDIO_SetPowerState                       0x0800a6bf   Thumb Code     8  stm32f4xx_sdio.o(.text)
    SDIO_GetPowerState                       0x0800a6c7   Thumb Code    12  stm32f4xx_sdio.o(.text)
    SDIO_SendCommand                         0x0800a6d3   Thumb Code    42  stm32f4xx_sdio.o(.text)
    SDIO_CmdStructInit                       0x0800a6fd   Thumb Code    14  stm32f4xx_sdio.o(.text)
    SDIO_GetCommandResponse                  0x0800a70b   Thumb Code    10  stm32f4xx_sdio.o(.text)
    SDIO_GetResponse                         0x0800a715   Thumb Code    22  stm32f4xx_sdio.o(.text)
    SDIO_DataConfig                          0x0800a72b   Thumb Code    48  stm32f4xx_sdio.o(.text)
    SDIO_DataStructInit                      0x0800a75b   Thumb Code    20  stm32f4xx_sdio.o(.text)
    SDIO_GetDataCounter                      0x0800a76f   Thumb Code     8  stm32f4xx_sdio.o(.text)
    SDIO_ReadData                            0x0800a777   Thumb Code     8  stm32f4xx_sdio.o(.text)
    SDIO_WriteData                           0x0800a77f   Thumb Code     8  stm32f4xx_sdio.o(.text)
    SDIO_GetFIFOCount                        0x0800a787   Thumb Code     8  stm32f4xx_sdio.o(.text)
    SDIO_StartSDIOReadWait                   0x0800a78f   Thumb Code     6  stm32f4xx_sdio.o(.text)
    SDIO_StopSDIOReadWait                    0x0800a795   Thumb Code     8  stm32f4xx_sdio.o(.text)
    SDIO_SetSDIOReadWaitMode                 0x0800a79d   Thumb Code     8  stm32f4xx_sdio.o(.text)
    SDIO_SetSDIOOperation                    0x0800a7a5   Thumb Code     8  stm32f4xx_sdio.o(.text)
    SDIO_SendSDIOSuspendCmd                  0x0800a7ad   Thumb Code     6  stm32f4xx_sdio.o(.text)
    SDIO_CommandCompletionCmd                0x0800a7b3   Thumb Code     8  stm32f4xx_sdio.o(.text)
    SDIO_CEATAITCmd                          0x0800a7bb   Thumb Code    12  stm32f4xx_sdio.o(.text)
    SDIO_SendCEATACmd                        0x0800a7c7   Thumb Code     8  stm32f4xx_sdio.o(.text)
    SDIO_DMACmd                              0x0800a7cf   Thumb Code     8  stm32f4xx_sdio.o(.text)
    SDIO_ITConfig                            0x0800a7d7   Thumb Code    34  stm32f4xx_sdio.o(.text)
    SDIO_GetFlagStatus                       0x0800a7f9   Thumb Code    22  stm32f4xx_sdio.o(.text)
    SDIO_ClearFlag                           0x0800a80f   Thumb Code     8  stm32f4xx_sdio.o(.text)
    SDIO_GetITStatus                         0x0800a817   Thumb Code    22  stm32f4xx_sdio.o(.text)
    SDIO_ClearITPendingBit                   0x0800a82d   Thumb Code     8  stm32f4xx_sdio.o(.text)
    DMA_DeInit                               0x0800a845   Thumb Code   324  stm32f4xx_dma.o(.text)
    DMA_Init                                 0x0800a989   Thumb Code    82  stm32f4xx_dma.o(.text)
    DMA_StructInit                           0x0800a9db   Thumb Code    34  stm32f4xx_dma.o(.text)
    DMA_Cmd                                  0x0800a9fd   Thumb Code    22  stm32f4xx_dma.o(.text)
    DMA_PeriphIncOffsetSizeConfig            0x0800aa13   Thumb Code    22  stm32f4xx_dma.o(.text)
    DMA_FlowControllerConfig                 0x0800aa29   Thumb Code    22  stm32f4xx_dma.o(.text)
    DMA_SetCurrDataCounter                   0x0800aa3f   Thumb Code     4  stm32f4xx_dma.o(.text)
    DMA_GetCurrDataCounter                   0x0800aa43   Thumb Code     8  stm32f4xx_dma.o(.text)
    DMA_DoubleBufferModeConfig               0x0800aa4b   Thumb Code    24  stm32f4xx_dma.o(.text)
    DMA_DoubleBufferModeCmd                  0x0800aa63   Thumb Code    22  stm32f4xx_dma.o(.text)
    DMA_MemoryTargetConfig                   0x0800aa79   Thumb Code    10  stm32f4xx_dma.o(.text)
    DMA_GetCurrentMemoryTarget               0x0800aa83   Thumb Code    20  stm32f4xx_dma.o(.text)
    DMA_GetCmdStatus                         0x0800aa97   Thumb Code    20  stm32f4xx_dma.o(.text)
    DMA_GetFIFOStatus                        0x0800aaab   Thumb Code    12  stm32f4xx_dma.o(.text)
    DMA_GetFlagStatus                        0x0800aab7   Thumb Code    56  stm32f4xx_dma.o(.text)
    DMA_ClearFlag                            0x0800aaef   Thumb Code    40  stm32f4xx_dma.o(.text)
    DMA_ITConfig                             0x0800ab17   Thumb Code    58  stm32f4xx_dma.o(.text)
    DMA_GetITStatus                          0x0800ab51   Thumb Code    84  stm32f4xx_dma.o(.text)
    DMA_ClearITPendingBit                    0x0800aba5   Thumb Code    40  stm32f4xx_dma.o(.text)
    mymemcpy                                 0x0800abed   Thumb Code    26  malloc.o(.text)
    mymemset                                 0x0800ac07   Thumb Code    20  malloc.o(.text)
    my_mem_init                              0x0800ac1b   Thumb Code    54  malloc.o(.text)
    my_mem_perused                           0x0800ac51   Thumb Code    54  malloc.o(.text)
    my_mem_malloc                            0x0800ac87   Thumb Code   154  malloc.o(.text)
    my_mem_free                              0x0800ad21   Thumb Code    94  malloc.o(.text)
    myfree                                   0x0800ad7f   Thumb Code    32  malloc.o(.text)
    mymalloc                                 0x0800ad9f   Thumb Code    36  malloc.o(.text)
    myrealloc                                0x0800adc3   Thumb Code    68  malloc.o(.text)
    usmart_sys_cmd_exe                       0x0800ae19   Thumb Code  1572  usmart.o(.text)
    usmart_reset_runtime                     0x0800b43d   Thumb Code    38  usmart.o(.text)
    usmart_get_runtime                       0x0800b463   Thumb Code    60  usmart.o(.text)
    TIM4_IRQHandler                          0x0800b49f   Thumb Code    46  usmart.o(.text)
    Timer4_Init                              0x0800b4cd   Thumb Code    86  usmart.o(.text)
    usmart_init                              0x0800b523   Thumb Code    36  usmart.o(.text)
    usmart_cmd_rec                           0x0800b547   Thumb Code   170  usmart.o(.text)
    usmart_exe                               0x0800b5f1   Thumb Code   784  usmart.o(.text)
    usmart_scan                              0x0800b901   Thumb Code   120  usmart.o(.text)
    read_addr                                0x0800b979   Thumb Code     6  usmart.o(.text)
    write_addr                               0x0800b97f   Thumb Code     4  usmart.o(.text)
    usmart_strcmp                            0x0800b9fd   Thumb Code    34  usmart_str.o(.text)
    usmart_strcopy                           0x0800ba1f   Thumb Code    22  usmart_str.o(.text)
    usmart_strlen                            0x0800ba35   Thumb Code    24  usmart_str.o(.text)
    usmart_pow                               0x0800ba4d   Thumb Code    22  usmart_str.o(.text)
    usmart_str2num                           0x0800ba63   Thumb Code   202  usmart_str.o(.text)
    usmart_get_cmdname                       0x0800bb2d   Thumb Code    54  usmart_str.o(.text)
    usmart_search_nextc                      0x0800bb63   Thumb Code    22  usmart_str.o(.text)
    usmart_get_fname                         0x0800bb79   Thumb Code   440  usmart_str.o(.text)
    usmart_get_aparm                         0x0800bd31   Thumb Code   200  usmart_str.o(.text)
    usmart_get_parmpos                       0x0800bdf9   Thumb Code    26  usmart_str.o(.text)
    usmart_get_fparam                        0x0800be13   Thumb Code   262  usmart_str.o(.text)
    disk_initialize                          0x0800bf25   Thumb Code    52  diskio.o(.text)
    disk_status                              0x0800bf59   Thumb Code     6  diskio.o(.text)
    disk_read                                0x0800bf5f   Thumb Code   122  diskio.o(.text)
    disk_write                               0x0800bfd9   Thumb Code   122  diskio.o(.text)
    disk_ioctl                               0x0800c053   Thumb Code   170  diskio.o(.text)
    get_fattime                              0x0800c0fd   Thumb Code     4  diskio.o(.text)
    ff_memalloc                              0x0800c101   Thumb Code    14  diskio.o(.text)
    ff_memfree                               0x0800c10f   Thumb Code    14  diskio.o(.text)
    clust2sect                               0x0800c2d3   Thumb Code    26  ff.o(.text)
    get_fat                                  0x0800c2ed   Thumb Code   232  ff.o(.text)
    put_fat                                  0x0800c3d5   Thumb Code   310  ff.o(.text)
    dir_sdi                                  0x0800c67f   Thumb Code   158  ff.o(.text)
    f_mount                                  0x0800d6f1   Thumb Code    86  ff.o(.text)
    f_open                                   0x0800d747   Thumb Code   384  ff.o(.text)
    f_read                                   0x0800d8c7   Thumb Code   448  ff.o(.text)
    f_write                                  0x0800da87   Thumb Code   490  ff.o(.text)
    f_sync                                   0x0800dc71   Thumb Code   176  ff.o(.text)
    f_close                                  0x0800dd21   Thumb Code    36  ff.o(.text)
    f_lseek                                  0x0800dd45   Thumb Code   654  ff.o(.text)
    f_opendir                                0x0800dfd3   Thumb Code   136  ff.o(.text)
    f_closedir                               0x0800e05b   Thumb Code    22  ff.o(.text)
    f_readdir                                0x0800e071   Thumb Code   114  ff.o(.text)
    f_stat                                   0x0800e0e3   Thumb Code    84  ff.o(.text)
    f_getfree                                0x0800e137   Thumb Code   258  ff.o(.text)
    f_truncate                               0x0800e239   Thumb Code   184  ff.o(.text)
    f_unlink                                 0x0800e2f1   Thumb Code   194  ff.o(.text)
    f_mkdir                                  0x0800e3b3   Thumb Code   380  ff.o(.text)
    f_chmod                                  0x0800e52f   Thumb Code   112  ff.o(.text)
    f_utime                                  0x0800e59f   Thumb Code   110  ff.o(.text)
    f_rename                                 0x0800e60d   Thumb Code   314  ff.o(.text)
    f_getlabel                               0x0800e747   Thumb Code   190  ff.o(.text)
    f_setlabel                               0x0800e805   Thumb Code   470  ff.o(.text)
    f_mkfs                                   0x0800e9db   Thumb Code  1570  ff.o(.text)
    f_gets                                   0x0800effd   Thumb Code    82  ff.o(.text)
    f_putc                                   0x0800f093   Thumb Code    64  ff.o(.text)
    f_puts                                   0x0800f0d3   Thumb Code    74  ff.o(.text)
    f_printf                                 0x0800f11d   Thumb Code   674  ff.o(.text)
    exfuns_init                              0x0800f3c1   Thumb Code   114  exfuns.o(.text)
    char_upper                               0x0800f433   Thumb Code    26  exfuns.o(.text)
    f_typetell                               0x0800f44d   Thumb Code   172  exfuns.o(.text)
    exf_getfree                              0x0800f4f9   Thumb Code    74  exfuns.o(.text)
    mf_mount                                 0x0800f559   Thumb Code    20  fattester.o(.text)
    mf_open                                  0x0800f56d   Thumb Code    24  fattester.o(.text)
    mf_close                                 0x0800f585   Thumb Code    14  fattester.o(.text)
    mf_read                                  0x0800f593   Thumb Code   224  fattester.o(.text)
    mf_write                                 0x0800f673   Thumb Code    68  fattester.o(.text)
    mf_opendir                               0x0800f6b7   Thumb Code    14  fattester.o(.text)
    mf_closedir                              0x0800f6c5   Thumb Code    10  fattester.o(.text)
    mf_readdir                               0x0800f6cf   Thumb Code   204  fattester.o(.text)
    mf_scan_files                            0x0800f79b   Thumb Code   120  fattester.o(.text)
    mf_showfree                              0x0800f813   Thumb Code    88  fattester.o(.text)
    mf_lseek                                 0x0800f86b   Thumb Code    16  fattester.o(.text)
    mf_tell                                  0x0800f87b   Thumb Code     8  fattester.o(.text)
    mf_size                                  0x0800f883   Thumb Code     8  fattester.o(.text)
    mf_mkdir                                 0x0800f88b   Thumb Code    12  fattester.o(.text)
    mf_fmkfs                                 0x0800f897   Thumb Code    20  fattester.o(.text)
    mf_unlink                                0x0800f8ab   Thumb Code    12  fattester.o(.text)
    mf_rename                                0x0800f8b7   Thumb Code    16  fattester.o(.text)
    mf_getlabel                              0x0800f8c7   Thumb Code    58  fattester.o(.text)
    mf_setlabel                              0x0800f901   Thumb Code    34  fattester.o(.text)
    mf_gets                                  0x0800f923   Thumb Code   698  fattester.o(.text)
    mf_putc                                  0x0800fbdd   Thumb Code    18  fattester.o(.text)
    mf_puts                                  0x0800fbef   Thumb Code    18  fattester.o(.text)
    ff_convert                               0x0800fc21   Thumb Code   146  mycc936.o(.text)
    ff_wtoupper                              0x0800fcb3   Thumb Code    46  mycc936.o(.text)
    Get_HzMat                                0x0800fced   Thumb Code   220  text.o(.text)
    Show_Font                                0x0800fdc9   Thumb Code   190  text.o(.text)
    Show_Str                                 0x0800fe87   Thumb Code   192  text.o(.text)
    Show_Str_Mid                             0x0800ff47   Thumb Code   106  text.o(.text)
    wav_decode_init                          0x0800ffc1   Thumb Code   314  wavplay.o(.text)
    wav_buffill                              0x080100fb   Thumb Code   156  wavplay.o(.text)
    wav_i2s_dma_tx_callback                  0x08010197   Thumb Code    96  wavplay.o(.text)
    wav_get_curtime                          0x080101f7   Thumb Code    74  wavplay.o(.text)
    wav_play_song                            0x08010241   Thumb Code   790  wavplay.o(.text)
    audio_start                              0x08010561   Thumb Code    14  audioplay.o(.text)
    audio_stop                               0x0801056f   Thumb Code    14  audioplay.o(.text)
    audio_get_tnum                           0x0801057d   Thumb Code   116  audioplay.o(.text)
    audio_index_show                         0x080105f1   Thumb Code   110  audioplay.o(.text)
    audio_msg_show                           0x0801065f   Thumb Code   356  audioplay.o(.text)
    audio_play_song                          0x080107c3   Thumb Code    44  audioplay.o(.text)
    audio_play                               0x080107ef   Thumb Code   674  audioplay.o(.text)
    __use_no_semihosting                     0x08010a9d   Thumb Code     2  use_no_semi_2.o(.text)
    __aeabi_ldivmod                          0x08010a9f   Thumb Code     0  llsdiv.o(.text)
    _ll_sdiv                                 0x08010a9f   Thumb Code    72  llsdiv.o(.text)
    __2printf                                0x08010ae9   Thumb Code    20  noretval__2printf.o(.text)
    _printf_pre_padding                      0x08010b01   Thumb Code    44  _printf_pad.o(.text)
    _printf_post_padding                     0x08010b2d   Thumb Code    34  _printf_pad.o(.text)
    _printf_str                              0x08010b4f   Thumb Code    82  _printf_str.o(.text)
    _printf_int_dec                          0x08010ba1   Thumb Code   104  _printf_dec.o(.text)
    _printf_int_hex                          0x08010c19   Thumb Code    84  _printf_hex_int.o(.text)
    _printf_longlong_hex                     0x08010c19   Thumb Code     0  _printf_hex_int.o(.text)
    __printf                                 0x08010c71   Thumb Code   388  __printf_flags_ss_wp.o(.text)
    strcpy                                   0x08010df9   Thumb Code    72  strcpy.o(.text)
    strlen                                   0x08010e41   Thumb Code    62  strlen.o(.text)
    strcat                                   0x08010e7f   Thumb Code    24  strcat.o(.text)
    __aeabi_memcpy                           0x08010e97   Thumb Code     0  rt_memcpy_v6.o(.text)
    __rt_memcpy                              0x08010e97   Thumb Code   138  rt_memcpy_v6.o(.text)
    _memcpy_lastbytes                        0x08010efd   Thumb Code     0  rt_memcpy_v6.o(.text)
    strcmp                                   0x08010f21   Thumb Code   128  strcmpv7m.o(.text)
    __use_two_region_memory                  0x08010fa1   Thumb Code     2  heapauxi.o(.text)
    __rt_heap_escrow$2region                 0x08010fa3   Thumb Code     2  heapauxi.o(.text)
    __rt_heap_expand$2region                 0x08010fa5   Thumb Code     2  heapauxi.o(.text)
    __I$use$semihosting                      0x08010fa7   Thumb Code     0  use_no_semi.o(.text)
    __use_no_semihosting_swi                 0x08010fa7   Thumb Code     2  use_no_semi.o(.text)
    __aeabi_uldivmod                         0x08010fa9   Thumb Code     0  lludivv7m.o(.text)
    _ll_udiv                                 0x08010fa9   Thumb Code   238  lludivv7m.o(.text)
    _printf_int_common                       0x08011097   Thumb Code   178  _printf_intcommon.o(.text)
    _printf_cs_common                        0x08011149   Thumb Code    20  _printf_char.o(.text)
    _printf_char                             0x0801115d   Thumb Code    16  _printf_char.o(.text)
    _printf_string                           0x0801116d   Thumb Code     8  _printf_char.o(.text)
    _printf_char_file                        0x08011175   Thumb Code    32  _printf_char_file.o(.text)
    __aeabi_memcpy4                          0x08011199   Thumb Code     0  rt_memcpy_w.o(.text)
    __aeabi_memcpy8                          0x08011199   Thumb Code     0  rt_memcpy_w.o(.text)
    __rt_memcpy_w                            0x08011199   Thumb Code   100  rt_memcpy_w.o(.text)
    _memcpy_lastbytes_aligned                0x080111e1   Thumb Code     0  rt_memcpy_w.o(.text)
    _printf_char_common                      0x08011207   Thumb Code    32  _printf_char_common.o(.text)
    ferror                                   0x0801122d   Thumb Code     8  ferror.o(.text)
    __user_setup_stackheap                   0x08011235   Thumb Code    74  sys_stackheap_outer.o(.text)
    exit                                     0x0801127f   Thumb Code    18  exit.o(.text)
    __user_libspace                          0x08011291   Thumb Code     8  libspace.o(.text)
    __user_perproc_libspace                  0x08011291   Thumb Code     0  libspace.o(.text)
    __user_perthread_libspace                0x08011291   Thumb Code     0  libspace.o(.text)
    _is_digit                                0x08011299   Thumb Code    14  __printf_wp.o(i._is_digit)
    __aeabi_d2uiz                            0x080112a9   Thumb Code     0  dfixu.o(x$fpl$dfixu)
    _dfixu                                   0x080112a9   Thumb Code    90  dfixu.o(x$fpl$dfixu)
    __aeabi_ui2d                             0x08011303   Thumb Code     0  dflt_clz.o(x$fpl$dfltu)
    _dfltu                                   0x08011303   Thumb Code    38  dflt_clz.o(x$fpl$dfltu)
    __aeabi_dmul                             0x08011329   Thumb Code     0  dmul.o(x$fpl$dmul)
    _dmul                                    0x08011329   Thumb Code   332  dmul.o(x$fpl$dmul)
    __fpl_dnaninf                            0x0801147d   Thumb Code   156  dnaninf.o(x$fpl$dnaninf)
    __fpl_dretinf                            0x08011519   Thumb Code    12  dretinf.o(x$fpl$dretinf)
    _fp_init                                 0x08011525   Thumb Code    10  fpinit.o(x$fpl$fpinit)
    __fplib_config_fpu_vfp                   0x0801152d   Thumb Code     0  fpinit.o(x$fpl$fpinit)
    __fplib_config_pureend_doubles           0x0801152d   Thumb Code     0  fpinit.o(x$fpl$fpinit)
    __I$use$fp                               0x0801152e   Number         0  usenofp.o(x$fpl$usenofp)
    gImage_image                             0x0801152e   Data       115208  main.o(.constdata)
    asc2_1206                                0x0802d736   Data        1140  lcd.o(.constdata)
    asc2_1608                                0x0802dbaa   Data        1520  lcd.o(.constdata)
    asc2_2412                                0x0802e19a   Data        3420  lcd.o(.constdata)
    chinese                                  0x0802eef6   Data         720  lcd.o(.constdata)
    I2S_PSC_TBL                              0x0802f1c6   Data         110  i2s.o(.constdata)
    FSMC_DefaultTimingStruct                 0x0802f234   Data          28  stm32f4xx_fsmc.o(.constdata)
    memtblsize                               0x0802f250   Data          12  malloc.o(.constdata)
    memblksize                               0x0802f25c   Data          12  malloc.o(.constdata)
    memsize                                  0x0802f268   Data          12  malloc.o(.constdata)
    FILE_TYPE_TBL                            0x0802f2b0   Data         112  exfuns.o(.constdata)
    Region$$Table$$Base                      0x0802fa44   Number         0  anon$$obj.o(Region$$Table)
    Region$$Table$$Limit                     0x0802fa64   Number         0  anon$$obj.o(Region$$Table)
    mem3base                                 0x10000000   Data       61440  malloc.o(.ARM.__AT_0x10000000)
    mem3mapbase                              0x1000f000   Data        3840  malloc.o(.ARM.__AT_0x1000F000)
    i                                        0x20000000   Data           4  main.o(.data)
    SystemCoreClock                          0x20000004   Data           4  system_stm32f4xx.o(.data)
    AHBPrescTable                            0x20000008   Data          16  system_stm32f4xx.o(.data)
    POINT_COLOR                              0x20000018   Data           2  lcd.o(.data)
    BACK_COLOR                               0x2000001a   Data           2  lcd.o(.data)
    W25QXX_TYPE                              0x2000001e   Data           2  w25qxx.o(.data)
    TransferError                            0x2000002a   Data           1  sdio_sdcard.o(.data)
    TransferEnd                              0x2000002b   Data           1  sdio_sdcard.o(.data)
    tempbuff                                 0x2000002c   Data           4  sdio_sdcard.o(.data)
    i2s_tx_callback                          0x20000030   Data           4  i2s.o(.data)
    __stdout                                 0x200000ac   Data           4  usart.o(.data)
    USART_RX_STA                             0x200000b0   Data           2  usart.o(.data)
    mallco_dev                               0x200000c4   Data          36  malloc.o(.data)
    sys_cmd_tab                              0x200000e8   Data          28  usmart.o(.data)
    usmart_nametab                           0x20000104   Data         216  usmart_config.o(.data)
    usmart_dev                               0x200001dc   Data         244  usmart_config.o(.data)
    FLASH_SECTOR_COUNT                       0x200002d0   Data           2  diskio.o(.data)
    file                                     0x200002d4   Data           4  exfuns.o(.data)
    ftemp                                    0x200002d8   Data           4  exfuns.o(.data)
    br                                       0x200002dc   Data           4  exfuns.o(.data)
    bw                                       0x200002e0   Data           4  exfuns.o(.data)
    fatbuf                                   0x200002e4   Data           4  exfuns.o(.data)
    wavtransferend                           0x200002e8   Data           1  wavplay.o(.data)
    wavwitchbuf                              0x200002e9   Data           1  wavplay.o(.data)
    lcddev                                   0x200002ec   Data          14  lcd.o(.bss)
    W25QXX_BUFFER                            0x200002fa   Data        4096  w25qxx.o(.bss)
    SDIO_InitStructure                       0x20001300   Data          24  sdio_sdcard.o(.bss)
    SDIO_CmdInitStructure                    0x20001318   Data          20  sdio_sdcard.o(.bss)
    SDIO_DataInitStructure                   0x2000132c   Data          24  sdio_sdcard.o(.bss)
    SDCardInfo                               0x20001368   Data          88  sdio_sdcard.o(.bss)
    SDIO_DATA_BUFFER                         0x200013c0   Data         512  sdio_sdcard.o(.bss)
    USART_RX_BUF                             0x200015c0   Data         200  usart.o(.bss)
    mem1base                                 0x200016a0   Data       102400  malloc.o(.bss)
    mem1mapbase                              0x2001a6a0   Data        6400  malloc.o(.bss)
    fs                                       0x2001bfac   Data          12  exfuns.o(.bss)
    fileinfo                                 0x2001bfb8   Data          32  exfuns.o(.bss)
    dir                                      0x2001bfd8   Data          36  exfuns.o(.bss)
    ftinfo                                   0x2001bffc   Data          33  fontupd.o(.bss)
    wavctrl                                  0x2001c01d   Data          32  wavplay.o(.bss)
    audiodev                                 0x2001c03d   Data          17  audioplay.o(.bss)
    __libspace_start                         0x2001c050   Data          96  libspace.o(.bss)
    __temporary_stack_top$libspace           0x2001c0b0   Data           0  libspace.o(.bss)
    mem2base                                 0x68000000   Data       983040  malloc.o(.ARM.__AT_0x68000000)
    mem2mapbase                              0x680f0000   Data       61440  malloc.o(.ARM.__AT_0x680F0000)



==============================================================================

Memory Map of the image

  Image Entry point : 0x08000189

  Load Region LR_IROM1 (Base: 0x08000000, Size: 0x0002fd50, Max: 0x00100000, ABSOLUTE, COMPRESSED[0x0002fbac])

    Execution Region ER_IROM1 (Exec base: 0x08000000, Load base: 0x08000000, Size: 0x0002fa64, Max: 0x00100000, ABSOLUTE)

    Exec Addr    Load Addr    Size         Type   Attr      Idx    E Section Name        Object

    0x08000000   0x08000000   0x00000188   Data   RO          614    RESET               startup_stm32f40_41xxx.o
    0x08000188   0x08000188   0x00000008   Code   RO         1241  * !!!main             c_w.l(__main.o)
    0x08000190   0x08000190   0x00000034   Code   RO         1446    !!!scatter          c_w.l(__scatter.o)
    0x080001c4   0x080001c4   0x0000005a   Code   RO         1444    !!dczerorl2         c_w.l(__dczerorl2.o)
    0x0800021e   0x0800021e   0x00000002   PAD
    0x08000220   0x08000220   0x0000001c   Code   RO         1448    !!handler_zi        c_w.l(__scatter_zi.o)
    0x0800023c   0x0800023c   0x00000000   Code   RO         1228    .ARM.Collect$$_printf_percent$$00000000  c_w.l(_printf_percent.o)
    0x0800023c   0x0800023c   0x00000006   Code   RO         1226    .ARM.Collect$$_printf_percent$$00000009  c_w.l(_printf_d.o)
    0x08000242   0x08000242   0x00000006   Code   RO         1227    .ARM.Collect$$_printf_percent$$0000000A  c_w.l(_printf_u.o)
    0x08000248   0x08000248   0x00000006   Code   RO         1225    .ARM.Collect$$_printf_percent$$0000000C  c_w.l(_printf_x.o)
    0x0800024e   0x0800024e   0x00000006   Code   RO         1223    .ARM.Collect$$_printf_percent$$00000013  c_w.l(_printf_c.o)
    0x08000254   0x08000254   0x00000006   Code   RO         1224    .ARM.Collect$$_printf_percent$$00000014  c_w.l(_printf_s.o)
    0x0800025a   0x0800025a   0x00000004   Code   RO         1266    .ARM.Collect$$_printf_percent$$00000017  c_w.l(_printf_percent_end.o)
    0x0800025e   0x0800025e   0x00000002   Code   RO         1312    .ARM.Collect$$libinit$$00000000  c_w.l(libinit.o)
    0x08000260   0x08000260   0x00000004   Code   RO         1322    .ARM.Collect$$libinit$$00000001  c_w.l(libinit2.o)
    0x08000264   0x08000264   0x00000000   Code   RO         1325    .ARM.Collect$$libinit$$00000004  c_w.l(libinit2.o)
    0x08000264   0x08000264   0x00000000   Code   RO         1328    .ARM.Collect$$libinit$$0000000A  c_w.l(libinit2.o)
    0x08000264   0x08000264   0x00000000   Code   RO         1330    .ARM.Collect$$libinit$$0000000C  c_w.l(libinit2.o)
    0x08000264   0x08000264   0x00000000   Code   RO         1332    .ARM.Collect$$libinit$$0000000E  c_w.l(libinit2.o)
    0x08000264   0x08000264   0x00000000   Code   RO         1335    .ARM.Collect$$libinit$$00000011  c_w.l(libinit2.o)
    0x08000264   0x08000264   0x00000000   Code   RO         1337    .ARM.Collect$$libinit$$00000013  c_w.l(libinit2.o)
    0x08000264   0x08000264   0x00000000   Code   RO         1339    .ARM.Collect$$libinit$$00000015  c_w.l(libinit2.o)
    0x08000264   0x08000264   0x00000000   Code   RO         1341    .ARM.Collect$$libinit$$00000017  c_w.l(libinit2.o)
    0x08000264   0x08000264   0x00000000   Code   RO         1343    .ARM.Collect$$libinit$$00000019  c_w.l(libinit2.o)
    0x08000264   0x08000264   0x00000000   Code   RO         1345    .ARM.Collect$$libinit$$0000001B  c_w.l(libinit2.o)
    0x08000264   0x08000264   0x00000000   Code   RO         1347    .ARM.Collect$$libinit$$0000001D  c_w.l(libinit2.o)
    0x08000264   0x08000264   0x00000000   Code   RO         1349    .ARM.Collect$$libinit$$0000001F  c_w.l(libinit2.o)
    0x08000264   0x08000264   0x00000000   Code   RO         1351    .ARM.Collect$$libinit$$00000021  c_w.l(libinit2.o)
    0x08000264   0x08000264   0x00000000   Code   RO         1353    .ARM.Collect$$libinit$$00000023  c_w.l(libinit2.o)
    0x08000264   0x08000264   0x00000000   Code   RO         1355    .ARM.Collect$$libinit$$00000025  c_w.l(libinit2.o)
    0x08000264   0x08000264   0x00000000   Code   RO         1359    .ARM.Collect$$libinit$$0000002C  c_w.l(libinit2.o)
    0x08000264   0x08000264   0x00000000   Code   RO         1361    .ARM.Collect$$libinit$$0000002E  c_w.l(libinit2.o)
    0x08000264   0x08000264   0x00000000   Code   RO         1363    .ARM.Collect$$libinit$$00000030  c_w.l(libinit2.o)
    0x08000264   0x08000264   0x00000000   Code   RO         1365    .ARM.Collect$$libinit$$00000032  c_w.l(libinit2.o)
    0x08000264   0x08000264   0x00000002   Code   RO         1366    .ARM.Collect$$libinit$$00000033  c_w.l(libinit2.o)
    0x08000266   0x08000266   0x00000002   Code   RO         1394    .ARM.Collect$$libshutdown$$00000000  c_w.l(libshutdown.o)
    0x08000268   0x08000268   0x00000000   Code   RO         1408    .ARM.Collect$$libshutdown$$00000002  c_w.l(libshutdown2.o)
    0x08000268   0x08000268   0x00000000   Code   RO         1410    .ARM.Collect$$libshutdown$$00000004  c_w.l(libshutdown2.o)
    0x08000268   0x08000268   0x00000000   Code   RO         1412    .ARM.Collect$$libshutdown$$00000006  c_w.l(libshutdown2.o)
    0x08000268   0x08000268   0x00000000   Code   RO         1415    .ARM.Collect$$libshutdown$$00000009  c_w.l(libshutdown2.o)
    0x08000268   0x08000268   0x00000000   Code   RO         1418    .ARM.Collect$$libshutdown$$0000000C  c_w.l(libshutdown2.o)
    0x08000268   0x08000268   0x00000000   Code   RO         1420    .ARM.Collect$$libshutdown$$0000000E  c_w.l(libshutdown2.o)
    0x08000268   0x08000268   0x00000000   Code   RO         1423    .ARM.Collect$$libshutdown$$00000011  c_w.l(libshutdown2.o)
    0x08000268   0x08000268   0x00000002   Code   RO         1424    .ARM.Collect$$libshutdown$$00000012  c_w.l(libshutdown2.o)
    0x0800026a   0x0800026a   0x00000000   Code   RO         1257    .ARM.Collect$$rtentry$$00000000  c_w.l(__rtentry.o)
    0x0800026a   0x0800026a   0x00000000   Code   RO         1275    .ARM.Collect$$rtentry$$00000002  c_w.l(__rtentry2.o)
    0x0800026a   0x0800026a   0x00000006   Code   RO         1287    .ARM.Collect$$rtentry$$00000004  c_w.l(__rtentry4.o)
    0x08000270   0x08000270   0x00000000   Code   RO         1277    .ARM.Collect$$rtentry$$00000009  c_w.l(__rtentry2.o)
    0x08000270   0x08000270   0x00000004   Code   RO         1278    .ARM.Collect$$rtentry$$0000000A  c_w.l(__rtentry2.o)
    0x08000274   0x08000274   0x00000000   Code   RO         1280    .ARM.Collect$$rtentry$$0000000C  c_w.l(__rtentry2.o)
    0x08000274   0x08000274   0x00000008   Code   RO         1281    .ARM.Collect$$rtentry$$0000000D  c_w.l(__rtentry2.o)
    0x0800027c   0x0800027c   0x00000002   Code   RO         1316    .ARM.Collect$$rtexit$$00000000  c_w.l(rtexit.o)
    0x0800027e   0x0800027e   0x00000000   Code   RO         1368    .ARM.Collect$$rtexit$$00000002  c_w.l(rtexit2.o)
    0x0800027e   0x0800027e   0x00000004   Code   RO         1369    .ARM.Collect$$rtexit$$00000003  c_w.l(rtexit2.o)
    0x08000282   0x08000282   0x00000006   Code   RO         1370    .ARM.Collect$$rtexit$$00000004  c_w.l(rtexit2.o)
    0x08000288   0x08000288   0x00000010   Code   RO          565    .emb_text           sys.o
    0x08000298   0x08000298   0x00000124   Code   RO            3    .text               main.o
    0x080003bc   0x080003bc   0x0000001a   Code   RO          210    .text               stm32f4xx_it.o
    0x080003d6   0x080003d6   0x00000002   PAD
    0x080003d8   0x080003d8   0x00000210   Code   RO          259    .text               system_stm32f4xx.o
    0x080005e8   0x080005e8   0x00000040   Code   RO          285    .text               led.o
    0x08000628   0x08000628   0x00004d48   Code   RO          305    .text               lcd.o
    0x08005370   0x08005370   0x00000100   Code   RO          343    .text               key.o
    0x08005470   0x08005470   0x00000118   Code   RO          364    .text               spi.o
    0x08005588   0x08005588   0x00000388   Code   RO          387    .text               w25qxx.o
    0x08005910   0x08005910   0x00001d5c   Code   RO          414    .text               sdio_sdcard.o
    0x0800766c   0x0800766c   0x0000025c   Code   RO          448    .text               myiic.o
    0x080078c8   0x080078c8   0x000001e0   Code   RO          494    .text               i2s.o
    0x08007aa8   0x08007aa8   0x00000424   Code   RO          521    .text               wm8978.o
    0x08007ecc   0x08007ecc   0x00000104   Code   RO          543    .text               delay.o
    0x08007fd0   0x08007fd0   0x00000148   Code   RO          583    .text               usart.o
    0x08008118   0x08008118   0x00000040   Code   RO          615    .text               startup_stm32f40_41xxx.o
    0x08008158   0x08008158   0x000000e0   Code   RO          621    .text               misc.o
    0x08008238   0x08008238   0x00000294   Code   RO          641    .text               stm32f4xx_gpio.o
    0x080084cc   0x080084cc   0x000005c8   Code   RO          661    .text               stm32f4xx_fsmc.o
    0x08008a94   0x08008a94   0x0000065c   Code   RO          684    .text               stm32f4xx_rcc.o
    0x080090f0   0x080090f0   0x00000454   Code   RO          706    .text               stm32f4xx_usart.o
    0x08009544   0x08009544   0x00000ca2   Code   RO          726    .text               stm32f4xx_tim.o
    0x0800a1e6   0x0800a1e6   0x00000002   PAD
    0x0800a1e8   0x0800a1e8   0x00000480   Code   RO          766    .text               stm32f4xx_spi.o
    0x0800a668   0x0800a668   0x000001dc   Code   RO          786    .text               stm32f4xx_sdio.o
    0x0800a844   0x0800a844   0x000003a8   Code   RO          806    .text               stm32f4xx_dma.o
    0x0800abec   0x0800abec   0x0000022c   Code   RO          826    .text               malloc.o
    0x0800ae18   0x0800ae18   0x00000be4   Code   RO          858    .text               usmart.o
    0x0800b9fc   0x0800b9fc   0x00000528   Code   RO          906    .text               usmart_str.o
    0x0800bf24   0x0800bf24   0x00000200   Code   RO          926    .text               diskio.o
    0x0800c124   0x0800c124   0x0000329a   Code   RO          950    .text               ff.o
    0x0800f3be   0x0800f3be   0x00000002   PAD
    0x0800f3c0   0x0800f3c0   0x00000198   Code   RO          974    .text               exfuns.o
    0x0800f558   0x0800f558   0x000006c8   Code   RO         1003    .text               fattester.o
    0x0800fc20   0x0800fc20   0x000000cc   Code   RO         1030    .text               mycc936.o
    0x0800fcec   0x0800fcec   0x000002d4   Code   RO         1083    .text               text.o
    0x0800ffc0   0x0800ffc0   0x000005a0   Code   RO         1103    .text               wavplay.o
    0x08010560   0x08010560   0x0000053c   Code   RO         1135    .text               audioplay.o
    0x08010a9c   0x08010a9c   0x00000002   Code   RO         1166    .text               c_w.l(use_no_semi_2.o)
    0x08010a9e   0x08010a9e   0x00000048   Code   RO         1168    .text               c_w.l(llsdiv.o)
    0x08010ae6   0x08010ae6   0x00000002   PAD
    0x08010ae8   0x08010ae8   0x00000018   Code   RO         1172    .text               c_w.l(noretval__2printf.o)
    0x08010b00   0x08010b00   0x0000004e   Code   RO         1176    .text               c_w.l(_printf_pad.o)
    0x08010b4e   0x08010b4e   0x00000052   Code   RO         1178    .text               c_w.l(_printf_str.o)
    0x08010ba0   0x08010ba0   0x00000078   Code   RO         1180    .text               c_w.l(_printf_dec.o)
    0x08010c18   0x08010c18   0x00000058   Code   RO         1185    .text               c_w.l(_printf_hex_int.o)
    0x08010c70   0x08010c70   0x00000188   Code   RO         1220    .text               c_w.l(__printf_flags_ss_wp.o)
    0x08010df8   0x08010df8   0x00000048   Code   RO         1229    .text               c_w.l(strcpy.o)
    0x08010e40   0x08010e40   0x0000003e   Code   RO         1231    .text               c_w.l(strlen.o)
    0x08010e7e   0x08010e7e   0x00000018   Code   RO         1233    .text               c_w.l(strcat.o)
    0x08010e96   0x08010e96   0x0000008a   Code   RO         1235    .text               c_w.l(rt_memcpy_v6.o)
    0x08010f20   0x08010f20   0x00000080   Code   RO         1237    .text               c_w.l(strcmpv7m.o)
    0x08010fa0   0x08010fa0   0x00000006   Code   RO         1239    .text               c_w.l(heapauxi.o)
    0x08010fa6   0x08010fa6   0x00000002   Code   RO         1255    .text               c_w.l(use_no_semi.o)
    0x08010fa8   0x08010fa8   0x000000ee   Code   RO         1258    .text               c_w.l(lludivv7m.o)
    0x08011096   0x08011096   0x000000b2   Code   RO         1260    .text               c_w.l(_printf_intcommon.o)
    0x08011148   0x08011148   0x0000002c   Code   RO         1262    .text               c_w.l(_printf_char.o)
    0x08011174   0x08011174   0x00000024   Code   RO         1264    .text               c_w.l(_printf_char_file.o)
    0x08011198   0x08011198   0x00000064   Code   RO         1267    .text               c_w.l(rt_memcpy_w.o)
    0x080111fc   0x080111fc   0x00000030   Code   RO         1293    .text               c_w.l(_printf_char_common.o)
    0x0801122c   0x0801122c   0x00000008   Code   RO         1295    .text               c_w.l(ferror.o)
    0x08011234   0x08011234   0x0000004a   Code   RO         1299    .text               c_w.l(sys_stackheap_outer.o)
    0x0801127e   0x0801127e   0x00000012   Code   RO         1305    .text               c_w.l(exit.o)
    0x08011290   0x08011290   0x00000008   Code   RO         1313    .text               c_w.l(libspace.o)
    0x08011298   0x08011298   0x0000000e   Code   RO         1213    i._is_digit         c_w.l(__printf_wp.o)
    0x080112a6   0x080112a6   0x00000002   PAD
    0x080112a8   0x080112a8   0x0000005a   Code   RO         1243    x$fpl$dfixu         fz_wm.l(dfixu.o)
    0x08011302   0x08011302   0x00000026   Code   RO         1247    x$fpl$dfltu         fz_wm.l(dflt_clz.o)
    0x08011328   0x08011328   0x00000154   Code   RO         1253    x$fpl$dmul          fz_wm.l(dmul.o)
    0x0801147c   0x0801147c   0x0000009c   Code   RO         1269    x$fpl$dnaninf       fz_wm.l(dnaninf.o)
    0x08011518   0x08011518   0x0000000c   Code   RO         1271    x$fpl$dretinf       fz_wm.l(dretinf.o)
    0x08011524   0x08011524   0x0000000a   Code   RO         1382    x$fpl$fpinit        fz_wm.l(fpinit.o)
    0x0801152e   0x0801152e   0x00000000   Code   RO         1273    x$fpl$usenofp       fz_wm.l(usenofp.o)
    0x0801152e   0x0801152e   0x0001c208   Data   RO            4    .constdata          main.o
    0x0802d736   0x0802d736   0x00001a90   Data   RO          307    .constdata          lcd.o
    0x0802f1c6   0x0802f1c6   0x0000006e   Data   RO          495    .constdata          i2s.o
    0x0802f234   0x0802f234   0x0000001c   Data   RO          662    .constdata          stm32f4xx_fsmc.o
    0x0802f250   0x0802f250   0x00000024   Data   RO          832    .constdata          malloc.o
    0x0802f274   0x0802f274   0x0000003a   Data   RO          952    .constdata          ff.o
    0x0802f2ae   0x0802f2ae   0x00000002   PAD
    0x0802f2b0   0x0802f2b0   0x00000070   Data   RO          976    .constdata          exfuns.o
    0x0802f320   0x0802f320   0x000003c0   Data   RO         1031    .constdata          mycc936.o
    0x0802f6e0   0x0802f6e0   0x00000028   Data   RO         1186    .constdata          c_w.l(_printf_hex_int.o)
    0x0802f708   0x0802f708   0x00000011   Data   RO         1221    .constdata          c_w.l(__printf_flags_ss_wp.o)
    0x0802f719   0x0802f719   0x00000003   PAD
    0x0802f71c   0x0802f71c   0x00000028   Data   RO          859    .conststring        usmart.o
    0x0802f744   0x0802f744   0x000002b9   Data   RO          882    .conststring        usmart_config.o
    0x0802f9fd   0x0802f9fd   0x00000003   PAD
    0x0802fa00   0x0802fa00   0x00000044   Data   RO          977    .conststring        exfuns.o
    0x0802fa44   0x0802fa44   0x00000020   Data   RO         1442    Region$$Table       anon$$obj.o


    Execution Region RW_IRAM1 (Exec base: 0x20000000, Load base: 0x0802fa64, Size: 0x0001c6b0, Max: 0x00020000, ABSOLUTE, COMPRESSED[0x00000148])

    Exec Addr    Load Addr    Size         Type   Attr      Idx    E Section Name        Object

    0x20000000   COMPRESSED   0x00000004   Data   RW            5    .data               main.o
    0x20000004   COMPRESSED   0x00000014   Data   RW          260    .data               system_stm32f4xx.o
    0x20000018   COMPRESSED   0x00000004   Data   RW          308    .data               lcd.o
    0x2000001c   COMPRESSED   0x00000001   Data   RW          344    .data               key.o
    0x2000001d   COMPRESSED   0x00000001   PAD
    0x2000001e   COMPRESSED   0x00000002   Data   RW          389    .data               w25qxx.o
    0x20000020   COMPRESSED   0x00000010   Data   RW          416    .data               sdio_sdcard.o
    0x20000030   COMPRESSED   0x00000004   Data   RW          496    .data               i2s.o
    0x20000034   COMPRESSED   0x00000074   Data   RW          522    .data               wm8978.o
    0x200000a8   COMPRESSED   0x00000004   Data   RW          544    .data               delay.o
    0x200000ac   COMPRESSED   0x00000006   Data   RW          585    .data               usart.o
    0x200000b2   COMPRESSED   0x00000010   Data   RW          685    .data               stm32f4xx_rcc.o
    0x200000c2   COMPRESSED   0x00000002   PAD
    0x200000c4   COMPRESSED   0x00000024   Data   RW          833    .data               malloc.o
    0x200000e8   COMPRESSED   0x0000001c   Data   RW          860    .data               usmart.o
    0x20000104   COMPRESSED   0x000001cc   Data   RW          883    .data               usmart_config.o
    0x200002d0   COMPRESSED   0x00000002   Data   RW          927    .data               diskio.o
    0x200002d2   COMPRESSED   0x00000002   Data   RW          953    .data               ff.o
    0x200002d4   COMPRESSED   0x00000014   Data   RW          978    .data               exfuns.o
    0x200002e8   COMPRESSED   0x00000002   Data   RW         1105    .data               wavplay.o
    0x200002ea   COMPRESSED   0x00000002   Data   RW         1137    .data               audioplay.o
    0x200002ec        -       0x0000000e   Zero   RW          306    .bss                lcd.o
    0x200002fa        -       0x00001000   Zero   RW          388    .bss                w25qxx.o
    0x200012fa   COMPRESSED   0x00000006   PAD
    0x20001300        -       0x000002c0   Zero   RW          415    .bss                sdio_sdcard.o
    0x200015c0        -       0x000000c8   Zero   RW          584    .bss                usart.o
    0x20001688   COMPRESSED   0x00000018   PAD
    0x200016a0        -       0x0001a900   Zero   RW          831    .bss                malloc.o
    0x2001bfa0        -       0x0000000c   Zero   RW          951    .bss                ff.o
    0x2001bfac        -       0x00000050   Zero   RW          975    .bss                exfuns.o
    0x2001bffc        -       0x00000021   Zero   RW         1052    .bss                fontupd.o
    0x2001c01d        -       0x00000020   Zero   RW         1104    .bss                wavplay.o
    0x2001c03d        -       0x00000011   Zero   RW         1136    .bss                audioplay.o
    0x2001c04e   COMPRESSED   0x00000002   PAD
    0x2001c050        -       0x00000060   Zero   RW         1314    .bss                c_w.l(libspace.o)
    0x2001c0b0        -       0x00000200   Zero   RW          613    HEAP                startup_stm32f40_41xxx.o
    0x2001c2b0        -       0x00000400   Zero   RW          612    STACK               startup_stm32f40_41xxx.o



  Load Region LR$$.ARM.__AT_0x10000000 (Base: 0x10000000, Size: 0x00000000, Max: 0x0000f000, ABSOLUTE)

    Execution Region ER$$.ARM.__AT_0x10000000 (Exec base: 0x10000000, Load base: 0x10000000, Size: 0x0000f000, Max: 0x0000f000, ABSOLUTE, UNINIT)

    Exec Addr    Load Addr    Size         Type   Attr      Idx    E Section Name        Object

    0x10000000        -       0x0000f000   Zero   RW          827    .ARM.__AT_0x10000000  malloc.o



  Load Region LR$$.ARM.__AT_0x1000F000 (Base: 0x1000f000, Size: 0x00000000, Max: 0x00000f00, ABSOLUTE)

    Execution Region ER$$.ARM.__AT_0x1000F000 (Exec base: 0x1000f000, Load base: 0x1000f000, Size: 0x00000f00, Max: 0x00000f00, ABSOLUTE, UNINIT)

    Exec Addr    Load Addr    Size         Type   Attr      Idx    E Section Name        Object

    0x1000f000        -       0x00000f00   Zero   RW          828    .ARM.__AT_0x1000F000  malloc.o



  Load Region LR$$.ARM.__AT_0x68000000 (Base: 0x68000000, Size: 0x00000000, Max: 0x000f0000, ABSOLUTE)

    Execution Region ER$$.ARM.__AT_0x68000000 (Exec base: 0x68000000, Load base: 0x68000000, Size: 0x000f0000, Max: 0x000f0000, ABSOLUTE, UNINIT)

    Exec Addr    Load Addr    Size         Type   Attr      Idx    E Section Name        Object

    0x68000000        -       0x000f0000   Zero   RW          829    .ARM.__AT_0x68000000  malloc.o



  Load Region LR$$.ARM.__AT_0x680F0000 (Base: 0x680f0000, Size: 0x00000000, Max: 0x0000f000, ABSOLUTE)

    Execution Region ER$$.ARM.__AT_0x680F0000 (Exec base: 0x680f0000, Load base: 0x680f0000, Size: 0x0000f000, Max: 0x0000f000, ABSOLUTE, UNINIT)

    Exec Addr    Load Addr    Size         Type   Attr      Idx    E Section Name        Object

    0x680f0000        -       0x0000f000   Zero   RW          830    .ARM.__AT_0x680F0000  malloc.o


==============================================================================

Image component sizes


      Code (inc. data)   RO Data    RW Data    ZI Data      Debug   Object Name

      1340        120          0          2         17       4198   audioplay.o
       260          8          0          4          0       1581   delay.o
       512          8          0          2          0       4610   diskio.o
       408         22        180         20         80       2944   exfuns.o
      1736        690          0          0          0       6052   fattester.o
     12954        136         58          2         12      38502   ff.o
         0          0          0          0         33       1577   fontupd.o
       480         26        110          4          0       2760   i2s.o
       256         14          0          1          0        928   key.o
     19784        182       6800          4         14      24260   lcd.o
        64          4          0          0          0        575   led.o
       292         26     115208          4          0     323084   main.o
       556         18         36         36    1218560       5185   malloc.o
       224         20          0          0          0       1917   misc.o
       204         12        960          0          0       1777   mycc936.o
       604         14          0          0          0       1968   myiic.o
      7516        282          0         16        704      25457   sdio_sdcard.o
       280          8          0          0          0       1125   spi.o
        64         26        392          0       1536        880   startup_stm32f40_41xxx.o
       936         32          0          0          0       6493   stm32f4xx_dma.o
      1480         18         28          0          0       5798   stm32f4xx_fsmc.o
       660         44          0          0          0       4257   stm32f4xx_gpio.o
        26          0          0          0          0       1270   stm32f4xx_it.o
      1628         52          0         16          0      13184   stm32f4xx_rcc.o
       476         16          0          0          0       7520   stm32f4xx_sdio.o
      1152         36          0          0          0       7005   stm32f4xx_spi.o
      3234         60          0          0          0      23112   stm32f4xx_tim.o
      1108         34          0          0          0       7980   stm32f4xx_usart.o
        16          0          0          0          0        532   sys.o
       528         46          0         20          0       1927   system_stm32f4xx.o
       724         16          0          0          0       3236   text.o
       328         16          0          6        200       3450   usart.o
      3044       1210         40         28          0       4562   usmart.o
         0          0        697        460          0       1740   usmart_config.o
      1320         12          0          0          0       5437   usmart_str.o
       904         34          0          2       4096       4641   w25qxx.o
      1440        230          0          2         32       3657   wavplay.o
      1060         12          0        116          0       5973   wm8978.o

    ----------------------------------------------------------------------
     67604       3484     124546        748    1225316     561154   Object Totals
         0          0         32          0          0          0   (incl. Generated)
         6          0          5          3         32          0   (incl. Padding)

    ----------------------------------------------------------------------

      Code (inc. data)   RO Data    RW Data    ZI Data      Debug   Library Member Name

        90          0          0          0          0          0   __dczerorl2.o
         8          0          0          0          0         68   __main.o
       392          4         17          0          0         92   __printf_flags_ss_wp.o
        14          0          0          0          0         68   __printf_wp.o
         0          0          0          0          0          0   __rtentry.o
        12          0          0          0          0          0   __rtentry2.o
         6          0          0          0          0          0   __rtentry4.o
        52          8          0          0          0          0   __scatter.o
        28          0          0          0          0          0   __scatter_zi.o
         6          0          0          0          0          0   _printf_c.o
        44          0          0          0          0        108   _printf_char.o
        48          6          0          0          0         96   _printf_char_common.o
        36          4          0          0          0         80   _printf_char_file.o
         6          0          0          0          0          0   _printf_d.o
       120         16          0          0          0         92   _printf_dec.o
        88          4         40          0          0         88   _printf_hex_int.o
       178          0          0          0          0         88   _printf_intcommon.o
        78          0          0          0          0        108   _printf_pad.o
         0          0          0          0          0          0   _printf_percent.o
         4          0          0          0          0          0   _printf_percent_end.o
         6          0          0          0          0          0   _printf_s.o
        82          0          0          0          0         80   _printf_str.o
         6          0          0          0          0          0   _printf_u.o
         6          0          0          0          0          0   _printf_x.o
        18          0          0          0          0         80   exit.o
         8          0          0          0          0         68   ferror.o
         6          0          0          0          0        152   heapauxi.o
         2          0          0          0          0          0   libinit.o
         6          0          0          0          0          0   libinit2.o
         2          0          0          0          0          0   libshutdown.o
         2          0          0          0          0          0   libshutdown2.o
         8          4          0          0         96         68   libspace.o
        72          0          0          0          0         76   llsdiv.o
       238          0          0          0          0        100   lludivv7m.o
        24          4          0          0          0         84   noretval__2printf.o
       138          0          0          0          0         68   rt_memcpy_v6.o
       100          0          0          0          0         80   rt_memcpy_w.o
         2          0          0          0          0          0   rtexit.o
        10          0          0          0          0          0   rtexit2.o
        24          0          0          0          0         68   strcat.o
       128          0          0          0          0         68   strcmpv7m.o
        72          0          0          0          0         80   strcpy.o
        62          0          0          0          0         76   strlen.o
        74          0          0          0          0         80   sys_stackheap_outer.o
         2          0          0          0          0         68   use_no_semi.o
         2          0          0          0          0         68   use_no_semi_2.o
        90          4          0          0          0        140   dfixu.o
        38          0          0          0          0        116   dflt_clz.o
       340         12          0          0          0        152   dmul.o
       156          4          0          0          0        140   dnaninf.o
        12          0          0          0          0        116   dretinf.o
        10          0          0          0          0        116   fpinit.o
         0          0          0          0          0          0   usenofp.o

    ----------------------------------------------------------------------
      2962         70         60          0         96       3032   Library Totals
         6          0          3          0          0          0   (incl. Padding)

    ----------------------------------------------------------------------

      Code (inc. data)   RO Data    RW Data    ZI Data      Debug   Library Name

      2310         50         57          0         96       2252   c_w.l
       646         20          0          0          0        780   fz_wm.l

    ----------------------------------------------------------------------
      2962         70         60          0         96       3032   Library Totals

    ----------------------------------------------------------------------

==============================================================================


      Code (inc. data)   RO Data    RW Data    ZI Data      Debug   

     70566       3554     124606        748    1225412     554890   Grand Totals
     70566       3554     124606        328    1225412     554890   ELF Image Totals (compressed)
     70566       3554     124606        328          0          0   ROM Totals

==============================================================================

    Total RO  Size (Code + RO Data)               195172 ( 190.60kB)
    Total RW  Size (RW Data + ZI Data)           1226160 (1197.42kB)
    Total ROM Size (Code + RO Data + RW Data)     195500 ( 190.92kB)

==============================================================================

