Component: ARM Compiler 5.06 update 7 (build 960) Tool: armlink [4d3601]

==============================================================================

Section Cross References

    main.o(i.fputc) refers to stm32f10x_usart.o(i.USART_SendData) for USART_SendData
    main.o(i.fputc) refers to stm32f10x_usart.o(i.USART_GetFlagStatus) for USART_GetFlagStatus
    main.o(i.main) refers to hw_config.o(i.LED_Configuration) for LED_Configuration
    main.o(i.main) refers to 107_32_driver_io16.o(i.LCD_Init) for LCD_Init
    main.o(i.main) refers to 107_32_driver_io16.o(i.LCD_Clear) for LCD_Clear
    main.o(i.main) refers to hw_config.o(i.USART_Configuration) for USART_Configuration
    main.o(i.main) refers to printf5.o(i.__0printf$5) for __2printf
    main.o(i.main) refers to sddriver.o(i.SD_Init) for SD_Init
    main.o(i.main) refers to 107_32_driver_io16.o(i.LCD_ShowString) for LCD_ShowString
    main.o(i.main) refers to 107_32_driver_io16.o(i.GUI_Put) for GUI_Put
    main.o(i.main) refers to stm32f10x_gpio.o(i.GPIO_SetBits) for GPIO_SetBits
    main.o(i.main) refers to main.o(i.Delay) for Delay
    main.o(i.main) refers to stm32f10x_gpio.o(i.GPIO_ResetBits) for GPIO_ResetBits
    hw_config.o(i.LED_Configuration) refers to stm32f10x_rcc.o(i.RCC_APB2PeriphClockCmd) for RCC_APB2PeriphClockCmd
    hw_config.o(i.LED_Configuration) refers to stm32f10x_gpio.o(i.GPIO_Init) for GPIO_Init
    hw_config.o(i.LED_Configuration) refers to stm32f10x_gpio.o(i.GPIO_ResetBits) for GPIO_ResetBits
    hw_config.o(i.USART_Configuration) refers to stm32f10x_rcc.o(i.RCC_APB2PeriphClockCmd) for RCC_APB2PeriphClockCmd
    hw_config.o(i.USART_Configuration) refers to stm32f10x_gpio.o(i.GPIO_Init) for GPIO_Init
    hw_config.o(i.USART_Configuration) refers to stm32f10x_usart.o(i.USART_Init) for USART_Init
    hw_config.o(i.USART_Configuration) refers to stm32f10x_usart.o(i.USART_Cmd) for USART_Cmd
    stm32f10x_flash.o(i.FLASH_EnableWriteProtection) refers to stm32f10x_flash.o(i.FLASH_WaitForLastOperation) for FLASH_WaitForLastOperation
    stm32f10x_flash.o(i.FLASH_EraseAllBank1Pages) refers to stm32f10x_flash.o(i.FLASH_WaitForLastBank1Operation) for FLASH_WaitForLastBank1Operation
    stm32f10x_flash.o(i.FLASH_EraseAllPages) refers to stm32f10x_flash.o(i.FLASH_WaitForLastOperation) for FLASH_WaitForLastOperation
    stm32f10x_flash.o(i.FLASH_EraseOptionBytes) refers to stm32f10x_flash.o(i.FLASH_GetReadOutProtectionStatus) for FLASH_GetReadOutProtectionStatus
    stm32f10x_flash.o(i.FLASH_EraseOptionBytes) refers to stm32f10x_flash.o(i.FLASH_WaitForLastOperation) for FLASH_WaitForLastOperation
    stm32f10x_flash.o(i.FLASH_ErasePage) refers to stm32f10x_flash.o(i.FLASH_WaitForLastOperation) for FLASH_WaitForLastOperation
    stm32f10x_flash.o(i.FLASH_ProgramHalfWord) refers to stm32f10x_flash.o(i.FLASH_WaitForLastOperation) for FLASH_WaitForLastOperation
    stm32f10x_flash.o(i.FLASH_ProgramOptionByteData) refers to stm32f10x_flash.o(i.FLASH_WaitForLastOperation) for FLASH_WaitForLastOperation
    stm32f10x_flash.o(i.FLASH_ProgramWord) refers to stm32f10x_flash.o(i.FLASH_WaitForLastOperation) for FLASH_WaitForLastOperation
    stm32f10x_flash.o(i.FLASH_ReadOutProtection) refers to stm32f10x_flash.o(i.FLASH_WaitForLastOperation) for FLASH_WaitForLastOperation
    stm32f10x_flash.o(i.FLASH_UserOptionByteConfig) refers to stm32f10x_flash.o(i.FLASH_WaitForLastOperation) for FLASH_WaitForLastOperation
    stm32f10x_flash.o(i.FLASH_WaitForLastBank1Operation) refers to stm32f10x_flash.o(i.FLASH_GetBank1Status) for FLASH_GetBank1Status
    stm32f10x_flash.o(i.FLASH_WaitForLastOperation) refers to stm32f10x_flash.o(i.FLASH_GetBank1Status) for FLASH_GetBank1Status
    stm32f10x_gpio.o(i.GPIO_AFIODeInit) refers to stm32f10x_rcc.o(i.RCC_APB2PeriphResetCmd) for RCC_APB2PeriphResetCmd
    stm32f10x_gpio.o(i.GPIO_DeInit) refers to stm32f10x_rcc.o(i.RCC_APB2PeriphResetCmd) for RCC_APB2PeriphResetCmd
    stm32f10x_rcc.o(i.RCC_GetClocksFreq) refers to stm32f10x_rcc.o(.data) for APBAHBPrescTable
    stm32f10x_rcc.o(i.RCC_WaitForHSEStartUp) refers to stm32f10x_rcc.o(i.RCC_GetFlagStatus) for RCC_GetFlagStatus
    stm32f10x_spi.o(i.I2S_Init) refers to stm32f10x_rcc.o(i.RCC_GetClocksFreq) for RCC_GetClocksFreq
    stm32f10x_spi.o(i.SPI_I2S_DeInit) refers to stm32f10x_rcc.o(i.RCC_APB2PeriphResetCmd) for RCC_APB2PeriphResetCmd
    stm32f10x_spi.o(i.SPI_I2S_DeInit) refers to stm32f10x_rcc.o(i.RCC_APB1PeriphResetCmd) for RCC_APB1PeriphResetCmd
    stm32f10x_usart.o(i.USART_DeInit) refers to stm32f10x_rcc.o(i.RCC_APB2PeriphResetCmd) for RCC_APB2PeriphResetCmd
    stm32f10x_usart.o(i.USART_DeInit) refers to stm32f10x_rcc.o(i.RCC_APB1PeriphResetCmd) for RCC_APB1PeriphResetCmd
    stm32f10x_usart.o(i.USART_Init) refers to stm32f10x_rcc.o(i.RCC_GetClocksFreq) for RCC_GetClocksFreq
    startup_stm32f10x_cl.o(RESET) refers to startup_stm32f10x_cl.o(STACK) for __initial_sp
    startup_stm32f10x_cl.o(RESET) refers to startup_stm32f10x_cl.o(.text) for Reset_Handler
[...]
    printf0.o(i.__0printf$0) refers to printf0.o(i._printf_core) for _printf_core
    printf0.o(i.__0printf$0) refers to main.o(i.fputc) for fputc
    printf0.o(i.__0printf$0) refers to stdout.o(.data) for __stdout
    printf0.o(i.__0snprintf$0) refers to printf0.o(i._printf_core) for _printf_core
    printf0.o(i.__0snprintf$0) refers to printf0.o(i._snputc) for _snputc
    printf0.o(i.__0sprintf$0) refers to printf0.o(i._printf_core) for _printf_core
    printf0.o(i.__0sprintf$0) refers to printf0.o(i._sputc) for _sputc
    printf0.o(i.__0vfprintf$0) refers to printf0.o(i._printf_core) for _printf_core
    printf0.o(i.__0vfprintf$0) refers to main.o(i.fputc) for fputc
    printf0.o(i.__0vprintf$0) refers to printf0.o(i._printf_core) for _printf_core
    printf0.o(i.__0vprintf$0) refers to main.o(i.fputc) for fputc
    printf0.o(i.__0vprintf$0) refers to stdout.o(.data) for __stdout
    printf0.o(i.__0vsnprintf$0) refers to printf0.o(i._printf_core) for _printf_core
    printf0.o(i.__0vsnprintf$0) refers to printf0.o(i._snputc) for _snputc
    printf0.o(i.__0vsprintf$0) refers to printf0.o(i._printf_core) for _printf_core
    printf0.o(i.__0vsprintf$0) refers to printf0.o(i._sputc) for _sputc
    printf1.o(i.__0fprintf$1) refers to printf1.o(i._printf_core) for _printf_core
    printf1.o(i.__0fprintf$1) refers to main.o(i.fputc) for fputc
    printf1.o(i.__0printf$1) refers to printf1.o(i._printf_core) for _printf_core
    printf1.o(i.__0printf$1) refers to main.o(i.fputc) for fputc
    printf1.o(i.__0printf$1) refers to stdout.o(.data) for __stdout
    printf1.o(i.__0snprintf$1) refers to printf1.o(i._printf_core) for _printf_core
    printf1.o(i.__0snprintf$1) refers to printf1.o(i._snputc) for _snputc
    printf1.o(i.__0sprintf$1) refers to printf1.o(i._printf_core) for _printf_core
    printf1.o(i.__0sprintf$1) refers to printf1.o(i._sputc) for _sputc
    printf1.o(i.__0vfprintf$1) refers to printf1.o(i._printf_core) for _printf_core
    printf1.o(i.__0vfprintf$1) refers to main.o(i.fputc) for fputc
    printf1.o(i.__0vprintf$1) refers to printf1.o(i._printf_core) for _printf_core
    printf1.o(i.__0vprintf$1) refers to main.o(i.fputc) for fputc
    printf1.o(i.__0vprintf$1) refers to stdout.o(.data) for __stdout
    printf1.o(i.__0vsnprintf$1) refers to printf1.o(i._printf_core) for _printf_core
    printf1.o(i.__0vsnprintf$1) refers to printf1.o(i._snputc) for _snputc
    printf1.o(i.__0vsprintf$1) refers to printf1.o(i._printf_core) for _printf_core
    printf1.o(i.__0vsprintf$1) refers to printf1.o(i._sputc) for _sputc
    printf1.o(i._printf_core) refers to uidiv.o(.text) for __aeabi_uidivmod
    printf2.o(i.__0fprintf$2) refers to printf2.o(i._printf_core) for _printf_core
    printf2.o(i.__0fprintf$2) refers to main.o(i.fputc) for fputc
    printf2.o(i.__0printf$2) refers to printf2.o(i._printf_core) for _printf_core
    printf2.o(i.__0printf$2) refers to main.o(i.fputc) for fputc
    printf2.o(i.__0printf$2) refers to stdout.o(.data) for __stdout
    printf2.o(i.__0snprintf$2) refers to printf2.o(i._printf_core) for _printf_core
    printf2.o(i.__0snprintf$2) refers to printf2.o(i._snputc) for _snputc
    printf2.o(i.__0sprintf$2) refers to printf2.o(i._printf_core) for _printf_core
    printf2.o(i.__0sprintf$2) refers to printf2.o(i._sputc) for _sputc
    printf2.o(i.__0vfprintf$2) refers to printf2.o(i._printf_core) for _printf_core
    printf2.o(i.__0vfprintf$2) refers to main.o(i.fputc) for fputc
    printf2.o(i.__0vprintf$2) refers to printf2.o(i._printf_core) for _printf_core
    printf2.o(i.__0vprintf$2) refers to main.o(i.fputc) for fputc
    printf2.o(i.__0vprintf$2) refers to stdout.o(.data) for __stdout
    printf2.o(i.__0vsnprintf$2) refers to printf2.o(i._printf_core) for _printf_core
    printf2.o(i.__0vsnprintf$2) refers to printf2.o(i._snputc) for _snputc
    printf2.o(i.__0vsprintf$2) refers to printf2.o(i._printf_core) for _printf_core
    printf2.o(i.__0vsprintf$2) refers to printf2.o(i._sputc) for _sputc
    printf3.o(i.__0fprintf$3) refers to printf3.o(i._printf_core) for _printf_core
    printf3.o(i.__0fprintf$3) refers to main.o(i.fputc) for fputc
    printf3.o(i.__0printf$3) refers to printf3.o(i._printf_core) for _printf_core
    printf3.o(i.__0printf$3) refers to main.o(i.fputc) for fputc
    printf3.o(i.__0printf$3) refers to stdout.o(.data) for __stdout
    printf3.o(i.__0snprintf$3) refers to printf3.o(i._printf_core) for _printf_core
    printf3.o(i.__0snprintf$3) refers to printf3.o(i._snputc) for _snputc
    printf3.o(i.__0sprintf$3) refers to printf3.o(i._printf_core) for _printf_core
    printf3.o(i.__0sprintf$3) refers to printf3.o(i._sputc) for _sputc
    printf3.o(i.__0vfprintf$3) refers to printf3.o(i._printf_core) for _printf_core
    printf3.o(i.__0vfprintf$3) refers to main.o(i.fputc) for fputc
    printf3.o(i.__0vprintf$3) refers to printf3.o(i._printf_core) for _printf_core
    printf3.o(i.__0vprintf$3) refers to main.o(i.fputc) for fputc
    printf3.o(i.__0vprintf$3) refers to stdout.o(.data) for __stdout
    printf3.o(i.__0vsnprintf$3) refers to printf3.o(i._printf_core) for _printf_core
    printf3.o(i.__0vsnprintf$3) refers to printf3.o(i._snputc) for _snputc
    printf3.o(i.__0vsprintf$3) refers to printf3.o(i._printf_core) for _printf_core
    printf3.o(i.__0vsprintf$3) refers to printf3.o(i._sputc) for _sputc
    printf3.o(i._printf_core) refers to uidiv.o(.text) for __aeabi_uidivmod
    printf4.o(i.__0fprintf$4) refers to printf4.o(i._printf_core) for _printf_core
    printf4.o(i.__0fprintf$4) refers to main.o(i.fputc) for fputc
    printf4.o(i.__0printf$4) refers to printf4.o(i._printf_core) for _printf_core
    printf4.o(i.__0printf$4) refers to main.o(i.fputc) for fputc
    printf4.o(i.__0printf$4) refers to stdout.o(.data) for __stdout
    printf4.o(i.__0snprintf$4) refers to printf4.o(i._printf_core) for _printf_core
    printf4.o(i.__0snprintf$4) refers to printf4.o(i._snputc) for _snputc
    printf4.o(i.__0sprintf$4) refers to printf4.o(i._printf_core) for _printf_core
    printf4.o(i.__0sprintf$4) refers to printf4.o(i._sputc) for _sputc
    printf4.o(i.__0vfprintf$4) refers to printf4.o(i._printf_core) for _printf_core
    printf4.o(i.__0vfprintf$4) refers to main.o(i.fputc) for fputc
    printf4.o(i.__0vprintf$4) refers to printf4.o(i._printf_core) for _printf_core
    printf4.o(i.__0vprintf$4) refers to main.o(i.fputc) for fputc
    printf4.o(i.__0vprintf$4) refers to stdout.o(.data) for __stdout
    printf4.o(i.__0vsnprintf$4) refers to printf4.o(i._printf_core) for _printf_core
    printf4.o(i.__0vsnprintf$4) refers to printf4.o(i._snputc) for _snputc
    printf4.o(i.__0vsprintf$4) refers to printf4.o(i._printf_core) for _printf_core
    printf4.o(i.__0vsprintf$4) refers to printf4.o(i._sputc) for _sputc
    printf4.o(i._printf_core) refers to uldiv.o(.text) for __aeabi_uldivmod
    printf5.o(i.__0fprintf$5) refers to printf5.o(i._printf_core) for _printf_core
    printf5.o(i.__0fprintf$5) refers to main.o(i.fputc) for fputc
    printf5.o(i.__0printf$5) refers to printf5.o(i._printf_core) for _printf_core
    printf5.o(i.__0printf$5) refers to main.o(i.fputc) for fputc
    printf5.o(i.__0printf$5) refers to stdout.o(.data) for __stdout
    printf5.o(i.__0snprintf$5) refers to printf5.o(i._printf_core) for _printf_core
    printf5.o(i.__0snprintf$5) refers to printf5.o(i._snputc) for _snputc
    printf5.o(i.__0sprintf$5) refers to printf5.o(i._printf_core) for _printf_core
    printf5.o(i.__0sprintf$5) refers to printf5.o(i._sputc) for _sputc
    printf5.o(i.__0vfprintf$5) refers to printf5.o(i._printf_core) for _printf_core
    printf5.o(i.__0vfprintf$5) refers to main.o(i.fputc) for fputc
    printf5.o(i.__0vprintf$5) refers to printf5.o(i._printf_core) for _printf_core
    printf5.o(i.__0vprintf$5) refers to main.o(i.fputc) for fputc
    printf5.o(i.__0vprintf$5) refers to stdout.o(.data) for __stdout
    printf5.o(i.__0vsnprintf$5) refers to printf5.o(i._printf_core) for _printf_core
    printf5.o(i.__0vsnprintf$5) refers to printf5.o(i._snputc) for _snputc
    printf5.o(i.__0vsprintf$5) refers to printf5.o(i._printf_core) for _printf_core
    printf5.o(i.__0vsprintf$5) refers to printf5.o(i._sputc) for _sputc
    printf5.o(i._printf_core) refers to uldiv.o(.text) for __aeabi_uldivmod
    printf6.o(i.__0fprintf$6) refers to printf6.o(i._printf_core) for _printf_core
    printf6.o(i.__0fprintf$6) refers to main.o(i.fputc) for fputc
    printf6.o(i.__0printf$6) refers to printf6.o(i._printf_core) for _printf_core
    printf6.o(i.__0printf$6) refers to main.o(i.fputc) for fputc
    printf6.o(i.__0printf$6) refers to stdout.o(.data) for __stdout
    printf6.o(i.__0snprintf$6) refers to printf6.o(i._printf_core) for _printf_core
    printf6.o(i.__0snprintf$6) refers to printf6.o(i._snputc) for _snputc
    printf6.o(i.__0sprintf$6) refers to printf6.o(i._printf_core) for _printf_core
    printf6.o(i.__0sprintf$6) refers to printf6.o(i._sputc) for _sputc
    printf6.o(i.__0vfprintf$6) refers to printf6.o(i._printf_core) for _printf_core
    printf6.o(i.__0vfprintf$6) refers to main.o(i.fputc) for fputc
    printf6.o(i.__0vprintf$6) refers to printf6.o(i._printf_core) for _printf_core
    printf6.o(i.__0vprintf$6) refers to main.o(i.fputc) for fputc
    printf6.o(i.__0vprintf$6) refers to stdout.o(.data) for __stdout
    printf6.o(i.__0vsnprintf$6) refers to printf6.o(i._printf_core) for _printf_core
    printf6.o(i.__0vsnprintf$6) refers to printf6.o(i._snputc) for _snputc
    printf6.o(i.__0vsprintf$6) refers to printf6.o(i._printf_core) for _printf_core
    printf6.o(i.__0vsprintf$6) refers to printf6.o(i._sputc) for _sputc
    printf6.o(i._printf_core) refers to printf6.o(i._printf_pre_padding) for _printf_pre_padding
    printf6.o(i._printf_core) refers to uidiv.o(.text) for __aeabi_uidivmod
    printf6.o(i._printf_core) refers to printf6.o(i._printf_post_padding) for _printf_post_padding
    printf7.o(i.__0fprintf$7) refers to printf7.o(i._printf_core) for _printf_core
    printf7.o(i.__0fprintf$7) refers to main.o(i.fputc) for fputc
    printf7.o(i.__0printf$7) refers to printf7.o(i._printf_core) for _printf_core
    printf7.o(i.__0printf$7) refers to main.o(i.fputc) for fputc
    printf7.o(i.__0printf$7) refers to stdout.o(.data) for __stdout
    printf7.o(i.__0snprintf$7) refers to printf7.o(i._printf_core) for _printf_core
    printf7.o(i.__0snprintf$7) refers to printf7.o(i._snputc) for _snputc
    printf7.o(i.__0sprintf$7) refers to printf7.o(i._printf_core) for _printf_core
    printf7.o(i.__0sprintf$7) refers to printf7.o(i._sputc) for _sputc
    printf7.o(i.__0vfprintf$7) refers to printf7.o(i._printf_core) for _printf_core
    printf7.o(i.__0vfprintf$7) refers to main.o(i.fputc) for fputc
    printf7.o(i.__0vprintf$7) refers to printf7.o(i._printf_core) for _printf_core
    printf7.o(i.__0vprintf$7) refers to main.o(i.fputc) for fputc
    printf7.o(i.__0vprintf$7) refers to stdout.o(.data) for __stdout
    printf7.o(i.__0vsnprintf$7) refers to printf7.o(i._printf_core) for _printf_core
    printf7.o(i.__0vsnprintf$7) refers to printf7.o(i._snputc) for _snputc
    printf7.o(i.__0vsprintf$7) refers to printf7.o(i._printf_core) for _printf_core
    printf7.o(i.__0vsprintf$7) refers to printf7.o(i._sputc) for _sputc
    printf7.o(i._printf_core) refers to printf7.o(i._printf_pre_padding) for _printf_pre_padding
    printf7.o(i._printf_core) refers to uldiv.o(.text) for __aeabi_uldivmod
    printf7.o(i._printf_core) refers to printf7.o(i._printf_post_padding) for _printf_post_padding
    printf8.o(i.__0fprintf$8) refers to printf8.o(i._printf_core) for _printf_core
    printf8.o(i.__0fprintf$8) refers to main.o(i.fputc) for fputc
    printf8.o(i.__0printf$8) refers to printf8.o(i._printf_core) for _printf_core
    printf8.o(i.__0printf$8) refers to main.o(i.fputc) for fputc
    printf8.o(i.__0printf$8) refers to stdout.o(.data) for __stdout
    printf8.o(i.__0snprintf$8) refers to printf8.o(i._printf_core) for _printf_core
    printf8.o(i.__0snprintf$8) refers to printf8.o(i._snputc) for _snputc
    printf8.o(i.__0sprintf$8) refers to printf8.o(i._printf_core) for _printf_core
    printf8.o(i.__0sprintf$8) refers to printf8.o(i._sputc) for _sputc
    printf8.o(i.__0vfprintf$8) refers to printf8.o(i._printf_core) for _printf_core
    printf8.o(i.__0vfprintf$8) refers to main.o(i.fputc) for fputc
    printf8.o(i.__0vprintf$8) refers to printf8.o(i._printf_core) for _printf_core
    printf8.o(i.__0vprintf$8) refers to main.o(i.fputc) for fputc
    printf8.o(i.__0vprintf$8) refers to stdout.o(.data) for __stdout
    printf8.o(i.__0vsnprintf$8) refers to printf8.o(i._printf_core) for _printf_core
    printf8.o(i.__0vsnprintf$8) refers to printf8.o(i._snputc) for _snputc
    printf8.o(i.__0vsprintf$8) refers to printf8.o(i._printf_core) for _printf_core
    printf8.o(i.__0vsprintf$8) refers to printf8.o(i._sputc) for _sputc
    printf8.o(i._printf_core) refers to printf8.o(i._printf_pre_padding) for _printf_pre_padding
    printf8.o(i._printf_core) refers to uldiv.o(.text) for __aeabi_uldivmod
    printf8.o(i._printf_core) refers to printf8.o(i._printf_post_padding) for _printf_post_padding
    printfa.o(i.__0fprintf) refers (Special) to iusefp.o(.text) for __I$use$fp
    printfa.o(i.__0fprintf) refers to printfa.o(i._printf_core) for _printf_core
    printfa.o(i.__0fprintf) refers to main.o(i.fputc) for fputc
    printfa.o(i.__0printf) refers (Special) to iusefp.o(.text) for __I$use$fp
    printfa.o(i.__0printf) refers to printfa.o(i._printf_core) for _printf_core
    printfa.o(i.__0printf) refers to main.o(i.fputc) for fputc
    printfa.o(i.__0printf) refers to stdout.o(.data) for __stdout
    printfa.o(i.__0snprintf) refers (Special) to iusefp.o(.text) for __I$use$fp
    printfa.o(i.__0snprintf) refers to printfa.o(i._printf_core) for _printf_core
    printfa.o(i.__0snprintf) refers to printfa.o(i._snputc) for _snputc
    printfa.o(i.__0sprintf) refers (Special) to iusefp.o(.text) for __I$use$fp
    printfa.o(i.__0sprintf) refers to printfa.o(i._printf_core) for _printf_core
    printfa.o(i.__0sprintf) refers to printfa.o(i._sputc) for _sputc
    printfa.o(i.__0vfprintf) refers (Special) to iusefp.o(.text) for __I$use$fp
    printfa.o(i.__0vfprintf) refers to printfa.o(i._printf_core) for _printf_core
    printfa.o(i.__0vfprintf) refers to main.o(i.fputc) for fputc
    printfa.o(i.__0vprintf) refers (Special) to iusefp.o(.text) for __I$use$fp
    printfa.o(i.__0vprintf) refers to printfa.o(i._printf_core) for _printf_core
    printfa.o(i.__0vprintf) refers to main.o(i.fputc) for fputc
    printfa.o(i.__0vprintf) refers to stdout.o(.data) for __stdout
    printfa.o(i.__0vsnprintf) refers (Special) to iusefp.o(.text) for __I$use$fp
    printfa.o(i.__0vsnprintf) refers to printfa.o(i._printf_core) for _printf_core
    printfa.o(i.__0vsnprintf) refers to printfa.o(i._snputc) for _snputc
    printfa.o(i.__0vsprintf) refers (Special) to iusefp.o(.text) for __I$use$fp
    printfa.o(i.__0vsprintf) refers to printfa.o(i._printf_core) for _printf_core
    printfa.o(i.__0vsprintf) refers to printfa.o(i._sputc) for _sputc
    printfa.o(i._fp_digits) refers (Special) to iusefp.o(.text) for __I$use$fp
    printfa.o(i._fp_digits) refers to dmul.o(.text) for __aeabi_dmul
    printfa.o(i._fp_digits) refers to ddiv.o(.text) for __aeabi_ddiv
    printfa.o(i._fp_digits) refers to cdrcmple.o(.text) for __aeabi_cdrcmple
    printfa.o(i._fp_digits) refers to dadd.o(.text) for __aeabi_dadd
    printfa.o(i._fp_digits) refers to dfixul.o(.text) for __aeabi_d2ulz
    printfa.o(i._fp_digits) refers to uldiv.o(.text) for __aeabi_uldivmod
    printfa.o(i._printf_core) refers (Special) to iusefp.o(.text) for __I$use$fp
    printfa.o(i._printf_core) refers to printfa.o(i._printf_pre_padding) for _printf_pre_padding
    printfa.o(i._printf_core) refers to uldiv.o(.text) for __aeabi_uldivmod
    printfa.o(i._printf_core) refers to printfa.o(i._printf_post_padding) for _printf_post_padding
    printfa.o(i._printf_core) refers to printfa.o(i._fp_digits) for _fp_digits
    printfa.o(i._printf_core) refers to uidiv.o(.text) for __aeabi_uidivmod
    printfa.o(i._printf_post_padding) refers (Special) to iusefp.o(.text) for __I$use$fp
    printfa.o(i._printf_pre_padding) refers (Special) to iusefp.o(.text) for __I$use$fp
    printfa.o(i._snputc) refers (Special) to iusefp.o(.text) for __I$use$fp
    printfa.o(i._sputc) refers (Special) to iusefp.o(.text) for __I$use$fp
    entry2.o(.ARM.Collect$$$$00000001) refers to entry2.o(.ARM.Collect$$$$00002712) for __lit__00000000
    entry2.o(.ARM.Collect$$$$00002712) refers to startup_stm32f10x_cl.o(STACK) for __initial_sp
    entry2.o(__vectab_stack_and_reset_area) refers to startup_stm32f10x_cl.o(STACK) for __initial_sp
    entry2.o(__vectab_stack_and_reset_area) refers to entry.o(.ARM.Collect$$$$00000000) for __main
    entry5.o(.ARM.Collect$$$$00000004) refers to init.o(.text) for __scatterload
    entry9a.o(.ARM.Collect$$$$0000000B) refers to main.o(i.main) for main
    entry9b.o(.ARM.Collect$$$$0000000C) refers to main.o(i.main) for main
    uldiv.o(.text) refers to llushr.o(.text) for __aeabi_llsr
    uldiv.o(.text) refers to llshl.o(.text) for __aeabi_llsl
    dadd.o(.text) refers to llshl.o(.text) for __aeabi_llsl
    dadd.o(.text) refers to llsshr.o(.text) for __aeabi_lasr
    dadd.o(.text) refers to depilogue.o(.text) for _double_epilogue
    dmul.o(.text) refers to depilogue.o(.text) for _double_epilogue
    ddiv.o(.text) refers to depilogue.o(.text) for _double_round
    dfixul.o(.text) refers to llushr.o(.text) for __aeabi_llsr
    dfixul.o(.text) refers to llshl.o(.text) for __aeabi_llsl
    init.o(.text) refers to entry5.o(.ARM.Collect$$$$00000004) for __main_after_scatterload
    depilogue.o(.text) refers to llshl.o(.text) for __aeabi_llsl
    depilogue.o(.text) refers to llushr.o(.text) for __aeabi_llsr


==============================================================================

Removing Unused input sections from the image.

    Removing stm32f10x_flash.o(i.FLASH_ClearFlag), (12 bytes).
    Removing stm32f10x_flash.o(i.FLASH_EnableWriteProtection), (196 bytes).
    Removing stm32f10x_flash.o(i.FLASH_EraseAllBank1Pages), (72 bytes).
    Removing stm32f10x_flash.o(i.FLASH_EraseAllPages), (72 bytes).
    Removing stm32f10x_flash.o(i.FLASH_EraseOptionBytes), (168 bytes).
    Removing stm32f10x_flash.o(i.FLASH_ErasePage), (76 bytes).
    Removing stm32f10x_flash.o(i.FLASH_GetBank1Status), (52 bytes).
    Removing stm32f10x_flash.o(i.FLASH_GetFlagStatus), (48 bytes).
    Removing stm32f10x_flash.o(i.FLASH_GetPrefetchBufferStatus), (24 bytes).
    Removing stm32f10x_flash.o(i.FLASH_GetReadOutProtectionStatus), (24 bytes).
    Removing stm32f10x_flash.o(i.FLASH_GetStatus), (52 bytes).
    Removing stm32f10x_flash.o(i.FLASH_GetUserOptionByte), (12 bytes).
    Removing stm32f10x_flash.o(i.FLASH_GetWriteProtectionOptionByte), (12 bytes).
    Removing stm32f10x_flash.o(i.FLASH_HalfCycleAccessCmd), (28 bytes).
    Removing stm32f10x_flash.o(i.FLASH_ITConfig), (32 bytes).
    Removing stm32f10x_flash.o(i.FLASH_Lock), (20 bytes).
    Removing stm32f10x_flash.o(i.FLASH_LockBank1), (20 bytes).
    Removing stm32f10x_flash.o(i.FLASH_PrefetchBufferCmd), (28 bytes).
    Removing stm32f10x_flash.o(i.FLASH_ProgramHalfWord), (64 bytes).
    Removing stm32f10x_flash.o(i.FLASH_ProgramOptionByteData), (84 bytes).
    Removing stm32f10x_flash.o(i.FLASH_ProgramWord), (108 bytes).
    Removing stm32f10x_flash.o(i.FLASH_ReadOutProtection), (172 bytes).
    Removing stm32f10x_flash.o(i.FLASH_SetLatency), (24 bytes).
    Removing stm32f10x_flash.o(i.FLASH_Unlock), (24 bytes).
    Removing stm32f10x_flash.o(i.FLASH_UnlockBank1), (24 bytes).
    Removing stm32f10x_flash.o(i.FLASH_UserOptionByteConfig), (104 bytes).
    Removing stm32f10x_flash.o(i.FLASH_WaitForLastBank1Operation), (38 bytes).
    Removing stm32f10x_flash.o(i.FLASH_WaitForLastOperation), (38 bytes).
    Removing stm32f10x_gpio.o(i.GPIO_AFIODeInit), (20 bytes).
    Removing stm32f10x_gpio.o(i.GPIO_DeInit), (200 bytes).
    Removing stm32f10x_gpio.o(i.GPIO_ETH_MediaInterfaceConfig), (12 bytes).
    Removing stm32f10x_gpio.o(i.GPIO_EXTILineConfig), (64 bytes).
    Removing stm32f10x_gpio.o(i.GPIO_EventOutputCmd), (12 bytes).
    Removing stm32f10x_gpio.o(i.GPIO_EventOutputConfig), (32 bytes).
    Removing stm32f10x_gpio.o(i.GPIO_PinLockConfig), (18 bytes).
    Removing stm32f10x_gpio.o(i.GPIO_PinRemapConfig), (144 bytes).
    Removing stm32f10x_gpio.o(i.GPIO_ReadInputDataBit), (18 bytes).
    Removing stm32f10x_gpio.o(i.GPIO_ReadOutputData), (8 bytes).
    Removing stm32f10x_gpio.o(i.GPIO_ReadOutputDataBit), (18 bytes).
    Removing stm32f10x_gpio.o(i.GPIO_StructInit), (16 bytes).
    Removing stm32f10x_gpio.o(i.GPIO_WriteBit), (10 bytes).
    Removing stm32f10x_rcc.o(i.RCC_ADCCLKConfig), (24 bytes).
    Removing stm32f10x_rcc.o(i.RCC_AHBPeriphClockCmd), (32 bytes).
    Removing stm32f10x_rcc.o(i.RCC_AHBPeriphResetCmd), (32 bytes).
    Removing stm32f10x_rcc.o(i.RCC_APB1PeriphClockCmd), (32 bytes).
    Removing stm32f10x_rcc.o(i.RCC_APB1PeriphResetCmd), (32 bytes).
    Removing stm32f10x_rcc.o(i.RCC_APB2PeriphResetCmd), (32 bytes).
    Removing stm32f10x_rcc.o(i.RCC_AdjustHSICalibrationValue), (24 bytes).
    Removing stm32f10x_rcc.o(i.RCC_BackupResetCmd), (12 bytes).
    Removing stm32f10x_rcc.o(i.RCC_ClearFlag), (20 bytes).
    Removing stm32f10x_rcc.o(i.RCC_ClearITPendingBit), (12 bytes).
    Removing stm32f10x_rcc.o(i.RCC_ClockSecuritySystemCmd), (12 bytes).
    Removing stm32f10x_rcc.o(i.RCC_DeInit), (92 bytes).
    Removing stm32f10x_rcc.o(i.RCC_GetFlagStatus), (60 bytes).
    Removing stm32f10x_rcc.o(i.RCC_GetITStatus), (24 bytes).
    Removing stm32f10x_rcc.o(i.RCC_GetSYSCLKSource), (16 bytes).
    Removing stm32f10x_rcc.o(i.RCC_HCLKConfig), (24 bytes).
    Removing stm32f10x_rcc.o(i.RCC_HSEConfig), (76 bytes).
    Removing stm32f10x_rcc.o(i.RCC_HSICmd), (12 bytes).
    Removing stm32f10x_rcc.o(i.RCC_I2S2CLKConfig), (12 bytes).
    Removing stm32f10x_rcc.o(i.RCC_I2S3CLKConfig), (12 bytes).
    Removing stm32f10x_rcc.o(i.RCC_ITConfig), (32 bytes).
    Removing stm32f10x_rcc.o(i.RCC_LSEConfig), (52 bytes).
    Removing stm32f10x_rcc.o(i.RCC_LSICmd), (12 bytes).
    Removing stm32f10x_rcc.o(i.RCC_MCOConfig), (12 bytes).
    Removing stm32f10x_rcc.o(i.RCC_OTGFSCLKConfig), (12 bytes).
    Removing stm32f10x_rcc.o(i.RCC_PCLK1Config), (24 bytes).
    Removing stm32f10x_rcc.o(i.RCC_PCLK2Config), (24 bytes).
    Removing stm32f10x_rcc.o(i.RCC_PLL2Cmd), (12 bytes).
    Removing stm32f10x_rcc.o(i.RCC_PLL2Config), (24 bytes).
    Removing stm32f10x_rcc.o(i.RCC_PLL3Cmd), (12 bytes).
    Removing stm32f10x_rcc.o(i.RCC_PLL3Config), (24 bytes).
    Removing stm32f10x_rcc.o(i.RCC_PLLCmd), (12 bytes).
    Removing stm32f10x_rcc.o(i.RCC_PLLConfig), (28 bytes).
    Removing stm32f10x_rcc.o(i.RCC_PREDIV1Config), (32 bytes).
    Removing stm32f10x_rcc.o(i.RCC_PREDIV2Config), (24 bytes).
    Removing stm32f10x_rcc.o(i.RCC_RTCCLKCmd), (12 bytes).
    Removing stm32f10x_rcc.o(i.RCC_RTCCLKConfig), (16 bytes).
    Removing stm32f10x_rcc.o(i.RCC_SYSCLKConfig), (24 bytes).
    Removing stm32f10x_rcc.o(i.RCC_WaitForHSEStartUp), (56 bytes).
    Removing stm32f10x_spi.o(i.I2S_Cmd), (24 bytes).
    Removing stm32f10x_spi.o(i.I2S_Init), (304 bytes).
    Removing stm32f10x_spi.o(i.I2S_StructInit), (20 bytes).
    Removing stm32f10x_spi.o(i.SPI_BiDirectionalLineConfig), (28 bytes).
    Removing stm32f10x_spi.o(i.SPI_CalculateCRC), (24 bytes).
    Removing stm32f10x_spi.o(i.SPI_DataSizeConfig), (18 bytes).
    Removing stm32f10x_spi.o(i.SPI_GetCRC), (16 bytes).
    Removing stm32f10x_spi.o(i.SPI_GetCRCPolynomial), (6 bytes).
    Removing stm32f10x_spi.o(i.SPI_I2S_ClearFlag), (6 bytes).
    Removing stm32f10x_spi.o(i.SPI_I2S_ClearITPendingBit), (20 bytes).
    Removing stm32f10x_spi.o(i.SPI_I2S_DMACmd), (18 bytes).
    Removing stm32f10x_spi.o(i.SPI_I2S_DeInit), (88 bytes).
    Removing stm32f10x_spi.o(i.SPI_I2S_GetITStatus), (52 bytes).
    Removing stm32f10x_spi.o(i.SPI_I2S_ITConfig), (32 bytes).
    Removing stm32f10x_spi.o(i.SPI_NSSInternalSoftwareConfig), (30 bytes).
    Removing stm32f10x_spi.o(i.SPI_SSOutputCmd), (24 bytes).
    Removing stm32f10x_spi.o(i.SPI_StructInit), (24 bytes).
    Removing stm32f10x_spi.o(i.SPI_TransmitCRC), (10 bytes).
    Removing stm32f10x_usart.o(i.USART_ClearFlag), (18 bytes).
    Removing stm32f10x_usart.o(i.USART_ClearITPendingBit), (30 bytes).
    Removing stm32f10x_usart.o(i.USART_ClockInit), (34 bytes).
    Removing stm32f10x_usart.o(i.USART_ClockStructInit), (12 bytes).
    Removing stm32f10x_usart.o(i.USART_DMACmd), (18 bytes).
    Removing stm32f10x_usart.o(i.USART_DeInit), (156 bytes).
    Removing stm32f10x_usart.o(i.USART_GetITStatus), (84 bytes).
    Removing stm32f10x_usart.o(i.USART_HalfDuplexCmd), (24 bytes).
    Removing stm32f10x_usart.o(i.USART_ITConfig), (74 bytes).
    Removing stm32f10x_usart.o(i.USART_IrDACmd), (24 bytes).
    Removing stm32f10x_usart.o(i.USART_IrDAConfig), (18 bytes).
    Removing stm32f10x_usart.o(i.USART_LINBreakDetectLengthConfig), (18 bytes).
    Removing stm32f10x_usart.o(i.USART_LINCmd), (24 bytes).
    Removing stm32f10x_usart.o(i.USART_OneBitMethodCmd), (24 bytes).
    Removing stm32f10x_usart.o(i.USART_OverSampling8Cmd), (22 bytes).
    Removing stm32f10x_usart.o(i.USART_ReceiveData), (10 bytes).
    Removing stm32f10x_usart.o(i.USART_ReceiverWakeUpCmd), (24 bytes).
    Removing stm32f10x_usart.o(i.USART_SendBreak), (10 bytes).
    Removing stm32f10x_usart.o(i.USART_SetAddress), (18 bytes).
    Removing stm32f10x_usart.o(i.USART_SetGuardTime), (16 bytes).
    Removing stm32f10x_usart.o(i.USART_SetPrescaler), (16 bytes).
    Removing stm32f10x_usart.o(i.USART_SmartCardCmd), (24 bytes).
    Removing stm32f10x_usart.o(i.USART_SmartCardNACKCmd), (24 bytes).
    Removing stm32f10x_usart.o(i.USART_StructInit), (24 bytes).
    Removing stm32f10x_usart.o(i.USART_WakeUpConfig), (18 bytes).
    Removing misc.o(i.NVIC_Init), (112 bytes).
    Removing misc.o(i.NVIC_PriorityGroupConfig), (20 bytes).
    Removing misc.o(i.NVIC_SetVectorTable), (20 bytes).
    Removing misc.o(i.NVIC_SystemLPConfig), (32 bytes).
    Removing misc.o(i.SysTick_CLKSourceConfig), (40 bytes).
    Removing core_cm3.o(.emb_text), (32 bytes).
    Removing startup_stm32f10x_cl.o(HEAP), (512 bytes).
    Removing system_stm32f10x.o(i.SystemCoreClockUpdate), (256 bytes).
    Removing system_stm32f10x.o(.data), (20 bytes).
    Removing 107_32_driver_io16.o(i.Draw_Circle), (176 bytes).
    Removing 107_32_driver_io16.o(i.LCD_DrawLine), (184 bytes).
    Removing 107_32_driver_io16.o(i.LCD_DrawPicture), (132 bytes).
    Removing 107_32_driver_io16.o(i.LCD_DrawPoint), (58 bytes).
    Removing 107_32_driver_io16.o(i.LCD_DrawRectangle), (64 bytes).
    Removing 107_32_driver_io16.o(i.LCD_Fill), (88 bytes).
    Removing 107_32_driver_io16.o(i.LCD_RGBtoBGR), (26 bytes).
    Removing delay.o(i.Delay_Init), (64 bytes).
    Removing delay.o(i.Delay_ms), (60 bytes).
    Removing delay.o(i.Delay_us), (60 bytes).
    Removing delay.o(.data), (4 bytes).
    Removing ff.o(i.dir_read), (96 bytes).
    Removing ff.o(i.dir_remove), (44 bytes).
    Removing ff.o(i.f_chmod), (82 bytes).
    Removing ff.o(i.f_getfree), (256 bytes).
    Removing ff.o(i.f_mkdir), (388 bytes).
    Removing ff.o(i.f_opendir), (128 bytes).
    Removing ff.o(i.f_readdir), (88 bytes).
    Removing ff.o(i.f_rename), (276 bytes).
    Removing ff.o(i.f_stat), (58 bytes).
    Removing ff.o(i.f_truncate), (158 bytes).
    Removing ff.o(i.f_unlink), (184 bytes).
    Removing ff.o(i.f_utime), (84 bytes).
    Removing ff.o(i.f_write), (484 bytes).
    Removing ff.o(i.get_fileinfo), (188 bytes).
    Removing dadd.o(.text), (334 bytes).
    Removing dmul.o(.text), (228 bytes).
    Removing ddiv.o(.text), (222 bytes).
    Removing dfixul.o(.text), (48 bytes).
    Removing cdrcmple.o(.text), (48 bytes).
    Removing depilogue.o(.text), (186 bytes).

163 unused section(s) (total 10284 bytes) removed from the image.

==============================================================================

Image Symbol Table

    Local Symbols

    Symbol Name                              Value     Ov Type        Size  Object(Section)

    ../clib/microlib/division.c              0x00000000   Number         0  uidiv.o ABSOLUTE
    ../clib/microlib/division.c              0x00000000   Number         0  uldiv.o ABSOLUTE
    ../clib/microlib/init/entry.s            0x00000000   Number         0  entry2.o ABSOLUTE
    ../clib/microlib/init/entry.s            0x00000000   Number         0  entry10b.o ABSOLUTE
    ../clib/microlib/init/entry.s            0x00000000   Number         0  entry11b.o ABSOLUTE
    ../clib/microlib/init/entry.s            0x00000000   Number         0  entry5.o ABSOLUTE
    ../clib/microlib/init/entry.s            0x00000000   Number         0  entry12a.o ABSOLUTE
    ../clib/microlib/init/entry.s            0x00000000   Number         0  entry12b.o ABSOLUTE
    ../clib/microlib/init/entry.s            0x00000000   Number         0  entry7a.o ABSOLUTE
    ../clib/microlib/init/entry.s            0x00000000   Number         0  entry.o ABSOLUTE
    ../clib/microlib/init/entry.s            0x00000000   Number         0  entry11a.o ABSOLUTE
    ../clib/microlib/init/entry.s            0x00000000   Number         0  entry7b.o ABSOLUTE
    ../clib/microlib/init/entry.s            0x00000000   Number         0  entry8a.o ABSOLUTE
    ../clib/microlib/init/entry.s            0x00000000   Number         0  entry8b.o ABSOLUTE
    ../clib/microlib/init/entry.s            0x00000000   Number         0  entry9a.o ABSOLUTE
    ../clib/microlib/init/entry.s            0x00000000   Number         0  entry9b.o ABSOLUTE
    ../clib/microlib/init/entry.s            0x00000000   Number         0  entry10a.o ABSOLUTE
    ../clib/microlib/longlong.c              0x00000000   Number         0  llsshr.o ABSOLUTE
    ../clib/microlib/longlong.c              0x00000000   Number         0  llshl.o ABSOLUTE
    ../clib/microlib/longlong.c              0x00000000   Number         0  llushr.o ABSOLUTE
    ../clib/microlib/printf/printf.c         0x00000000   Number         0  printfa.o ABSOLUTE
    ../clib/microlib/printf/printf.c         0x00000000   Number         0  printf8.o ABSOLUTE
    ../clib/microlib/printf/printf.c         0x00000000   Number         0  printf7.o ABSOLUTE
    ../clib/microlib/printf/printf.c         0x00000000   Number         0  printf6.o ABSOLUTE
    ../clib/microlib/printf/printf.c         0x00000000   Number         0  printf5.o ABSOLUTE
    ../clib/microlib/printf/printf.c         0x00000000   Number         0  printf3.o ABSOLUTE
    ../clib/microlib/printf/printf.c         0x00000000   Number         0  printf2.o ABSOLUTE
    ../clib/microlib/printf/printf.c         0x00000000   Number         0  printf1.o ABSOLUTE
    ../clib/microlib/printf/printf.c         0x00000000   Number         0  printf0.o ABSOLUTE
    ../clib/microlib/printf/printf.c         0x00000000   Number         0  printfb.o ABSOLUTE
    ../clib/microlib/printf/printf.c         0x00000000   Number         0  printf4.o ABSOLUTE
    ../clib/microlib/printf/stubs.s          0x00000000   Number         0  stubs.o ABSOLUTE
    ../clib/microlib/stdio/streams.c         0x00000000   Number         0  stdout.o ABSOLUTE
    ../clib/microlib/string/memcpy.c         0x00000000   Number         0  memcpya.o ABSOLUTE
    ../clib/microlib/string/memcpy.c         0x00000000   Number         0  memcpyb.o ABSOLUTE
    ../clib/microlib/stubs.s                 0x00000000   Number         0  iusefp.o ABSOLUTE
    ../fplib/microlib/fpadd.c                0x00000000   Number         0  dadd.o ABSOLUTE
    ../fplib/microlib/fpdiv.c                0x00000000   Number         0  ddiv.o ABSOLUTE
    ../fplib/microlib/fpepilogue.c           0x00000000   Number         0  depilogue.o ABSOLUTE
    ../fplib/microlib/fpfix.c                0x00000000   Number         0  dfixul.o ABSOLUTE
    ../fplib/microlib/fpmul.c                0x00000000   Number         0  dmul.o ABSOLUTE
    ..\Fatfs\diskio.c                        0x00000000   Number         0  diskio.o ABSOLUTE
    ..\Fatfs\ff.c                            0x00000000   Number         0  ff.o ABSOLUTE
    ..\Libraries\CMSIS\CoreSupport\core_cm3.c 0x00000000   Number         0  core_cm3.o ABSOLUTE
    ..\Libraries\CMSIS\DeviceSupport\Startup\startup_stm32f10x_cl.s 0x00000000   Number         0  startup_stm32f10x_cl.o ABSOLUTE
    ..\Libraries\CMSIS\DeviceSupport\system_stm32f10x.c 0x00000000   Number         0  system_stm32f10x.o ABSOLUTE
    ..\Libraries\STM32F10x_StdPeriph_Driver_v3.5\src\misc.c 0x00000000   Number         0  misc.o ABSOLUTE
    ..\Libraries\STM32F10x_StdPeriph_Driver_v3.5\src\stm32f10x_flash.c 0x00000000   Number         0  stm32f10x_flash.o ABSOLUTE
    ..\Libraries\STM32F10x_StdPeriph_Driver_v3.5\src\stm32f10x_gpio.c 0x00000000   Number         0  stm32f10x_gpio.o ABSOLUTE
    ..\Libraries\STM32F10x_StdPeriph_Driver_v3.5\src\stm32f10x_rcc.c 0x00000000   Number         0  stm32f10x_rcc.o ABSOLUTE
    ..\Libraries\STM32F10x_StdPeriph_Driver_v3.5\src\stm32f10x_spi.c 0x00000000   Number         0  stm32f10x_spi.o ABSOLUTE
    ..\Libraries\STM32F10x_StdPeriph_Driver_v3.5\src\stm32f10x_usart.c 0x00000000   Number         0  stm32f10x_usart.o ABSOLUTE
    ..\User\Delay\delay.c                    0x00000000   Number         0  delay.o ABSOLUTE
    ..\User\Lcd\107_32_Driver_IO16.c         0x00000000   Number         0  107_32_driver_io16.o ABSOLUTE
    ..\User\Main\hw_config.c                 0x00000000   Number         0  hw_config.o ABSOLUTE
    ..\User\Main\main.c                      0x00000000   Number         0  main.o ABSOLUTE
    ..\User\Main\stm32f10x_it.c              0x00000000   Number         0  stm32f10x_it.o ABSOLUTE
    ..\User\SD\sddriver.c                    0x00000000   Number         0  sddriver.o ABSOLUTE
    ..\\Libraries\\CMSIS\\CoreSupport\\core_cm3.c 0x00000000   Number         0  core_cm3.o ABSOLUTE
    cdrcmple.s                               0x00000000   Number         0  cdrcmple.o ABSOLUTE
    dc.s                                     0x00000000   Number         0  dc.o ABSOLUTE
    handlers.s                               0x00000000   Number         0  handlers.o ABSOLUTE
    init.s                                   0x00000000   Number         0  init.o ABSOLUTE
    RESET                                    0x08000000   Section      336  startup_stm32f10x_cl.o(RESET)
    .ARM.Collect$$$$00000000                 0x08000150   Section        0  entry.o(.ARM.Collect$$$$00000000)
    .ARM.Collect$$$$00000001                 0x08000150   Section        4  entry2.o(.ARM.Collect$$$$00000001)
    .ARM.Collect$$$$00000004                 0x08000154   Section        4  entry5.o(.ARM.Collect$$$$00000004)
    .ARM.Collect$$$$00000008                 0x08000158   Section        0  entry7b.o(.ARM.Collect$$$$00000008)
    .ARM.Collect$$$$0000000A                 0x08000158   Section        0  entry8b.o(.ARM.Collect$$$$0000000A)
    .ARM.Collect$$$$0000000B                 0x08000158   Section        8  entry9a.o(.ARM.Collect$$$$0000000B)
    .ARM.Collect$$$$0000000E                 0x08000160   Section        4  entry12b.o(.ARM.Collect$$$$0000000E)
    .ARM.Collect$$$$0000000F                 0x08000164   Section        0  entry10a.o(.ARM.Collect$$$$0000000F)
    .ARM.Collect$$$$00000011                 0x08000164   Section        0  entry11a.o(.ARM.Collect$$$$00000011)
    .ARM.Collect$$$$00002712                 0x08000164   Section        4  entry2.o(.ARM.Collect$$$$00002712)
    __lit__00000000                          0x08000164   Data           4  entry2.o(.ARM.Collect$$$$00002712)
    .text                                    0x08000168   Section       36  startup_stm32f10x_cl.o(.text)
    .text                                    0x0800018c   Section        0  memcpya.o(.text)
    .text                                    0x080001b0   Section        0  uldiv.o(.text)
    .text                                    0x08000214   Section       36  init.o(.text)
    .text                                    0x08000238   Section        0  llshl.o(.text)
    .text                                    0x08000256   Section        0  llushr.o(.text)
    i.BusFault_Handler                       0x08000276   Section        0  stm32f10x_it.o(i.BusFault_Handler)
    i.DebugMon_Handler                       0x0800027a   Section        0  stm32f10x_it.o(i.DebugMon_Handler)
    i.Delay                                  0x0800027c   Section        0  main.o(i.Delay)
    i.Delay_10ms                             0x08000296   Section        0  delay.o(i.Delay_10ms)
    i.Find_Chinese                           0x080002ac   Section        0  107_32_driver_io16.o(i.Find_Chinese)
    Find_Chinese                             0x080002ad   Thumb Code   134  107_32_driver_io16.o(i.Find_Chinese)
    i.GPIO_Init                              0x08000354   Section        0  stm32f10x_gpio.o(i.GPIO_Init)
    i.GPIO_ReadInputData                     0x0800046a   Section        0  stm32f10x_gpio.o(i.GPIO_ReadInputData)
    i.GPIO_ResetBits                         0x08000472   Section        0  stm32f10x_gpio.o(i.GPIO_ResetBits)
    i.GPIO_SetBits                           0x08000476   Section        0  stm32f10x_gpio.o(i.GPIO_SetBits)
    i.GPIO_Write                             0x0800047a   Section        0  stm32f10x_gpio.o(i.GPIO_Write)
    i.GUI_Put                                0x0800047e   Section        0  107_32_driver_io16.o(i.GUI_Put)
    i.HardFault_Handler                      0x080004ea   Section        0  stm32f10x_it.o(i.HardFault_Handler)
    i.LCD_Clear                              0x080004ee   Section        0  107_32_driver_io16.o(i.LCD_Clear)
    i.LCD_Configuration                      0x08000524   Section        0  107_32_driver_io16.o(i.LCD_Configuration)
    i.LCD_Init                               0x08000578   Section        0  107_32_driver_io16.o(i.LCD_Init)
    i.LCD_ReadReg                            0x080008d8   Section        0  107_32_driver_io16.o(i.LCD_ReadReg)
    i.LCD_SetCursor                          0x08000960   Section        0  107_32_driver_io16.o(i.LCD_SetCursor)
    i.LCD_ShowChar                           0x080009a8   Section        0  107_32_driver_io16.o(i.LCD_ShowChar)
    i.LCD_ShowCharString                     0x08000a60   Section        0  107_32_driver_io16.o(i.LCD_ShowCharString)
    i.LCD_ShowHzString                       0x08000aa8   Section        0  107_32_driver_io16.o(i.LCD_ShowHzString)
    i.LCD_ShowString                         0x08000b0c   Section        0  107_32_driver_io16.o(i.LCD_ShowString)
    i.LCD_WR_DATA                            0x08000b70   Section        0  107_32_driver_io16.o(i.LCD_WR_DATA)
    i.LCD_WR_REG                             0x08000bc4   Section        0  107_32_driver_io16.o(i.LCD_WR_REG)
    i.LCD_WindowMax                          0x08000c18   Section        0  107_32_driver_io16.o(i.LCD_WindowMax)
    i.LCD_WriteRAM                           0x08000c80   Section        0  107_32_driver_io16.o(i.LCD_WriteRAM)
    i.LCD_WriteRAM_Prepare                   0x08000c8c   Section        0  107_32_driver_io16.o(i.LCD_WriteRAM_Prepare)
    i.LCD_WriteReg                           0x08000c96   Section        0  107_32_driver_io16.o(i.LCD_WriteReg)
    i.LED_Configuration                      0x08000cac   Section        0  hw_config.o(i.LED_Configuration)
    i.MemManage_Handler                      0x08000cf8   Section        0  stm32f10x_it.o(i.MemManage_Handler)
    i.NMI_Handler                            0x08000cfc   Section        0  stm32f10x_it.o(i.NMI_Handler)
    i.PendSV_Handler                         0x08000cfe   Section        0  stm32f10x_it.o(i.PendSV_Handler)
    i.PutChinese                             0x08000d00   Section        0  107_32_driver_io16.o(i.PutChinese)
    i.RCC_APB2PeriphClockCmd                 0x08000da0   Section        0  stm32f10x_rcc.o(i.RCC_APB2PeriphClockCmd)
    i.RCC_GetClocksFreq                      0x08000dc0   Section        0  stm32f10x_rcc.o(i.RCC_GetClocksFreq)
    i.SD_GetCSD                              0x08000f50   Section        0  sddriver.o(i.SD_GetCSD)
    i.SD_GetCapacity                         0x08000f74   Section        0  sddriver.o(i.SD_GetCapacity)
    i.SD_Init                                0x0800101c   Section        0  sddriver.o(i.SD_Init)
    i.SD_ReadMultiBlock                      0x08001314   Section        0  sddriver.o(i.SD_ReadMultiBlock)
    i.SD_ReadSingleBlock                     0x0800138c   Section        0  sddriver.o(i.SD_ReadSingleBlock)
    i.SD_ReceiveData                         0x080013d0   Section        0  sddriver.o(i.SD_ReceiveData)
    i.SD_SendCommand                         0x0800144c   Section        0  sddriver.o(i.SD_SendCommand)
    i.SD_SendCommand_NoDeassert              0x080014c4   Section        0  sddriver.o(i.SD_SendCommand_NoDeassert)
    i.SD_WaitReady                           0x0800152c   Section        0  sddriver.o(i.SD_WaitReady)
    i.SD_WriteMultiBlock                     0x08001550   Section        0  sddriver.o(i.SD_WriteMultiBlock)
    i.SD_WriteSingleBlock                    0x0800163c   Section        0  sddriver.o(i.SD_WriteSingleBlock)
    i.SPI_Cmd                                0x0800170c   Section        0  stm32f10x_spi.o(i.SPI_Cmd)
    i.SPI_Configuration                      0x08001724   Section        0  sddriver.o(i.SPI_Configuration)
    i.SPI_I2S_GetFlagStatus                  0x080017d4   Section        0  stm32f10x_spi.o(i.SPI_I2S_GetFlagStatus)
    i.SPI_I2S_ReceiveData                    0x080017e6   Section        0  stm32f10x_spi.o(i.SPI_I2S_ReceiveData)
    i.SPI_I2S_SendData                       0x080017ec   Section        0  stm32f10x_spi.o(i.SPI_I2S_SendData)
    i.SPI_Init                               0x080017f0   Section        0  stm32f10x_spi.o(i.SPI_Init)
    i.SPI_ReadWriteByte                      0x0800182c   Section        0  sddriver.o(i.SPI_ReadWriteByte)
    i.SPI_SetSpeed                           0x08001868   Section        0  sddriver.o(i.SPI_SetSpeed)
    i.SVC_Handler                            0x080018c0   Section        0  stm32f10x_it.o(i.SVC_Handler)
    i.SetSysClock                            0x080018c2   Section        0  system_stm32f10x.o(i.SetSysClock)
    SetSysClock                              0x080018c3   Thumb Code     8  system_stm32f10x.o(i.SetSysClock)
    i.SetSysClockTo72                        0x080018cc   Section        0  system_stm32f10x.o(i.SetSysClockTo72)
    SetSysClockTo72                          0x080018cd   Thumb Code   264  system_stm32f10x.o(i.SetSysClockTo72)
    i.SysTick_Handler                        0x080019e4   Section        0  stm32f10x_it.o(i.SysTick_Handler)
    i.SystemInit                             0x080019e8   Section        0  system_stm32f10x.o(i.SystemInit)
    i.USART_Cmd                              0x08001a54   Section        0  stm32f10x_usart.o(i.USART_Cmd)
    i.USART_Configuration                    0x08001a6c   Section        0  hw_config.o(i.USART_Configuration)
    i.USART_GetFlagStatus                    0x08001ae8   Section        0  stm32f10x_usart.o(i.USART_GetFlagStatus)
    i.USART_Init                             0x08001b04   Section        0  stm32f10x_usart.o(i.USART_Init)
    i.USART_SendData                         0x08001bdc   Section        0  stm32f10x_usart.o(i.USART_SendData)
    i.UsageFault_Handler                     0x08001be4   Section        0  stm32f10x_it.o(i.UsageFault_Handler)
    i.WriteOneHz                             0x08001be8   Section        0  107_32_driver_io16.o(i.WriteOneHz)
    i.__0printf$5                            0x08001c98   Section        0  printf5.o(i.__0printf$5)
    i.__scatterload_copy                     0x08001cb8   Section       14  handlers.o(i.__scatterload_copy)
    i.__scatterload_null                     0x08001cc6   Section        2  handlers.o(i.__scatterload_null)
    i.__scatterload_zeroinit                 0x08001cc8   Section       14  handlers.o(i.__scatterload_zeroinit)
    i._printf_core                           0x08001cd8   Section        0  printf5.o(i._printf_core)
    _printf_core                             0x08001cd9   Thumb Code   660  printf5.o(i._printf_core)
    i.auto_mount                             0x08001f98   Section        0  ff.o(i.auto_mount)
    auto_mount                               0x08001f99   Thumb Code   746  ff.o(i.auto_mount)
    i.check_fs                               0x08002294   Section        0  ff.o(i.check_fs)
    check_fs                                 0x08002295   Thumb Code   100  ff.o(i.check_fs)
    i.chk_chr                                0x08002304   Section        0  ff.o(i.chk_chr)
    chk_chr                                  0x08002305   Thumb Code    20  ff.o(i.chk_chr)
    i.clust2sect                             0x08002318   Section        0  ff.o(i.clust2sect)
    clust2sect                               0x08002319   Thumb Code    26  ff.o(i.clust2sect)
    i.create_chain                           0x08002332   Section        0  ff.o(i.create_chain)
    create_chain                             0x08002333   Thumb Code   182  ff.o(i.create_chain)
    i.create_name                            0x080023e8   Section        0  ff.o(i.create_name)
    create_name                              0x080023e9   Thumb Code   318  ff.o(i.create_name)
    i.dir_find                               0x08002538   Section        0  ff.o(i.dir_find)
    dir_find                                 0x08002539   Thumb Code   118  ff.o(i.dir_find)
    i.dir_next                               0x080025ae   Section        0  ff.o(i.dir_next)
    dir_next                                 0x080025af   Thumb Code   302  ff.o(i.dir_next)
    i.dir_register                           0x080026dc   Section        0  ff.o(i.dir_register)
    dir_register                             0x080026dd   Thumb Code   120  ff.o(i.dir_register)
    i.dir_seek                               0x08002754   Section        0  ff.o(i.dir_seek)
    dir_seek                                 0x08002755   Thumb Code   166  ff.o(i.dir_seek)
    i.disk_initialize                        0x080027fa   Section        0  diskio.o(i.disk_initialize)
    i.disk_ioctl                             0x08002834   Section        0  diskio.o(i.disk_ioctl)
    i.disk_read                              0x08002894   Section        0  diskio.o(i.disk_read)
    i.disk_status                            0x080028d8   Section        0  diskio.o(i.disk_status)
    i.disk_write                             0x080028e4   Section        0  diskio.o(i.disk_write)
    i.f_close                                0x08002920   Section        0  ff.o(i.f_close)
    i.f_lseek                                0x08002936   Section        0  ff.o(i.f_lseek)
    i.f_mount                                0x08002afc   Section        0  ff.o(i.f_mount)
    i.f_open                                 0x08002b28   Section        0  ff.o(i.f_open)
    i.f_read                                 0x08002cb4   Section        0  ff.o(i.f_read)
    i.f_sync                                 0x08002e66   Section        0  ff.o(i.f_sync)
    i.findHzIndex                            0x08002f20   Section        0  107_32_driver_io16.o(i.findHzIndex)
    i.follow_path                            0x08002f68   Section        0  ff.o(i.follow_path)
    follow_path                              0x08002f69   Thumb Code   164  ff.o(i.follow_path)
    i.fputc                                  0x0800300c   Section        0  main.o(i.fputc)
    i.get_cluster                            0x08003030   Section        0  ff.o(i.get_cluster)
    get_cluster                              0x08003031   Thumb Code   296  ff.o(i.get_cluster)
    i.get_fattime                            0x08003158   Section        0  diskio.o(i.get_fattime)
    i.main                                   0x0800315c   Section        0  main.o(i.main)
    i.mem_cmp                                0x080032f8   Section        0  ff.o(i.mem_cmp)
    mem_cmp                                  0x080032f9   Thumb Code    38  ff.o(i.mem_cmp)
    i.mem_cpy                                0x0800331e   Section        0  ff.o(i.mem_cpy)
    mem_cpy                                  0x0800331f   Thumb Code    26  ff.o(i.mem_cpy)
    i.mem_set                                0x08003338   Section        0  ff.o(i.mem_set)
    mem_set                                  0x08003339   Thumb Code    20  ff.o(i.mem_set)
    i.move_window                            0x0800334c   Section        0  ff.o(i.move_window)
    move_window                              0x0800334d   Thumb Code   114  ff.o(i.move_window)
    i.put_cluster                            0x080033be   Section        0  ff.o(i.put_cluster)
    put_cluster                              0x080033bf   Thumb Code   368  ff.o(i.put_cluster)
    i.remove_chain                           0x0800352e   Section        0  ff.o(i.remove_chain)
    remove_chain                             0x0800352f   Thumb Code   104  ff.o(i.remove_chain)
    i.sync                                   0x08003596   Section        0  ff.o(i.sync)
    sync                                     0x08003597   Thumb Code   202  ff.o(i.sync)
    i.validate                               0x08003660   Section        0  ff.o(i.validate)
    validate                                 0x08003661   Thumb Code    42  ff.o(i.validate)
    .constdata                               0x0800368a   Section    157688  107_32_driver_io16.o(.constdata)
    .conststring                             0x08029e84   Section      100  107_32_driver_io16.o(.conststring)
    .data                                    0x20000000   Section       20  stm32f10x_rcc.o(.data)
    APBAHBPrescTable                         0x20000000   Data          16  stm32f10x_rcc.o(.data)
    ADCPrescTable                            0x20000010   Data           4  stm32f10x_rcc.o(.data)
    .data                                    0x20000014   Section       12  107_32_driver_io16.o(.data)
    i                                        0x2000001c   Data           2  107_32_driver_io16.o(.data)
    j                                        0x2000001e   Data           2  107_32_driver_io16.o(.data)
    .data                                    0x20000020   Section        1  sddriver.o(.data)
    .data                                    0x20000024   Section        6  ff.o(.data)
    FatFs                                    0x20000024   Data           4  ff.o(.data)
    Fsid                                     0x20000028   Data           2  ff.o(.data)
    .data                                    0x2000002c   Section        4  stdout.o(.data)
    .bss                                     0x20000030   Section     1108  107_32_driver_io16.o(.bss)
    STACK                                    0x20000488   Section     1024  startup_stm32f10x_cl.o(STACK)

    Global Symbols

    Symbol Name                              Value     Ov Type        Size  Object(Section)

    BuildAttributes$$THM_ISAv4$P$D$K$B$S$PE$A:L22UL41UL21$X:L11$S22US41US21$IEEE1$IW$USESV6$~STKCKD$USESV7$~SHL$OSPACE$ROPI$EBA8$MICROLIB$REQ8$PRES8$EABIv2 0x00000000   Number         0  anon$$obj.o ABSOLUTE
    __ARM_use_no_argv                        0x00000000   Number         0  main.o ABSOLUTE
    _printf_a                                0x00000000   Number         0  stubs.o ABSOLUTE
    _printf_c                                0x00000000   Number         0  stubs.o ABSOLUTE
    _printf_charcount                        0x00000000   Number         0  stubs.o ABSOLUTE
    _printf_d                                0x00000000   Number         0  stubs.o ABSOLUTE
    _printf_e                                0x00000000   Number         0  stubs.o ABSOLUTE
    _printf_f                                0x00000000   Number         0  stubs.o ABSOLUTE
    _printf_flags                            0x00000000   Number         0  stubs.o ABSOLUTE
    _printf_fp_dec                           0x00000000   Number         0  stubs.o ABSOLUTE
    _printf_fp_hex                           0x00000000   Number         0  stubs.o ABSOLUTE
    _printf_g                                0x00000000   Number         0  stubs.o ABSOLUTE
    _printf_i                                0x00000000   Number         0  stubs.o ABSOLUTE
    _printf_int_dec                          0x00000000   Number         0  stubs.o ABSOLUTE
    _printf_l                                0x00000000   Number         0  stubs.o ABSOLUTE
    _printf_lc                               0x00000000   Number         0  stubs.o ABSOLUTE
    _printf_ll                               0x00000000   Number         0  stubs.o ABSOLUTE
    _printf_lld                              0x00000000   Number         0  stubs.o ABSOLUTE
    _printf_lli                              0x00000000   Number         0  stubs.o ABSOLUTE
    _printf_llo                              0x00000000   Number         0  stubs.o ABSOLUTE
    _printf_llu                              0x00000000   Number         0  stubs.o ABSOLUTE
    _printf_llx                              0x00000000   Number         0  stubs.o ABSOLUTE
    _printf_longlong_dec                     0x00000000   Number         0  stubs.o ABSOLUTE
    _printf_longlong_hex                     0x00000000   Number         0  stubs.o ABSOLUTE
    _printf_longlong_oct                     0x00000000   Number         0  stubs.o ABSOLUTE
    _printf_ls                               0x00000000   Number         0  stubs.o ABSOLUTE
    _printf_mbtowc                           0x00000000   Number         0  stubs.o ABSOLUTE
    _printf_n                                0x00000000   Number         0  stubs.o ABSOLUTE
    _printf_o                                0x00000000   Number         0  stubs.o ABSOLUTE
    _printf_p                                0x00000000   Number         0  stubs.o ABSOLUTE
    _printf_percent                          0x00000000   Number         0  stubs.o ABSOLUTE
    _printf_pre_padding                      0x00000000   Number         0  stubs.o ABSOLUTE
    _printf_return_value                     0x00000000   Number         0  stubs.o ABSOLUTE
    _printf_s                                0x00000000   Number         0  stubs.o ABSOLUTE
    _printf_sizespec                         0x00000000   Number         0  stubs.o ABSOLUTE
    _printf_str                              0x00000000   Number         0  stubs.o ABSOLUTE
    _printf_truncate_signed                  0x00000000   Number         0  stubs.o ABSOLUTE
    _printf_truncate_unsigned                0x00000000   Number         0  stubs.o ABSOLUTE
    _printf_u                                0x00000000   Number         0  stubs.o ABSOLUTE
    _printf_wc                               0x00000000   Number         0  stubs.o ABSOLUTE
    _printf_wctomb                           0x00000000   Number         0  stubs.o ABSOLUTE
    _printf_widthprec                        0x00000000   Number         0  stubs.o ABSOLUTE
    _printf_x                                0x00000000   Number         0  stubs.o ABSOLUTE
    __arm_fini_                               - Undefined Weak Reference
    __cpp_initialize__aeabi_                  - Undefined Weak Reference
    __cxa_finalize                            - Undefined Weak Reference
    __decompress                              - Undefined Weak Reference
    _clock_init                               - Undefined Weak Reference
    _microlib_exit                            - Undefined Weak Reference
    __Vectors_Size                           0x00000150   Number         0  startup_stm32f10x_cl.o ABSOLUTE
    __Vectors                                0x08000000   Data           4  startup_stm32f10x_cl.o(RESET)
    __Vectors_End                            0x08000150   Data           0  startup_stm32f10x_cl.o(RESET)
    __main                                   0x08000151   Thumb Code     0  entry.o(.ARM.Collect$$$$00000000)
    _main_stk                                0x08000151   Thumb Code     0  entry2.o(.ARM.Collect$$$$00000001)
    _main_scatterload                        0x08000155   Thumb Code     0  entry5.o(.ARM.Collect$$$$00000004)
    __main_after_scatterload                 0x08000159   Thumb Code     0  entry5.o(.ARM.Collect$$$$00000004)
    _main_clock                              0x08000159   Thumb Code     0  entry7b.o(.ARM.Collect$$$$00000008)
    _main_cpp_init                           0x08000159   Thumb Code     0  entry8b.o(.ARM.Collect$$$$0000000A)
    _main_init                               0x08000159   Thumb Code     0  entry9a.o(.ARM.Collect$$$$0000000B)
    __rt_lib_shutdown_fini                   0x08000161   Thumb Code     0  entry12b.o(.ARM.Collect$$$$0000000E)
    __rt_final_cpp                           0x08000165   Thumb Code     0  entry10a.o(.ARM.Collect$$$$0000000F)
    __rt_final_exit                          0x08000165   Thumb Code     0  entry11a.o(.ARM.Collect$$$$00000011)
    Reset_Handler                            0x08000169   Thumb Code     8  startup_stm32f10x_cl.o(.text)
    ADC1_2_IRQHandler                        0x08000183   Thumb Code     0  startup_stm32f10x_cl.o(.text)
    CAN1_RX0_IRQHandler                      0x08000183   Thumb Code     0  startup_stm32f10x_cl.o(.text)
    CAN1_RX1_IRQHandler                      0x08000183   Thumb Code     0  startup_stm32f10x_cl.o(.text)
    CAN1_SCE_IRQHandler                      0x08000183   Thumb Code     0  startup_stm32f10x_cl.o(.text)
    CAN1_TX_IRQHandler                       0x08000183   Thumb Code     0  startup_stm32f10x_cl.o(.text)
    CAN2_RX0_IRQHandler                      0x08000183   Thumb Code     0  startup_stm32f10x_cl.o(.text)
    CAN2_RX1_IRQHandler                      0x08000183   Thumb Code     0  startup_stm32f10x_cl.o(.text)
    CAN2_SCE_IRQHandler                      0x08000183   Thumb Code     0  startup_stm32f10x_cl.o(.text)
    CAN2_TX_IRQHandler                       0x08000183   Thumb Code     0  startup_stm32f10x_cl.o(.text)
    DMA1_Channel1_IRQHandler                 0x08000183   Thumb Code     0  startup_stm32f10x_cl.o(.text)
    DMA1_Channel2_IRQHandler                 0x08000183   Thumb Code     0  startup_stm32f10x_cl.o(.text)
    DMA1_Channel3_IRQHandler                 0x08000183   Thumb Code     0  startup_stm32f10x_cl.o(.text)
    DMA1_Channel4_IRQHandler                 0x08000183   Thumb Code     0  startup_stm32f10x_cl.o(.text)
    DMA1_Channel5_IRQHandler                 0x08000183   Thumb Code     0  startup_stm32f10x_cl.o(.text)
    DMA1_Channel6_IRQHandler                 0x08000183   Thumb Code     0  startup_stm32f10x_cl.o(.text)
    DMA1_Channel7_IRQHandler                 0x08000183   Thumb Code     0  startup_stm32f10x_cl.o(.text)
    DMA2_Channel1_IRQHandler                 0x08000183   Thumb Code     0  startup_stm32f10x_cl.o(.text)
    DMA2_Channel2_IRQHandler                 0x08000183   Thumb Code     0  startup_stm32f10x_cl.o(.text)
    DMA2_Channel3_IRQHandler                 0x08000183   Thumb Code     0  startup_stm32f10x_cl.o(.text)
    DMA2_Channel4_IRQHandler                 0x08000183   Thumb Code     0  startup_stm32f10x_cl.o(.text)
    DMA2_Channel5_IRQHandler                 0x08000183   Thumb Code     0  startup_stm32f10x_cl.o(.text)
    ETH_IRQHandler                           0x08000183   Thumb Code     0  startup_stm32f10x_cl.o(.text)
    ETH_WKUP_IRQHandler                      0x08000183   Thumb Code     0  startup_stm32f10x_cl.o(.text)
    EXTI0_IRQHandler                         0x08000183   Thumb Code     0  startup_stm32f10x_cl.o(.text)
    EXTI15_10_IRQHandler                     0x08000183   Thumb Code     0  startup_stm32f10x_cl.o(.text)
    EXTI1_IRQHandler                         0x08000183   Thumb Code     0  startup_stm32f10x_cl.o(.text)
    EXTI2_IRQHandler                         0x08000183   Thumb Code     0  startup_stm32f10x_cl.o(.text)
    EXTI3_IRQHandler                         0x08000183   Thumb Code     0  startup_stm32f10x_cl.o(.text)
    EXTI4_IRQHandler                         0x08000183   Thumb Code     0  startup_stm32f10x_cl.o(.text)
    EXTI9_5_IRQHandler                       0x08000183   Thumb Code     0  startup_stm32f10x_cl.o(.text)
    FLASH_IRQHandler                         0x08000183   Thumb Code     0  startup_stm32f10x_cl.o(.text)
    I2C1_ER_IRQHandler                       0x08000183   Thumb Code     0  startup_stm32f10x_cl.o(.text)
    I2C1_EV_IRQHandler                       0x08000183   Thumb Code     0  startup_stm32f10x_cl.o(.text)
    I2C2_ER_IRQHandler                       0x08000183   Thumb Code     0  startup_stm32f10x_cl.o(.text)
    I2C2_EV_IRQHandler                       0x08000183   Thumb Code     0  startup_stm32f10x_cl.o(.text)
    OTG_FS_IRQHandler                        0x08000183   Thumb Code     0  startup_stm32f10x_cl.o(.text)
    OTG_FS_WKUP_IRQHandler                   0x08000183   Thumb Code     0  startup_stm32f10x_cl.o(.text)
    PVD_IRQHandler                           0x08000183   Thumb Code     0  startup_stm32f10x_cl.o(.text)
    RCC_IRQHandler                           0x08000183   Thumb Code     0  startup_stm32f10x_cl.o(.text)
    RTCAlarm_IRQHandler                      0x08000183   Thumb Code     0  startup_stm32f10x_cl.o(.text)
    RTC_IRQHandler                           0x08000183   Thumb Code     0  startup_stm32f10x_cl.o(.text)
    SPI1_IRQHandler                          0x08000183   Thumb Code     0  startup_stm32f10x_cl.o(.text)
    SPI2_IRQHandler                          0x08000183   Thumb Code     0  startup_stm32f10x_cl.o(.text)
    SPI3_IRQHandler                          0x08000183   Thumb Code     0  startup_stm32f10x_cl.o(.text)
    TAMPER_IRQHandler                        0x08000183   Thumb Code     0  startup_stm32f10x_cl.o(.text)
    TIM1_BRK_IRQHandler                      0x08000183   Thumb Code     0  startup_stm32f10x_cl.o(.text)
    TIM1_CC_IRQHandler                       0x08000183   Thumb Code     0  startup_stm32f10x_cl.o(.text)
    TIM1_TRG_COM_IRQHandler                  0x08000183   Thumb Code     0  startup_stm32f10x_cl.o(.text)
    TIM1_UP_IRQHandler                       0x08000183   Thumb Code     0  startup_stm32f10x_cl.o(.text)
    TIM2_IRQHandler                          0x08000183   Thumb Code     0  startup_stm32f10x_cl.o(.text)
    TIM3_IRQHandler                          0x08000183   Thumb Code     0  startup_stm32f10x_cl.o(.text)
    TIM4_IRQHandler                          0x08000183   Thumb Code     0  startup_stm32f10x_cl.o(.text)
    TIM5_IRQHandler                          0x08000183   Thumb Code     0  startup_stm32f10x_cl.o(.text)
    TIM6_IRQHandler                          0x08000183   Thumb Code     0  startup_stm32f10x_cl.o(.text)
    TIM7_IRQHandler                          0x08000183   Thumb Code     0  startup_stm32f10x_cl.o(.text)
    UART4_IRQHandler                         0x08000183   Thumb Code     0  startup_stm32f10x_cl.o(.text)
    UART5_IRQHandler                         0x08000183   Thumb Code     0  startup_stm32f10x_cl.o(.text)
    USART1_IRQHandler                        0x08000183   Thumb Code     0  startup_stm32f10x_cl.o(.text)
    USART2_IRQHandler                        0x08000183   Thumb Code     0  startup_stm32f10x_cl.o(.text)
    USART3_IRQHandler                        0x08000183   Thumb Code     0  startup_stm32f10x_cl.o(.text)
    WWDG_IRQHandler                          0x08000183   Thumb Code     0  startup_stm32f10x_cl.o(.text)
    __aeabi_memcpy                           0x0800018d   Thumb Code    36  memcpya.o(.text)
    __aeabi_memcpy4                          0x0800018d   Thumb Code     0  memcpya.o(.text)
    __aeabi_memcpy8                          0x0800018d   Thumb Code     0  memcpya.o(.text)
    __aeabi_uldivmod                         0x080001b1   Thumb Code    98  uldiv.o(.text)
    __scatterload                            0x08000215   Thumb Code    28  init.o(.text)
    __scatterload_rt2                        0x08000215   Thumb Code     0  init.o(.text)
    __aeabi_llsl                             0x08000239   Thumb Code    30  llshl.o(.text)
    _ll_shift_l                              0x08000239   Thumb Code     0  llshl.o(.text)
    __aeabi_llsr                             0x08000257   Thumb Code    32  llushr.o(.text)
    _ll_ushift_r                             0x08000257   Thumb Code     0  llushr.o(.text)
    BusFault_Handler                         0x08000277   Thumb Code     4  stm32f10x_it.o(i.BusFault_Handler)
    DebugMon_Handler                         0x0800027b   Thumb Code     2  stm32f10x_it.o(i.DebugMon_Handler)
    Delay                                    0x0800027d   Thumb Code    26  main.o(i.Delay)
    Delay_10ms                               0x08000297   Thumb Code    22  delay.o(i.Delay_10ms)
    GPIO_Init                                0x08000355   Thumb Code   278  stm32f10x_gpio.o(i.GPIO_Init)
    GPIO_ReadInputData                       0x0800046b   Thumb Code     8  stm32f10x_gpio.o(i.GPIO_ReadInputData)
    GPIO_ResetBits                           0x08000473   Thumb Code     4  stm32f10x_gpio.o(i.GPIO_ResetBits)
    GPIO_SetBits                             0x08000477   Thumb Code     4  stm32f10x_gpio.o(i.GPIO_SetBits)
    GPIO_Write                               0x0800047b   Thumb Code     4  stm32f10x_gpio.o(i.GPIO_Write)
    GUI_Put                                  0x0800047f   Thumb Code   108  107_32_driver_io16.o(i.GUI_Put)
    HardFault_Handler                        0x080004eb   Thumb Code     4  stm32f10x_it.o(i.HardFault_Handler)
    LCD_Clear                                0x080004ef   Thumb Code    52  107_32_driver_io16.o(i.LCD_Clear)
    LCD_Configuration                        0x08000525   Thumb Code    70  107_32_driver_io16.o(i.LCD_Configuration)
    LCD_Init                                 0x08000579   Thumb Code   858  107_32_driver_io16.o(i.LCD_Init)
    LCD_ReadReg                              0x080008d9   Thumb Code   124  107_32_driver_io16.o(i.LCD_ReadReg)
    LCD_SetCursor                            0x08000961   Thumb Code    66  107_32_driver_io16.o(i.LCD_SetCursor)
    LCD_ShowChar                             0x080009a9   Thumb Code   174  107_32_driver_io16.o(i.LCD_ShowChar)
    LCD_ShowCharString                       0x08000a61   Thumb Code    72  107_32_driver_io16.o(i.LCD_ShowCharString)
    LCD_ShowHzString                         0x08000aa9   Thumb Code    96  107_32_driver_io16.o(i.LCD_ShowHzString)
    LCD_ShowString                           0x08000b0d   Thumb Code    98  107_32_driver_io16.o(i.LCD_ShowString)
    LCD_WR_DATA                              0x08000b71   Thumb Code    70  107_32_driver_io16.o(i.LCD_WR_DATA)
    LCD_WR_REG                               0x08000bc5   Thumb Code    70  107_32_driver_io16.o(i.LCD_WR_REG)
    LCD_WindowMax                            0x08000c19   Thumb Code    98  107_32_driver_io16.o(i.LCD_WindowMax)
    LCD_WriteRAM                             0x08000c81   Thumb Code    12  107_32_driver_io16.o(i.LCD_WriteRAM)
    LCD_WriteRAM_Prepare                     0x08000c8d   Thumb Code    10  107_32_driver_io16.o(i.LCD_WriteRAM_Prepare)
    LCD_WriteReg                             0x08000c97   Thumb Code    20  107_32_driver_io16.o(i.LCD_WriteReg)
    LED_Configuration                        0x08000cad   Thumb Code    70  hw_config.o(i.LED_Configuration)
    MemManage_Handler                        0x08000cf9   Thumb Code     4  stm32f10x_it.o(i.MemManage_Handler)
    NMI_Handler                              0x08000cfd   Thumb Code     2  stm32f10x_it.o(i.NMI_Handler)
    PendSV_Handler                           0x08000cff   Thumb Code     2  stm32f10x_it.o(i.PendSV_Handler)
    PutChinese                               0x08000d01   Thumb Code   160  107_32_driver_io16.o(i.PutChinese)
    RCC_APB2PeriphClockCmd                   0x08000da1   Thumb Code    26  stm32f10x_rcc.o(i.RCC_APB2PeriphClockCmd)
    RCC_GetClocksFreq                        0x08000dc1   Thumb Code   374  stm32f10x_rcc.o(i.RCC_GetClocksFreq)
    SD_GetCSD                                0x08000f51   Thumb Code    36  sddriver.o(i.SD_GetCSD)
    SD_GetCapacity                           0x08000f75   Thumb Code   168  sddriver.o(i.SD_GetCapacity)
    SD_Init                                  0x0800101d   Thumb Code   530  sddriver.o(i.SD_Init)
    SD_ReadMultiBlock                        0x08001315   Thumb Code   112  sddriver.o(i.SD_ReadMultiBlock)
    SD_ReadSingleBlock                       0x0800138d   Thumb Code    62  sddriver.o(i.SD_ReadSingleBlock)
    SD_ReceiveData                           0x080013d1   Thumb Code   118  sddriver.o(i.SD_ReceiveData)
    SD_SendCommand                           0x0800144d   Thumb Code   114  sddriver.o(i.SD_SendCommand)
    SD_SendCommand_NoDeassert                0x080014c5   Thumb Code   100  sddriver.o(i.SD_SendCommand_NoDeassert)
    SD_WaitReady                             0x0800152d   Thumb Code    34  sddriver.o(i.SD_WaitReady)
    SD_WriteMultiBlock                       0x08001551   Thumb Code   228  sddriver.o(i.SD_WriteMultiBlock)
    SD_WriteSingleBlock                      0x0800163d   Thumb Code   200  sddriver.o(i.SD_WriteSingleBlock)
    SPI_Cmd                                  0x0800170d   Thumb Code    24  stm32f10x_spi.o(i.SPI_Cmd)
    SPI_Configuration                        0x08001725   Thumb Code   168  sddriver.o(i.SPI_Configuration)
    SPI_I2S_GetFlagStatus                    0x080017d5   Thumb Code    18  stm32f10x_spi.o(i.SPI_I2S_GetFlagStatus)
    SPI_I2S_ReceiveData                      0x080017e7   Thumb Code     6  stm32f10x_spi.o(i.SPI_I2S_ReceiveData)
    SPI_I2S_SendData                         0x080017ed   Thumb Code     4  stm32f10x_spi.o(i.SPI_I2S_SendData)
    SPI_Init                                 0x080017f1   Thumb Code    60  stm32f10x_spi.o(i.SPI_Init)
    SPI_ReadWriteByte                        0x0800182d   Thumb Code    54  sddriver.o(i.SPI_ReadWriteByte)
    SPI_SetSpeed                             0x08001869   Thumb Code    84  sddriver.o(i.SPI_SetSpeed)
    SVC_Handler                              0x080018c1   Thumb Code     2  stm32f10x_it.o(i.SVC_Handler)
    SysTick_Handler                          0x080019e5   Thumb Code     2  stm32f10x_it.o(i.SysTick_Handler)
    SystemInit                               0x080019e9   Thumb Code    92  system_stm32f10x.o(i.SystemInit)
    USART_Cmd                                0x08001a55   Thumb Code    24  stm32f10x_usart.o(i.USART_Cmd)
    USART_Configuration                      0x08001a6d   Thumb Code   114  hw_config.o(i.USART_Configuration)
    USART_GetFlagStatus                      0x08001ae9   Thumb Code    26  stm32f10x_usart.o(i.USART_GetFlagStatus)
    USART_Init                               0x08001b05   Thumb Code   210  stm32f10x_usart.o(i.USART_Init)
    USART_SendData                           0x08001bdd   Thumb Code     8  stm32f10x_usart.o(i.USART_SendData)
    UsageFault_Handler                       0x08001be5   Thumb Code     4  stm32f10x_it.o(i.UsageFault_Handler)
    WriteOneHz                               0x08001be9   Thumb Code   174  107_32_driver_io16.o(i.WriteOneHz)
    __0printf$5                              0x08001c99   Thumb Code    22  printf5.o(i.__0printf$5)
    __1printf$5                              0x08001c99   Thumb Code     0  printf5.o(i.__0printf$5)
    __2printf                                0x08001c99   Thumb Code     0  printf5.o(i.__0printf$5)
    __scatterload_copy                       0x08001cb9   Thumb Code    14  handlers.o(i.__scatterload_copy)
    __scatterload_null                       0x08001cc7   Thumb Code     2  handlers.o(i.__scatterload_null)
    __scatterload_zeroinit                   0x08001cc9   Thumb Code    14  handlers.o(i.__scatterload_zeroinit)
    disk_initialize                          0x080027fb   Thumb Code    56  diskio.o(i.disk_initialize)
    disk_ioctl                               0x08002835   Thumb Code    90  diskio.o(i.disk_ioctl)
    disk_read                                0x08002895   Thumb Code    68  diskio.o(i.disk_read)
    disk_status                              0x080028d9   Thumb Code    12  diskio.o(i.disk_status)
    disk_write                               0x080028e5   Thumb Code    60  diskio.o(i.disk_write)
    f_close                                  0x08002921   Thumb Code    22  ff.o(i.f_close)
    f_lseek                                  0x08002937   Thumb Code   454  ff.o(i.f_lseek)
    f_mount                                  0x08002afd   Thumb Code    38  ff.o(i.f_mount)
    f_open                                   0x08002b29   Thumb Code   396  ff.o(i.f_open)
    f_read                                   0x08002cb5   Thumb Code   434  ff.o(i.f_read)
    f_sync                                   0x08002e67   Thumb Code   184  ff.o(i.f_sync)
    findHzIndex                              0x08002f21   Thumb Code    68  107_32_driver_io16.o(i.findHzIndex)
    fputc                                    0x0800300d   Thumb Code    32  main.o(i.fputc)
    get_fattime                              0x08003159   Thumb Code     4  diskio.o(i.get_fattime)
    main                                     0x0800315d   Thumb Code   210  main.o(i.main)
    asc2_1206                                0x0800368a   Data        1140  107_32_driver_io16.o(.constdata)
    asc2_1608                                0x08003afe   Data        1520  107_32_driver_io16.o(.constdata)
    GBHZ_16                                  0x080040ee   Data        1428  107_32_driver_io16.o(.constdata)
    gImage_fg                                0x08004682   Data       153600  107_32_driver_io16.o(.constdata)
    Region$$Table$$Base                      0x08029ee8   Number         0  anon$$obj.o(Region$$Table)
    Region$$Table$$Limit                     0x08029f08   Number         0  anon$$obj.o(Region$$Table)
    DeviceCode                               0x20000014   Data           2  107_32_driver_io16.o(.data)
    br                                       0x20000018   Data           4  107_32_driver_io16.o(.data)
    SD_Type                                  0x20000020   Data           1  sddriver.o(.data)
    __stdout                                 0x2000002c   Data           4  stdout.o(.data)
    fs                                       0x20000030   Data         560  107_32_driver_io16.o(.bss)
    fsrc                                     0x20000260   Data         548  107_32_driver_io16.o(.bss)
    __initial_sp                             0x20000888   Data           0  startup_stm32f10x_cl.o(STACK)



==============================================================================

Memory Map of the image

  Image Entry point : 0x08000151

  Load Region LR_IROM1 (Base: 0x08000000, Size: 0x00029f38, Max: 0x00040000, ABSOLUTE)

    Execution Region ER_IROM1 (Exec base: 0x08000000, Load base: 0x08000000, Size: 0x00029f08, Max: 0x00040000, ABSOLUTE)

    Exec Addr    Load Addr    Size         Type   Attr      Idx    E Section Name        Object

    0x08000000   0x08000000   0x00000150   Data   RO         1128    RESET               startup_stm32f10x_cl.o
    0x08000150   0x08000150   0x00000000   Code   RO         1744  * .ARM.Collect$$$$00000000  mc_w.l(entry.o)
    0x08000150   0x08000150   0x00000004   Code   RO         2012    .ARM.Collect$$$$00000001  mc_w.l(entry2.o)
    0x08000154   0x08000154   0x00000004   Code   RO         2015    .ARM.Collect$$$$00000004  mc_w.l(entry5.o)
    0x08000158   0x08000158   0x00000000   Code   RO         2017    .ARM.Collect$$$$00000008  mc_w.l(entry7b.o)
    0x08000158   0x08000158   0x00000000   Code   RO         2019    .ARM.Collect$$$$0000000A  mc_w.l(entry8b.o)
    0x08000158   0x08000158   0x00000008   Code   RO         2020    .ARM.Collect$$$$0000000B  mc_w.l(entry9a.o)
    0x08000160   0x08000160   0x00000004   Code   RO         2027    .ARM.Collect$$$$0000000E  mc_w.l(entry12b.o)
    0x08000164   0x08000164   0x00000000   Code   RO         2022    .ARM.Collect$$$$0000000F  mc_w.l(entry10a.o)
    0x08000164   0x08000164   0x00000000   Code   RO         2024    .ARM.Collect$$$$00000011  mc_w.l(entry11a.o)
    0x08000164   0x08000164   0x00000004   Code   RO         2013    .ARM.Collect$$$$00002712  mc_w.l(entry2.o)
    0x08000168   0x08000168   0x00000024   Code   RO         1129    .text               startup_stm32f10x_cl.o
    0x0800018c   0x0800018c   0x00000024   Code   RO         1747    .text               mc_w.l(memcpya.o)
    0x080001b0   0x080001b0   0x00000062   Code   RO         2031    .text               mc_w.l(uldiv.o)
    0x08000212   0x08000212   0x00000002   PAD
    0x08000214   0x08000214   0x00000024   Code   RO         2044    .text               mc_w.l(init.o)
    0x08000238   0x08000238   0x0000001e   Code   RO         2046    .text               mc_w.l(llshl.o)
    0x08000256   0x08000256   0x00000020   Code   RO         2048    .text               mc_w.l(llushr.o)
    0x08000276   0x08000276   0x00000004   Code   RO          132    i.BusFault_Handler  stm32f10x_it.o
    0x0800027a   0x0800027a   0x00000002   Code   RO          133    i.DebugMon_Handler  stm32f10x_it.o
    0x0800027c   0x0800027c   0x0000001a   Code   RO            1    i.Delay             main.o
    0x08000296   0x08000296   0x00000016   Code   RO         1349    i.Delay_10ms        delay.o
    0x080002ac   0x080002ac   0x000000a8   Code   RO         1168    i.Find_Chinese      107_32_driver_io16.o
    0x08000354   0x08000354   0x00000116   Code   RO          393    i.GPIO_Init         stm32f10x_gpio.o
    0x0800046a   0x0800046a   0x00000008   Code   RO          396    i.GPIO_ReadInputData  stm32f10x_gpio.o
    0x08000472   0x08000472   0x00000004   Code   RO          400    i.GPIO_ResetBits    stm32f10x_gpio.o
    0x08000476   0x08000476   0x00000004   Code   RO          401    i.GPIO_SetBits      stm32f10x_gpio.o
    0x0800047a   0x0800047a   0x00000004   Code   RO          403    i.GPIO_Write        stm32f10x_gpio.o
    0x0800047e   0x0800047e   0x0000006c   Code   RO         1169    i.GUI_Put           107_32_driver_io16.o
    0x080004ea   0x080004ea   0x00000004   Code   RO          134    i.HardFault_Handler  stm32f10x_it.o
    0x080004ee   0x080004ee   0x00000034   Code   RO         1170    i.LCD_Clear         107_32_driver_io16.o
    0x08000522   0x08000522   0x00000002   PAD
    0x08000524   0x08000524   0x00000054   Code   RO         1171    i.LCD_Configuration  107_32_driver_io16.o
    0x08000578   0x08000578   0x00000360   Code   RO         1177    i.LCD_Init          107_32_driver_io16.o
    0x080008d8   0x080008d8   0x00000088   Code   RO         1179    i.LCD_ReadReg       107_32_driver_io16.o
    0x08000960   0x08000960   0x00000048   Code   RO         1180    i.LCD_SetCursor     107_32_driver_io16.o
    0x080009a8   0x080009a8   0x000000b8   Code   RO         1181    i.LCD_ShowChar      107_32_driver_io16.o
    0x08000a60   0x08000a60   0x00000048   Code   RO         1182    i.LCD_ShowCharString  107_32_driver_io16.o
    0x08000aa8   0x08000aa8   0x00000064   Code   RO         1183    i.LCD_ShowHzString  107_32_driver_io16.o
    0x08000b0c   0x08000b0c   0x00000062   Code   RO         1184    i.LCD_ShowString    107_32_driver_io16.o
    0x08000b6e   0x08000b6e   0x00000002   PAD
    0x08000b70   0x08000b70   0x00000054   Code   RO         1185    i.LCD_WR_DATA       107_32_driver_io16.o
    0x08000bc4   0x08000bc4   0x00000054   Code   RO         1186    i.LCD_WR_REG        107_32_driver_io16.o
    0x08000c18   0x08000c18   0x00000068   Code   RO         1187    i.LCD_WindowMax     107_32_driver_io16.o
    0x08000c80   0x08000c80   0x0000000c   Code   RO         1188    i.LCD_WriteRAM      107_32_driver_io16.o
    0x08000c8c   0x08000c8c   0x0000000a   Code   RO         1189    i.LCD_WriteRAM_Prepare  107_32_driver_io16.o
    0x08000c96   0x08000c96   0x00000014   Code   RO         1190    i.LCD_WriteReg      107_32_driver_io16.o
    0x08000caa   0x08000caa   0x00000002   PAD
    0x08000cac   0x08000cac   0x0000004c   Code   RO          195    i.LED_Configuration  hw_config.o
    0x08000cf8   0x08000cf8   0x00000004   Code   RO          135    i.MemManage_Handler  stm32f10x_it.o
    0x08000cfc   0x08000cfc   0x00000002   Code   RO          136    i.NMI_Handler       stm32f10x_it.o
    0x08000cfe   0x08000cfe   0x00000002   Code   RO          137    i.PendSV_Handler    stm32f10x_it.o
    0x08000d00   0x08000d00   0x000000a0   Code   RO         1191    i.PutChinese        107_32_driver_io16.o
    0x08000da0   0x08000da0   0x00000020   Code   RO          506    i.RCC_APB2PeriphClockCmd  stm32f10x_rcc.o
    0x08000dc0   0x08000dc0   0x00000190   Code   RO          514    i.RCC_GetClocksFreq  stm32f10x_rcc.o
    0x08000f50   0x08000f50   0x00000024   Code   RO         1381    i.SD_GetCSD         sddriver.o
    0x08000f74   0x08000f74   0x000000a8   Code   RO         1382    i.SD_GetCapacity    sddriver.o
    0x0800101c   0x0800101c   0x000002f8   Code   RO         1383    i.SD_Init           sddriver.o
    0x08001314   0x08001314   0x00000078   Code   RO         1384    i.SD_ReadMultiBlock  sddriver.o
    0x0800138c   0x0800138c   0x00000044   Code   RO         1385    i.SD_ReadSingleBlock  sddriver.o
    0x080013d0   0x080013d0   0x0000007c   Code   RO         1386    i.SD_ReceiveData    sddriver.o
    0x0800144c   0x0800144c   0x00000078   Code   RO         1387    i.SD_SendCommand    sddriver.o
    0x080014c4   0x080014c4   0x00000068   Code   RO         1388    i.SD_SendCommand_NoDeassert  sddriver.o
    0x0800152c   0x0800152c   0x00000022   Code   RO         1389    i.SD_WaitReady      sddriver.o
    0x0800154e   0x0800154e   0x00000002   PAD
    0x08001550   0x08001550   0x000000ec   Code   RO         1390    i.SD_WriteMultiBlock  sddriver.o
    0x0800163c   0x0800163c   0x000000d0   Code   RO         1391    i.SD_WriteSingleBlock  sddriver.o
    0x0800170c   0x0800170c   0x00000018   Code   RO          760    i.SPI_Cmd           stm32f10x_spi.o
    0x08001724   0x08001724   0x000000b0   Code   RO         1392    i.SPI_Configuration  sddriver.o
    0x080017d4   0x080017d4   0x00000012   Code   RO          768    i.SPI_I2S_GetFlagStatus  stm32f10x_spi.o
    0x080017e6   0x080017e6   0x00000006   Code   RO          771    i.SPI_I2S_ReceiveData  stm32f10x_spi.o
    0x080017ec   0x080017ec   0x00000004   Code   RO          772    i.SPI_I2S_SendData  stm32f10x_spi.o
    0x080017f0   0x080017f0   0x0000003c   Code   RO          773    i.SPI_Init          stm32f10x_spi.o
    0x0800182c   0x0800182c   0x0000003c   Code   RO         1393    i.SPI_ReadWriteByte  sddriver.o
    0x08001868   0x08001868   0x00000058   Code   RO         1394    i.SPI_SetSpeed      sddriver.o
    0x080018c0   0x080018c0   0x00000002   Code   RO          138    i.SVC_Handler       stm32f10x_it.o
    0x080018c2   0x080018c2   0x00000008   Code   RO         1133    i.SetSysClock       system_stm32f10x.o
    0x080018ca   0x080018ca   0x00000002   PAD
    0x080018cc   0x080018cc   0x00000118   Code   RO         1134    i.SetSysClockTo72   system_stm32f10x.o
    0x080019e4   0x080019e4   0x00000002   Code   RO          139    i.SysTick_Handler   stm32f10x_it.o
    0x080019e6   0x080019e6   0x00000002   PAD
    0x080019e8   0x080019e8   0x0000006c   Code   RO         1136    i.SystemInit        system_stm32f10x.o
    0x08001a54   0x08001a54   0x00000018   Code   RO          903    i.USART_Cmd         stm32f10x_usart.o
    0x08001a6c   0x08001a6c   0x0000007c   Code   RO          196    i.USART_Configuration  hw_config.o
    0x08001ae8   0x08001ae8   0x0000001a   Code   RO          906    i.USART_GetFlagStatus  stm32f10x_usart.o
    0x08001b02   0x08001b02   0x00000002   PAD
    0x08001b04   0x08001b04   0x000000d8   Code   RO          910    i.USART_Init        stm32f10x_usart.o
    0x08001bdc   0x08001bdc   0x00000008   Code   RO          920    i.USART_SendData    stm32f10x_usart.o
    0x08001be4   0x08001be4   0x00000004   Code   RO          140    i.UsageFault_Handler  stm32f10x_it.o
    0x08001be8   0x08001be8   0x000000ae   Code   RO         1192    i.WriteOneHz        107_32_driver_io16.o
    0x08001c96   0x08001c96   0x00000002   PAD
    0x08001c98   0x08001c98   0x00000020   Code   RO         1884    i.__0printf$5       mc_w.l(printf5.o)
    0x08001cb8   0x08001cb8   0x0000000e   Code   RO         2056    i.__scatterload_copy  mc_w.l(handlers.o)
    0x08001cc6   0x08001cc6   0x00000002   Code   RO         2057    i.__scatterload_null  mc_w.l(handlers.o)
    0x08001cc8   0x08001cc8   0x0000000e   Code   RO         2058    i.__scatterload_zeroinit  mc_w.l(handlers.o)
    0x08001cd6   0x08001cd6   0x00000002   PAD
    0x08001cd8   0x08001cd8   0x000002c0   Code   RO         1891    i._printf_core      mc_w.l(printf5.o)
    0x08001f98   0x08001f98   0x000002fc   Code   RO         1519    i.auto_mount        ff.o
    0x08002294   0x08002294   0x00000070   Code   RO         1520    i.check_fs          ff.o
    0x08002304   0x08002304   0x00000014   Code   RO         1521    i.chk_chr           ff.o
    0x08002318   0x08002318   0x0000001a   Code   RO         1522    i.clust2sect        ff.o
    0x08002332   0x08002332   0x000000b6   Code   RO         1523    i.create_chain      ff.o
    0x080023e8   0x080023e8   0x00000150   Code   RO         1524    i.create_name       ff.o
    0x08002538   0x08002538   0x00000076   Code   RO         1525    i.dir_find          ff.o
    0x080025ae   0x080025ae   0x0000012e   Code   RO         1526    i.dir_next          ff.o
    0x080026dc   0x080026dc   0x00000078   Code   RO         1528    i.dir_register      ff.o
    0x08002754   0x08002754   0x000000a6   Code   RO         1530    i.dir_seek          ff.o
    0x080027fa   0x080027fa   0x00000038   Code   RO         1474    i.disk_initialize   diskio.o
    0x08002832   0x08002832   0x00000002   PAD
    0x08002834   0x08002834   0x00000060   Code   RO         1475    i.disk_ioctl        diskio.o
    0x08002894   0x08002894   0x00000044   Code   RO         1476    i.disk_read         diskio.o
    0x080028d8   0x080028d8   0x0000000c   Code   RO         1477    i.disk_status       diskio.o
    0x080028e4   0x080028e4   0x0000003c   Code   RO         1478    i.disk_write        diskio.o
    0x08002920   0x08002920   0x00000016   Code   RO         1532    i.f_close           ff.o
    0x08002936   0x08002936   0x000001c6   Code   RO         1534    i.f_lseek           ff.o
    0x08002afc   0x08002afc   0x0000002c   Code   RO         1536    i.f_mount           ff.o
    0x08002b28   0x08002b28   0x0000018c   Code   RO         1537    i.f_open            ff.o
    0x08002cb4   0x08002cb4   0x000001b2   Code   RO         1539    i.f_read            ff.o
    0x08002e66   0x08002e66   0x000000b8   Code   RO         1543    i.f_sync            ff.o
    0x08002f1e   0x08002f1e   0x00000002   PAD
    0x08002f20   0x08002f20   0x00000048   Code   RO         1193    i.findHzIndex       107_32_driver_io16.o
    0x08002f68   0x08002f68   0x000000a4   Code   RO         1548    i.follow_path       ff.o
    0x0800300c   0x0800300c   0x00000024   Code   RO            2    i.fputc             main.o
    0x08003030   0x08003030   0x00000128   Code   RO         1549    i.get_cluster       ff.o
    0x08003158   0x08003158   0x00000004   Code   RO         1479    i.get_fattime       diskio.o
    0x0800315c   0x0800315c   0x0000019c   Code   RO            3    i.main              main.o
    0x080032f8   0x080032f8   0x00000026   Code   RO         1551    i.mem_cmp           ff.o
    0x0800331e   0x0800331e   0x0000001a   Code   RO         1552    i.mem_cpy           ff.o
    0x08003338   0x08003338   0x00000014   Code   RO         1553    i.mem_set           ff.o
    0x0800334c   0x0800334c   0x00000072   Code   RO         1554    i.move_window       ff.o
    0x080033be   0x080033be   0x00000170   Code   RO         1555    i.put_cluster       ff.o
    0x0800352e   0x0800352e   0x00000068   Code   RO         1556    i.remove_chain      ff.o
    0x08003596   0x08003596   0x000000ca   Code   RO         1557    i.sync              ff.o
    0x08003660   0x08003660   0x0000002a   Code   RO         1558    i.validate          ff.o
    0x0800368a   0x0800368a   0x000267f8   Data   RO         1195    .constdata          107_32_driver_io16.o
    0x08029e82   0x08029e82   0x00000002   PAD
    0x08029e84   0x08029e84   0x00000064   Data   RO         1196    .conststring        107_32_driver_io16.o
    0x08029ee8   0x08029ee8   0x00000020   Data   RO         2054    Region$$Table       anon$$obj.o


    Execution Region RW_IRAM1 (Exec base: 0x20000000, Load base: 0x08029f08, Size: 0x00000888, Max: 0x00010000, ABSOLUTE)

    Exec Addr    Load Addr    Size         Type   Attr      Idx    E Section Name        Object

    0x20000000   0x08029f08   0x00000014   Data   RW          542    .data               stm32f10x_rcc.o
    0x20000014   0x08029f1c   0x0000000c   Data   RW         1197    .data               107_32_driver_io16.o
    0x20000020   0x08029f28   0x00000001   Data   RW         1395    .data               sddriver.o
    0x20000021   0x08029f29   0x00000003   PAD
    0x20000024   0x08029f2c   0x00000006   Data   RW         1559    .data               ff.o
    0x2000002a   0x08029f32   0x00000002   PAD
    0x2000002c   0x08029f34   0x00000004   Data   RW         2028    .data               mc_w.l(stdout.o)
    0x20000030        -       0x00000454   Zero   RW         1194    .bss                107_32_driver_io16.o
    0x20000484   0x08029f38   0x00000004   PAD
    0x20000488        -       0x00000400   Zero   RW         1126    STACK               startup_stm32f10x_cl.o


==============================================================================

Image component sizes


      Code (inc. data)   RO Data    RW Data    ZI Data      Debug   Object Name

      2658        124     157788         12       1108      17551   107_32_driver_io16.o
         0          0          0          0          0         32   core_cm3.o
        22          0          0          0          0        549   delay.o
       296          6          0          0          0       5404   diskio.o
      5054         54          0          6          0      22241   ff.o
       200         16          0          0          0       1250   hw_config.o
       474        206          0          0          0     266979   main.o
      2302        294          0          1          0      11833   sddriver.o
        36          8        336          0       1024        908   startup_stm32f10x_cl.o
       298          0          0          0          0       4774   stm32f10x_gpio.o
        26          0          0          0          0       4442   stm32f10x_it.o
       432         32          0         20          0       5093   stm32f10x_rcc.o
       112          0          0          0          0       4506   stm32f10x_spi.o
       274          6          0          0          0       4576   stm32f10x_usart.o
       396         32          0          0          0       2349   system_stm32f10x.o

    ----------------------------------------------------------------------
     12600        778     158158         44       2136     352487   Object Totals
         0          0         32          0          0          0   (incl. Generated)
        20          0          2          5          4          0   (incl. Padding)

    ----------------------------------------------------------------------

      Code (inc. data)   RO Data    RW Data    ZI Data      Debug   Library Member Name

         0          0          0          0          0          0   entry.o
         0          0          0          0          0          0   entry10a.o
         0          0          0          0          0          0   entry11a.o
         4          0          0          0          0          0   entry12b.o
         8          4          0          0          0          0   entry2.o
         4          0          0          0          0          0   entry5.o
         0          0          0          0          0          0   entry7b.o
         0          0          0          0          0          0   entry8b.o
         8          4          0          0          0          0   entry9a.o
        30          0          0          0          0          0   handlers.o
        36          8          0          0          0         68   init.o
        30          0          0          0          0         68   llshl.o
        32          0          0          0          0         68   llushr.o
        36          0          0          0          0         68   memcpya.o
       736         54          0          0          0        184   printf5.o
         0          0          0          4          0          0   stdout.o
        98          0          0          0          0         92   uldiv.o

    ----------------------------------------------------------------------
      1026         70          0          4          0        548   Library Totals
         4          0          0          0          0          0   (incl. Padding)

    ----------------------------------------------------------------------

      Code (inc. data)   RO Data    RW Data    ZI Data      Debug   Library Name

      1022         70          0          4          0        548   mc_w.l

    ----------------------------------------------------------------------
      1026         70          0          4          0        548   Library Totals

    ----------------------------------------------------------------------

==============================================================================


      Code (inc. data)   RO Data    RW Data    ZI Data      Debug   

     13626        848     158158         48       2136     347987   Grand Totals
     13626        848     158158         48       2136     347987   ELF Image Totals
     13626        848     158158         48          0          0   ROM Totals

==============================================================================

    Total RO  Size (Code + RO Data)               171784 ( 167.76kB)
    Total RW  Size (RW Data + ZI Data)              2184 (   2.13kB)
    Total ROM Size (Code + RO Data + RW Data)     171832 ( 167.80kB)

==============================================================================

