<html>
<body>
<pre>
<h1>礦ision Build Log</h1>
<h2>Tool Versions:</h2>
IDE-Version: μVision V5.38.0.0
Copyright (C) 2022 ARM Ltd and ARM Germany GmbH. All rights reserved.
License Information: adsfasdf asdf, asdfasfd, LIC=GMZI6-DTNU1-VE9HA-16EGD-ELB28-C7CFM
 
Tool Versions:
Toolchain:       MDK-ARM Plus  Version: 5.38.0.0
Toolchain Path:  C:\Keil_v5\ARM\ARMCC\Bin
C Compiler:      Armcc.exe V5.06 update 7 (build 960)
Assembler:       Armasm.exe V5.06 update 7 (build 960)
Linker/Locator:  ArmLink.exe V5.06 update 7 (build 960)
Library Manager: ArmAr.exe V5.06 update 7 (build 960)
Hex Converter:   FromElf.exe V5.06 update 7 (build 960)
CPU DLL:         SARMCM3.DLL V5.38.0.0
Dialog DLL:      DCM.DLL V1.17.5.0
Target DLL:      Segger\JL2CM3.dll V2.99.42.0
Dialog DLL:      TCM.DLL V1.56.4.0
 
<h2>Project:</h2>
C:\Users\59479\Desktop\Embedded_System\final\STM32F407ZGT6_mp3desuka\【07】金龙板_HZK16(SD)(3.2寸)(板上)\Project\Project.uvprojx
Project File Date:  06/14/2024

<h2>Output:</h2>
*** Using Compiler 'V5.06 update 7 (build 960)', folder: 'C:\Keil_v5\ARM\ARMCC\Bin'
Build target 'HZK16'
assembling startup_stm32f10x_cl.s...
compiling core_cm3.c...
compiling main.c...
compiling stm32f10x_usart.c...
compiling stm32f10x_spi.c...
compiling stm32f10x_it.c...
compiling 107_32_Driver_IO16.c...
compiling hw_config.c...
compiling stm32f10x_gpio.c...
compiling misc.c...
compiling system_stm32f10x.c...
compiling stm32f10x_rcc.c...
compiling stm32f10x_flash.c...
compiling delay.c...
compiling sddriver.c...
..\User\SD\sddriver.c(213): warning:  #223-D: function "printf" declared implicitly
  		printf("\r\n 超时返回  \r\n");
..\User\SD\sddriver.c(216): warning:  #223-D: function "printf" declared implicitly
  	printf("\r\n SD卡已复位到idle \r\n", temp);
..\User\SD\sddriver.c: 2 warnings, 0 errors
compiling ff.c...
..\Fatfs\ff.c(783): warning:  #550-D: variable "lfen"  was set but never used
  	BYTE a, c, lfen, ord, sum, *dir;
..\Fatfs\ff.c(783): warning:  #550-D: variable "ord"  was set but never used
  	BYTE a, c, lfen, ord, sum, *dir;
..\Fatfs\ff.c(783): warning:  #550-D: variable "sum"  was set but never used
  	BYTE a, c, lfen, ord, sum, *dir;
..\Fatfs\ff.c(846): warning:  #550-D: variable "ord"  was set but never used
  	BYTE a, c, ord, sum, *dir;
..\Fatfs\ff.c(846): warning:  #550-D: variable "sum"  was set but never used
  	BYTE a, c, ord, sum, *dir;
..\Fatfs\ff.c: 5 warnings, 0 errors
compiling diskio.c...
linking...
Program Size: Code=13626 RO-data=158158 RW-data=48 ZI-data=2136  
FromELF: creating hex file...
".\Outputs\HZK16.axf" - 0 Error(s), 7 Warning(s).

<h2>Software Packages used:</h2>

Package Vendor: ARM
                http://www.keil.com/pack/ARM.CMSIS.5.9.0.pack
                ARM.CMSIS.5.9.0
                CMSIS (Common Microcontroller Software Interface Standard)
   * Component: CORE Version: 5.6.0

Package Vendor: Keil
                https://www.keil.com/pack/Keil.STM32F1xx_DFP.2.4.1.pack
                Keil.STM32F1xx_DFP.2.4.1
                STMicroelectronics STM32F1 Series Device Support, Drivers and Examples

<h2>Collection of Component include folders:</h2>
  ./RTE/_HZK16
  C:/Users/59479/AppData/Local/Arm/Packs/ARM/CMSIS/5.9.0/CMSIS/Core/Include
  C:/Users/59479/AppData/Local/Arm/Packs/Keil/STM32F1xx_DFP/2.4.1/Device/Include

<h2>Collection of Component Files used:</h2>

   * Component: ARM::CMSIS:CORE:5.6.0
Build Time Elapsed:  00:00:01
</pre>
</body>
</html>
